# 拍级归因（ver0_1/encap）  target=//test_hybrid_kem_otbn_prompt_ver0_1/otbn/mlkem768:mlkem768_encap
# 工具 test_perf/tools/diag/stall_profile.py md5=5f0a550f6f6ea3ff8db9f3c34c6ff728

基准（JSON 实测）：insn 558,624 + stalls 49,537 = 608,161 拍
本循环：            insn 558,624 + stalls 49,537 = 608,161 拍
自证：一致 → ✓（拍级归因可用）

## 每符号拍数（退役 + 停滞），按拍数降序

| 符号 | 退役 | 停滞 | 拍 | 占 app | 热点 PC |
|---|---:|---:|---:|---:|---:|
| `keccakf` | 192,764 | 1,804 | 194,568 | 31.99% | 0x41fc |
| `_shake_out_skip` | 109,536 | 15,630 | 125,166 | 20.58% | 0x3e70 |
| `sha3_update` | 34,101 | 5,473 | 39,574 | 6.51% | 0x3cfc |
| `basemul_acc` | 36,560 | 672 | 37,232 | 6.12% | 0xaec |
| `intt` | 33,688 | 1,396 | 35,084 | 5.77% | 0x12d0 |
| `_poly_uniform_inner_loop` | 23,049 | 5,173 | 28,222 | 4.64% | 0x370c |
| `shake_out` | 21,878 | 5,741 | 27,619 | 4.54% | 0x3e4c |
| `ntt` | 23,352 | 1,047 | 24,399 | 4.01% | 0x2a58 |
| `basemul` | 18,144 | 272 | 18,416 | 3.03% | 0x5ec |
| `cbd2` | 11,585 | 168 | 11,753 | 1.93% | 0xfcc |
| `_rej_sample_loop` | 8,574 | 2,598 | 11,172 | 1.84% | 0x3330 |
| `(无符号区间)` | 6,197 | 2,057 | 8,254 | 1.36% | 0xa4 |
| `poly_reduce` | 7,424 | 140 | 7,564 | 1.24% | 0x3188 |
| `poly_add` | 6,750 | 245 | 6,995 | 1.15% | 0x30f8 |
| `_skip_store2` | 4,596 | 1,401 | 5,997 | 0.99% | 0x35d4 |
| `_skip_store1` | 3,082 | 2,683 | 5,765 | 0.95% | 0x3734 |
| `polyvec_compress_16` | 5,472 | 48 | 5,520 | 0.91% | 0x3a9c |
| `_sha3_update_skip` | 1,785 | 1,777 | 3,562 | 0.59% | 0x3d44 |
| `polyvec_compress` | 1,761 | 127 | 1,888 | 0.31% | 0x39ac |
| `poly_frombytes` | 1,770 | 87 | 1,857 | 0.31% | 0x383c |
| `poly_compress` | 1,374 | 21 | 1,395 | 0.23% | 0x3954 |
| `poly_frommsg` | 1,334 | 19 | 1,353 | 0.22% | 0x2db4 |
| `_aligned` | 585 | 117 | 702 | 0.12% | 0x324c |
| `poly_getnoise_eta_2` | 404 | 100 | 504 | 0.08% | 0x3054 |
| `shake_xof` | 400 | 96 | 496 | 0.08% | 0x3dd0 |
| `_skip_store4a` | 393 | 89 | 482 | 0.08% | 0x36a8 |
| `_skip_store2a` | 372 | 81 | 453 | 0.07% | 0x3524 |
| `sha3_init` | 324 | 126 | 450 | 0.07% | 0x3cb4 |
| `poly_getnoise_eta_1` | 303 | 75 | 378 | 0.06% | 0x2efc |
| `_shake_out_skip_loop` | 326 | 0 | 326 | 0.05% | 0x3eb8 |
| `indcpa_enc` | 262 | 61 | 323 | 0.05% | 0xe0 |
| `_skip_store4` | 124 | 124 | 248 | 0.04% | 0x36d8 |
| `sha3_final` | 152 | 38 | 190 | 0.03% | 0x3dbc |
| `_sha3_update_skip_loop` | 68 | 0 | 68 | 0.01% | 0x3d48 |
| `_end_rej_sample_loop` | 45 | 18 | 63 | 0.01% | 0x36e4 |
| `crypto_kem_enc` | 49 | 13 | 62 | 0.01% | 0x4a8 |
| `poly_gen_matrix` | 18 | 9 | 27 | 0.00% | 0x31ac |
| `unpack_pk` | 14 | 6 | 20 | 0.00% | 0x38e8 |
| `pack_ciphertext` | 9 | 5 | 14 | 0.00% | 0x3abc |

## 热点 PC（Top 12）—— 匿名区会在这里露出 sw/addi/bne 三连

| PC | 符号 | 退役 | 停滞 | 拍 |
|---|---|---:|---:|---:|
| `0x3e4c` | `shake_out` | 5,216 | 5,216 | 10,432 |
| `0x3e70` | `_shake_out_skip` | 5,216 | 5,216 | 10,432 |
| `0x3e90` | `_shake_out_skip` | 5,216 | 5,216 | 10,432 |
| `0x3e64` | `_shake_out_skip` | 5,216 | 5,198 | 10,414 |
| `0x370c` | `_poly_uniform_inner_loop` | 2,620 | 2,620 | 5,240 |
| `0x3734` | `_skip_store1` | 2,680 | 2,549 | 5,229 |
| `0x3e50` | `shake_out` | 5,216 | 0 | 5,216 |
| `0x3e54` | `shake_out` | 5,216 | 0 | 5,216 |
| `0x3e58` | `shake_out` | 5,216 | 0 | 5,216 |
| `0x3e68` | `_shake_out_skip` | 5,216 | 0 | 5,216 |
| `0x3e6c` | `_shake_out_skip` | 5,216 | 0 | 5,216 |
| `0x3e74` | `_shake_out_skip` | 5,216 | 0 | 5,216 |

## 残差拆分（整 app − Σ阶段；按 PC 摊到部件，全部实测）

整 app 608,161 拍 − Σ阶段 599,628 拍 = 残差 **8,533 拍**（1.403%）

| 部件 | 拍 | 占残差 | 说明 |
|---|---:|---:|---|
| 匿名区（无符号，如 wrapper 清零循环） | 8,254 | 96.7% | PC 级实测 |
| 框架容器（crypto_kem_*/indcpa_* 及其内层标签） | 385 | 4.5% | PC 级实测 |
| 其它（= 残差 − 上两项；含 Σ 行 Δ 的前导冗余，故可能为负） | -106 | -1.2% | 减法 |
| **合计** | **8,533** | 100.0% | 恒等 |

| 两个实测部件的热点 PC | PC | 拍 |
|---|---:|---:|
| 匿名区 `(无符号区间)` | `0xa4` | 4,095 |
| 匿名区 `(无符号区间)` | `0xa8` | 2,048 |
| 匿名区 `(无符号区间)` | `0xac` | 2,048 |
| 匿名区 `(无符号区间)` | `0x0` | 8 |
| 匿名区 `(无符号区间)` | `0x8c` | 2 |
| 匿名区 `(无符号区间)` | `0xb0` | 2 |
| 框架容器 `indcpa_enc` | `0xe0` | 8 |
| 框架容器 `indcpa_enc` | `0x148` | 6 |
| 框架容器 `indcpa_enc` | `0x448` | 6 |
| 框架容器 `indcpa_enc` | `0xfc` | 3 |
| 框架容器 `indcpa_enc` | `0x13c` | 3 |
| 框架容器 `indcpa_enc` | `0x140` | 3 |

