# 拍级归因（ver0_1/keygen）  target=//test_hybrid_kem_otbn_prompt_ver0_1/otbn/mlkem768:mlkem768_keypair
# 工具 test_perf/tools/diag/stall_profile.py md5=5f0a550f6f6ea3ff8db9f3c34c6ff728

基准（JSON 实测）：insn 511,152 + stalls 47,869 = 559,021 拍
本循环：            insn 511,152 + stalls 47,869 = 559,021 拍
自证：一致 → ✓（拍级归因可用）

## 每符号拍数（退役 + 停滞），按拍数降序

| 符号 | 退役 | 停滞 | 拍 | 占 app | 热点 PC |
|---|---:|---:|---:|---:|---:|
| `keccakf` | 188,383 | 1,763 | 190,146 | 34.01% | 0x3d9c |
| `_shake_out_skip` | 106,848 | 15,246 | 122,094 | 21.84% | 0x3a10 |
| `ntt` | 46,704 | 2,094 | 48,798 | 8.73% | 0x2974 |
| `sha3_update` | 32,880 | 5,278 | 38,158 | 6.83% | 0x389c |
| `_poly_uniform_inner_loop` | 23,049 | 5,173 | 28,222 | 5.05% | 0x3628 |
| `basemul_acc` | 27,420 | 504 | 27,924 | 5.00% | 0xa08 |
| `shake_out` | 21,342 | 5,601 | 26,943 | 4.82% | 0x39ec |
| `basemul` | 13,608 | 204 | 13,812 | 2.47% | 0x508 |
| `_rej_sample_loop` | 8,574 | 2,598 | 11,172 | 2.00% | 0x324c |
| `cbd2` | 9,930 | 144 | 10,074 | 1.80% | 0xee8 |
| `(无符号区间)` | 6,195 | 2,057 | 8,252 | 1.48% | 0xa4 |
| `_skip_store2` | 4,596 | 1,401 | 5,997 | 1.07% | 0x34f0 |
| `_skip_store1` | 3,082 | 2,683 | 5,765 | 1.03% | 0x3650 |
| `poly_reduce` | 5,568 | 105 | 5,673 | 1.01% | 0x30a4 |
| `poly_add` | 4,050 | 147 | 4,197 | 0.75% | 0x3014 |
| `poly_tobytes` | 3,492 | 174 | 3,666 | 0.66% | 0x3678 |
| `_sha3_update_skip` | 1,721 | 1,713 | 3,434 | 0.61% | 0x38e4 |
| `poly_getnoise_eta_1` | 606 | 150 | 756 | 0.14% | 0x2e18 |
| `_aligned` | 585 | 117 | 702 | 0.13% | 0x3168 |
| `_skip_store4a` | 393 | 89 | 482 | 0.09% | 0x35c4 |
| `shake_xof` | 375 | 90 | 465 | 0.08% | 0x3970 |
| `_skip_store2a` | 372 | 81 | 453 | 0.08% | 0x3440 |
| `sha3_init` | 306 | 119 | 425 | 0.08% | 0x3854 |
| `_shake_out_skip_loop` | 318 | 0 | 318 | 0.06% | 0x3a58 |
| `indcpa_keypair` | 218 | 52 | 270 | 0.05% | 0xd8 |
| `_skip_store4` | 124 | 124 | 248 | 0.04% | 0x35f4 |
| `crypto_kem_keypair` | 110 | 87 | 197 | 0.04% | 0x418 |
| `sha3_final` | 152 | 38 | 190 | 0.03% | 0x395c |
| `_sha3_update_skip_loop` | 66 | 0 | 66 | 0.01% | 0x38e8 |
| `_end_rej_sample_loop` | 45 | 18 | 63 | 0.01% | 0x3600 |
| `poly_gen_matrix` | 18 | 9 | 27 | 0.00% | 0x30c8 |
| `pack_pk` | 12 | 6 | 18 | 0.00% | 0x3710 |
| `pack_sk` | 10 | 4 | 14 | 0.00% | 0x371c |

## 热点 PC（Top 12）—— 匿名区会在这里露出 sw/addi/bne 三连

| PC | 符号 | 退役 | 停滞 | 拍 |
|---|---|---:|---:|---:|
| `0x39ec` | `shake_out` | 5,088 | 5,088 | 10,176 |
| `0x3a10` | `_shake_out_skip` | 5,088 | 5,088 | 10,176 |
| `0x3a30` | `_shake_out_skip` | 5,088 | 5,088 | 10,176 |
| `0x3a04` | `_shake_out_skip` | 5,088 | 5,070 | 10,158 |
| `0x3628` | `_poly_uniform_inner_loop` | 2,620 | 2,620 | 5,240 |
| `0x3650` | `_skip_store1` | 2,680 | 2,549 | 5,229 |
| `0x39f0` | `shake_out` | 5,088 | 0 | 5,088 |
| `0x39f4` | `shake_out` | 5,088 | 0 | 5,088 |
| `0x39f8` | `shake_out` | 5,088 | 0 | 5,088 |
| `0x3a08` | `_shake_out_skip` | 5,088 | 0 | 5,088 |
| `0x3a0c` | `_shake_out_skip` | 5,088 | 0 | 5,088 |
| `0x3a14` | `_shake_out_skip` | 5,088 | 0 | 5,088 |

## 残差拆分（整 app − Σ阶段；按 PC 摊到部件，全部实测）

整 app 559,021 拍 − Σ阶段 550,392 拍 = 残差 **8,629 拍**（1.544%）

| 部件 | 拍 | 占残差 | 说明 |
|---|---:|---:|---|
| 匿名区（无符号，如 wrapper 清零循环） | 8,252 | 95.6% | PC 级实测 |
| 框架容器（crypto_kem_*/indcpa_* 及其内层标签） | 467 | 5.4% | PC 级实测 |
| 其它（= 残差 − 上两项；含 Σ 行 Δ 的前导冗余，故可能为负） | -90 | -1.0% | 减法 |
| **合计** | **8,629** | 100.0% | 恒等 |

| 两个实测部件的热点 PC | PC | 拍 |
|---|---:|---:|
| 匿名区 `(无符号区间)` | `0xa4` | 4,095 |
| 匿名区 `(无符号区间)` | `0xa8` | 2,048 |
| 匿名区 `(无符号区间)` | `0xac` | 2,048 |
| 匿名区 `(无符号区间)` | `0x0` | 8 |
| 匿名区 `(无符号区间)` | `0x8c` | 2 |
| 匿名区 `(无符号区间)` | `0xb0` | 2 |
| 框架容器 `crypto_kem_keypair` | `0x418` | 74 |
| 框架容器 `crypto_kem_keypair` | `0x41c` | 74 |
| 框架容器 `indcpa_keypair` | `0xd8` | 8 |
| 框架容器 `indcpa_keypair` | `0x164` | 6 |
| 框架容器 `indcpa_keypair` | `0x374` | 6 |
| 框架容器 `indcpa_keypair` | `0x154` | 3 |

