# 拍级归因（ver0_1/decap）  target=//test_hybrid_kem_otbn_prompt_ver0_1/otbn/mlkem768:mlkem768_decap
# 工具 test_perf/tools/diag/stall_profile.py md5=5f0a550f6f6ea3ff8db9f3c34c6ff728

基准（JSON 实测）：insn 617,113 + stalls 51,563 = 668,676 拍
本循环：            insn 617,113 + stalls 51,563 = 668,676 拍
自证：一致 → ✓（拍级归因可用）

## 每符号拍数（退役 + 停滞），按拍数降序

| 符号 | 退役 | 停滞 | 拍 | 占 app | 热点 PC |
|---|---:|---:|---:|---:|---:|
| `keccakf` | 192,764 | 1,804 | 194,568 | 29.10% | 0x4494 |
| `_shake_out_skip` | 110,208 | 15,726 | 125,934 | 18.83% | 0x4108 |
| `ntt` | 46,704 | 2,094 | 48,798 | 7.30% | 0x2cf0 |
| `basemul_acc` | 45,700 | 840 | 46,540 | 6.96% | 0xd84 |
| `intt` | 42,110 | 1,745 | 43,855 | 6.56% | 0x1568 |
| `sha3_update` | 32,890 | 5,284 | 38,174 | 5.71% | 0x3f94 |
| `_poly_uniform_inner_loop` | 23,049 | 5,173 | 28,222 | 4.22% | 0x39a4 |
| `shake_out` | 22,012 | 5,776 | 27,788 | 4.16% | 0x40e4 |
| `basemul` | 22,680 | 340 | 23,020 | 3.44% | 0x884 |
| `cbd2` | 11,585 | 168 | 11,753 | 1.76% | 0x1264 |
| `_rej_sample_loop` | 8,574 | 2,598 | 11,172 | 1.67% | 0x35c8 |
| `poly_reduce` | 9,280 | 175 | 9,455 | 1.41% | 0x3420 |
| `(无符号区间)` | 6,195 | 2,057 | 8,252 | 1.23% | 0xa4 |
| `poly_add` | 6,750 | 245 | 6,995 | 1.05% | 0x3390 |
| `_skip_store2` | 4,596 | 1,401 | 5,997 | 0.90% | 0x386c |
| `_skip_store1` | 3,082 | 2,683 | 5,765 | 0.86% | 0x39cc |
| `polyvec_compress_16` | 5,472 | 48 | 5,520 | 0.83% | 0x3d34 |
| `polyvec_decompress_16` | 4,704 | 48 | 4,752 | 0.71% | 0x3efc |
| `poly_frombytes` | 3,540 | 174 | 3,714 | 0.56% | 0x3ad4 |
| `_sha3_update_skip` | 1,721 | 1,713 | 3,434 | 0.51% | 0x3fdc |
| `polyvec_decompress` | 1,762 | 127 | 1,889 | 0.28% | 0x3de8 |
| `polyvec_compress` | 1,761 | 127 | 1,888 | 0.28% | 0x3c44 |
| `poly_decompress` | 1,584 | 21 | 1,605 | 0.24% | 0x3d90 |
| `poly_compress` | 1,374 | 21 | 1,395 | 0.21% | 0x3bec |
| `poly_tomsg` | 1,371 | 20 | 1,391 | 0.21% | 0x30a0 |
| `poly_frommsg` | 1,334 | 19 | 1,353 | 0.20% | 0x304c |
| `_aligned` | 585 | 117 | 702 | 0.10% | 0x34e4 |
| `shake_xof` | 425 | 102 | 527 | 0.08% | 0x4068 |
| `poly_getnoise_eta_2` | 404 | 100 | 504 | 0.08% | 0x32ec |
| `_skip_store4a` | 393 | 89 | 482 | 0.07% | 0x3940 |
| `_skip_store2a` | 372 | 81 | 453 | 0.07% | 0x37bc |
| `sha3_init` | 324 | 126 | 450 | 0.07% | 0x3f4c |
| `crypto_kem_dec` | 323 | 120 | 443 | 0.07% | 0x330 |
| `poly_getnoise_eta_1` | 303 | 75 | 378 | 0.06% | 0x3194 |
| `_shake_out_skip_loop` | 328 | 0 | 328 | 0.05% | 0x4150 |
| `indcpa_enc` | 262 | 55 | 317 | 0.05% | 0x3e0 |
| `_skip_store4` | 124 | 124 | 248 | 0.04% | 0x3970 |
| `poly_sub` | 87 | 50 | 137 | 0.02% | 0x33c4 |
| `sha3_final` | 92 | 23 | 115 | 0.02% | 0x4054 |
| `indcpa_dec` | 64 | 20 | 84 | 0.01% | 0xd8 |
| `_sha3_update_skip_loop` | 70 | 0 | 70 | 0.01% | 0x3fe0 |
| `_end_rej_sample_loop` | 45 | 18 | 63 | 0.01% | 0x397c |
| `_skip_verify` | 45 | 4 | 49 | 0.01% | 0x348 |
| `poly_gen_matrix` | 18 | 9 | 27 | 0.00% | 0x3444 |
| `unpack_sk` | 14 | 6 | 20 | 0.00% | 0x3bb8 |
| `unpack_pk` | 14 | 6 | 20 | 0.00% | 0x3b80 |
| `unpack_ciphertext` | 10 | 6 | 16 | 0.00% | 0x3f18 |
| `pack_ciphertext` | 9 | 5 | 14 | 0.00% | 0x3d54 |

## 热点 PC（Top 12）—— 匿名区会在这里露出 sw/addi/bne 三连

| PC | 符号 | 退役 | 停滞 | 拍 |
|---|---|---:|---:|---:|
| `0x40e4` | `shake_out` | 5,248 | 5,248 | 10,496 |
| `0x4108` | `_shake_out_skip` | 5,248 | 5,248 | 10,496 |
| `0x4128` | `_shake_out_skip` | 5,248 | 5,248 | 10,496 |
| `0x40fc` | `_shake_out_skip` | 5,248 | 5,230 | 10,478 |
| `0x40e8` | `shake_out` | 5,248 | 0 | 5,248 |
| `0x40ec` | `shake_out` | 5,248 | 0 | 5,248 |
| `0x40f0` | `shake_out` | 5,248 | 0 | 5,248 |
| `0x4100` | `_shake_out_skip` | 5,248 | 0 | 5,248 |
| `0x4104` | `_shake_out_skip` | 5,248 | 0 | 5,248 |
| `0x410c` | `_shake_out_skip` | 5,248 | 0 | 5,248 |
| `0x4110` | `_shake_out_skip` | 5,248 | 0 | 5,248 |
| `0x4114` | `_shake_out_skip` | 5,248 | 0 | 5,248 |

## 残差拆分（整 app − Σ阶段；按 PC 摊到部件，全部实测）

整 app 668,676 拍 − Σ阶段 660,062 拍 = 残差 **8,614 拍**（1.288%）

| 部件 | 拍 | 占残差 | 说明 |
|---|---:|---:|---|
| 匿名区（无符号，如 wrapper 清零循环） | 8,252 | 95.8% | PC 级实测 |
| 框架容器（crypto_kem_*/indcpa_* 及其内层标签） | 844 | 9.8% | PC 级实测 |
| 其它（= 残差 − 上两项；含 Σ 行 Δ 的前导冗余，故可能为负） | -482 | -5.6% | 减法 |
| **合计** | **8,614** | 100.0% | 恒等 |

| 两个实测部件的热点 PC | PC | 拍 |
|---|---:|---:|
| 匿名区 `(无符号区间)` | `0xa4` | 4,095 |
| 匿名区 `(无符号区间)` | `0xa8` | 2,048 |
| 匿名区 `(无符号区间)` | `0xac` | 2,048 |
| 匿名区 `(无符号区间)` | `0x0` | 8 |
| 匿名区 `(无符号区间)` | `0x8c` | 2 |
| 匿名区 `(无符号区间)` | `0xb0` | 2 |
| 框架容器 `crypto_kem_dec` | `0x330` | 102 |
| 框架容器 `crypto_kem_dec` | `0x334` | 68 |
| 框架容器 `crypto_kem_dec` | `0x32c` | 34 |
| 框架容器 `crypto_kem_dec` | `0x338` | 34 |
| 框架容器 `crypto_kem_dec` | `0x33c` | 34 |
| 框架容器 `crypto_kem_dec` | `0x340` | 34 |

