# 时序报告（L1 + Step 5 预译码（fold 单独作顶层，TIMING_RUN=1））

> 数据源：`/home/chy/new_pqc/opentitan/hw/ip/otbn/pre_syn/syn_out/otbn_p256_fold_2026_09_30_18_47_02/reports/timing/*.csv.rpt`（OpenSTA 经 yosys pre_syn 流；本工具直接读原始报告，绕开坏掉的 vendored 名字翻译器）。每条 = `起点,终点,slack(ns)`；**负 = 违例**。
>
> 归属列来自 `ys_translated_names`：1047 组 `_NNNNN_` ↔ 原名（按**相邻行**配对，其中 0 组走上一行回退）。

- **overall**：1000 条，最差 slack **-3.4113 ns**（`_13360_` → `_12510_`）
- **reg2reg**：1000 条，最差 slack **-3.4113 ns**（`_13360_` → `_12510_`）
- **reg2out**：1000 条，最差 slack **5.3280 ns**（`_13356_` → `cycle_o[4]`）
- **in2reg**：1000 条，最差 slack **5.1085 ns**（`wipe_i` → `_12525_`）
- **in2out**：文件存在但 **0 行**（该组没有路径 / 格式对不上）

> ⚠ **这些 csv 已被 vendored 翻译器覆盖**（overall, reg2reg, reg2out, in2reg, in2out）：`translate_timing_csv.py` 会**原地重写**同一个文件、加表头 `Start Point, End Point, WNS (ns)`、并用 `generated_cell_re` **剥掉 pin 名** ⇒ 只剩裸单元名。它自称的「翻译」在本设计上不生效（`build_translated_names_dict` 把字典建成 `{原名: _NNNN_}`，而查表用 `_NNNN_`，永不命中）；净效果 = 丢 pin + 加表头。**归属用 `--names` 自己算**。

## 最差 12 条路径（overall 组）

| # | 起点 | 起点归属 | 终点 | 终点归属 | slack (ns) |
|---:|---|---|---|---|---:|
| 1 | `_13360_` | `u_blank_f.en_i` | `_12510_` | `f_o` | **-3.4113** |
| 2 | `_13360_` | `u_blank_f.en_i` | `_12512_` | `f_o` | **-3.4113** |
| 3 | `_13360_` | `u_blank_f.en_i` | `_12513_` | `f_o` | **-3.4113** |
| 4 | `_13360_` | `u_blank_f.en_i` | `_12329_` | `f_o` | **-3.4016** |
| 5 | `_13360_` | `u_blank_f.en_i` | `_12330_` | `f_o` | **-3.4016** |
| 6 | `_13360_` | `u_blank_f.en_i` | `_12332_` | `f_o` | **-3.4016** |
| 7 | `_13360_` | `u_blank_f.en_i` | `_12333_` | `f_o` | **-3.4016** |
| 8 | `_13360_` | `u_blank_f.en_i` | `_12334_` | `f_o` | **-3.4016** |
| 9 | `_13360_` | `u_blank_f.en_i` | `_12335_` | `f_o` | **-3.4016** |
| 10 | `_13360_` | `u_blank_f.en_i` | `_12336_` | `f_o` | **-3.4016** |
| 11 | `_13360_` | `u_blank_f.en_i` | `_12337_` | `f_o` | **-3.4016** |
| 12 | `_13360_` | `u_blank_f.en_i` | `_12339_` | `f_o` | **-3.4016** |

## 各组的 slack 范围

| 组 | 条数 | 最差 | 最好 |
|---|---:|---:|---:|
| overall | 1000 | -3.4113 | 5.2949 |
| reg2reg | 1000 | -3.4113 | 7.4771 |
| reg2out | 1000 | 5.3280 | 5.4778 |
| in2reg | 1000 | 5.1085 | 5.2949 |
| in2out | 0 | — | — |

## 前 1000 条路径的端点归属（top 12）

**起点归属**

| 归属名 | 条数 |
|---|---:|
| `（未在映射中）` | 740 |
| `u_blank_f.en_i` | 260 |

**终点归属**

| 归属名 | 条数 |
|---|---:|
| `f_o` | 260 |
| `h_o` | 249 |
| `wd_o` | 229 |
| `acc130_o` | 130 |
| `ll_o` | 125 |
| `k_o` | 4 |
| `pd_q` | 3 |

