INFO: Mapped lowrisc:prim:ram_1p:0 to lowrisc:prim_generic:ram_1p:0.
INFO: Mapped lowrisc:prim:clock_div:0 to lowrisc:prim_generic:clock_div:0.
INFO: Mapped lowrisc:virtual_prim_tech:all:0 to lowrisc:prim_generic:all:0.
INFO: Mapped lowrisc:prim:buf:0 to lowrisc:prim_generic:buf:0.
INFO: Mapped lowrisc:prim:clock_buf:0 to lowrisc:prim_generic:clock_buf:0.
INFO: Mapped lowrisc:prim:clock_div:0 to lowrisc:prim_generic:clock_div:0.
INFO: Mapped lowrisc:prim:clock_gating:0 to lowrisc:prim_generic:clock_gating:0.
INFO: Mapped lowrisc:prim:clock_gating:0 to lowrisc:prim_generic:clock_gating:0.
INFO: Mapped lowrisc:prim:clock_mux2:0 to lowrisc:prim_generic:clock_mux2:0.
INFO: Mapped lowrisc:prim:clock_buf:0 to lowrisc:prim_generic:clock_buf:0.
INFO: Mapped lowrisc:prim:clock_buf:0 to lowrisc:prim_generic:clock_buf:0.
INFO: Mapped lowrisc:prim:buf:0 to lowrisc:prim_generic:buf:0.
INFO: Mapped lowrisc:prim:and2:0 to lowrisc:prim_generic:and2:0.
INFO: Mapped lowrisc:prim:pad_attr:0 to lowrisc:prim_generic:pad_attr:0.
INFO: Mapped lowrisc:prim:ram_1p:0 to lowrisc:prim_generic:ram_1p:0.
INFO: Mapped lowrisc:prim:buf:0 to lowrisc:prim_generic:buf:0.
INFO: Mapped lowrisc:prim:flop:0 to lowrisc:prim_generic:flop:0.
INFO: Mapped lowrisc:prim:prim_pkg:0 to lowrisc:prim_generic:prim_pkg:0.
INFO: Mapped lowrisc:prim:buf:0 to lowrisc:prim_generic:buf:0.
INFO: Mapped lowrisc:prim:flop_2sync:0 to lowrisc:prim_generic:flop_2sync:0.
INFO: Mapped lowrisc:prim:clock_buf:0 to lowrisc:prim_generic:clock_buf:0.
INFO: Mapped lowrisc:prim:ram_1p_pkg:0 to lowrisc:prim_generic:ram_1p_pkg:0.
INFO: Mapped lowrisc:prim:ram_1r1w_pkg:0 to lowrisc:prim_generic:ram_1r1w_pkg:0.
INFO: Mapped lowrisc:prim:rom_pkg:0 to lowrisc:prim_generic:rom_pkg:0.
INFO: Mapped lowrisc:prim:clock_buf:0 to lowrisc:prim_generic:clock_buf:0.
INFO: Mapped lowrisc:prim:clock_div:0 to lowrisc:prim_generic:clock_div:0.
INFO: Mapped lowrisc:prim:clock_gating:0 to lowrisc:prim_generic:clock_gating:0.
INFO: Mapped lowrisc:prim:clock_inv:0 to lowrisc:prim_generic:clock_inv:0.
INFO: Mapped lowrisc:prim:prim_pkg:0 to lowrisc:prim_generic:prim_pkg:0.
INFO: Mapped lowrisc:prim:prim_pkg:0 to lowrisc:prim_generic:prim_pkg:0.
INFO: Mapped lowrisc:prim:ram_1p_pkg:0 to lowrisc:prim_generic:ram_1p_pkg:0.
INFO: Mapped lowrisc:prim:ram_2p_pkg:0 to lowrisc:prim_generic:ram_2p_pkg:0.
INFO: Mapped lowrisc:prim:ram_1r1w_pkg:0 to lowrisc:prim_generic:ram_1r1w_pkg:0.
INFO: Mapped lowrisc:prim:rom_pkg:0 to lowrisc:prim_generic:rom_pkg:0.
INFO: Mapped lowrisc:prim:clock_div:0 to lowrisc:prim_generic:clock_div:0.
INFO: Mapped lowrisc:virtual_prim_tech:all:0 to lowrisc:prim_generic:all:0.
INFO: Mapped lowrisc:prim:usb_diff_rx:0 to lowrisc:prim_generic:usb_diff_rx:0.
INFO: Mapped lowrisc:prim:buf:0 to lowrisc:prim_generic:buf:0.
INFO: Mapped lowrisc:prim:clock_buf:0 to lowrisc:prim_generic:clock_buf:0.
INFO: Mapped lowrisc:prim:clock_div:0 to lowrisc:prim_generic:clock_div:0.
INFO: Mapped lowrisc:prim:clock_gating:0 to lowrisc:prim_generic:clock_gating:0.
INFO: Mapped lowrisc:prim:clock_gating:0 to lowrisc:prim_generic:clock_gating:0.
INFO: Mapped lowrisc:prim:clock_mux2:0 to lowrisc:prim_generic:clock_mux2:0.
INFO: Mapped lowrisc:prim:clock_buf:0 to lowrisc:prim_generic:clock_buf:0.
INFO: Mapped lowrisc:prim:clock_buf:0 to lowrisc:prim_generic:clock_buf:0.
INFO: Mapped lowrisc:prim:buf:0 to lowrisc:prim_generic:buf:0.
INFO: Mapped lowrisc:prim:and2:0 to lowrisc:prim_generic:and2:0.
INFO: Mapped lowrisc:prim:pad_attr:0 to lowrisc:prim_generic:pad_attr:0.
INFO: Mapped lowrisc:prim:ram_1p:0 to lowrisc:prim_generic:ram_1p:0.
INFO: Mapped lowrisc:prim:buf:0 to lowrisc:prim_generic:buf:0.
INFO: Mapped lowrisc:prim:flop:0 to lowrisc:prim_generic:flop:0.
INFO: Mapped lowrisc:prim:prim_pkg:0 to lowrisc:prim_generic:prim_pkg:0.
INFO: Mapped lowrisc:prim:buf:0 to lowrisc:prim_generic:buf:0.
INFO: Mapped lowrisc:prim:flop_2sync:0 to lowrisc:prim_generic:flop_2sync:0.
INFO: Mapped lowrisc:prim:clock_buf:0 to lowrisc:prim_generic:clock_buf:0.
INFO: Mapped lowrisc:prim:ram_1p_pkg:0 to lowrisc:prim_generic:ram_1p_pkg:0.
INFO: Mapped lowrisc:prim:ram_1r1w_pkg:0 to lowrisc:prim_generic:ram_1r1w_pkg:0.
INFO: Mapped lowrisc:prim:rom_pkg:0 to lowrisc:prim_generic:rom_pkg:0.
INFO: Mapped lowrisc:prim:clock_buf:0 to lowrisc:prim_generic:clock_buf:0.
INFO: Mapped lowrisc:prim:clock_div:0 to lowrisc:prim_generic:clock_div:0.
INFO: Mapped lowrisc:prim:clock_gating:0 to lowrisc:prim_generic:clock_gating:0.
INFO: Mapped lowrisc:prim:clock_inv:0 to lowrisc:prim_generic:clock_inv:0.
INFO: Mapped lowrisc:prim:prim_pkg:0 to lowrisc:prim_generic:prim_pkg:0.
INFO: Mapped lowrisc:prim:ram_1p_pkg:0 to lowrisc:prim_generic:ram_1p_pkg:0.
INFO: Mapped lowrisc:prim:ram_2p_pkg:0 to lowrisc:prim_generic:ram_2p_pkg:0.
INFO: Mapped lowrisc:prim:ram_1r1w_pkg:0 to lowrisc:prim_generic:ram_1r1w_pkg:0.
INFO: Mapped lowrisc:prim:rom_pkg:0 to lowrisc:prim_generic:rom_pkg:0.
INFO: Mapped lowrisc:prim:clock_inv:0 to lowrisc:prim_generic:clock_inv:0.
INFO: Mapped lowrisc:prim:clock_gating:0 to lowrisc:prim_generic:clock_gating:0.
INFO: Mapped lowrisc:prim:and2:0 to lowrisc:prim_generic:and2:0.
INFO: Mapped lowrisc:prim:buf:0 to lowrisc:prim_generic:buf:0.
INFO: Mapped lowrisc:prim:clock_mux2:0 to lowrisc:prim_generic:clock_mux2:0.
INFO: Mapped lowrisc:prim:flop:0 to lowrisc:prim_generic:flop:0.
INFO: Mapped lowrisc:prim:buf:0 to lowrisc:prim_generic:buf:0.
INFO: Mapped lowrisc:prim:flop_en:0 to lowrisc:prim_generic:flop_en:0.
INFO: Mapped lowrisc:prim:flop:0 to lowrisc:prim_generic:flop:0.
INFO: Mapped lowrisc:prim:flop:0 to lowrisc:prim_generic:flop:0.
INFO: Mapped lowrisc:prim:clock_inv:0 to lowrisc:prim_generic:clock_inv:0.
INFO: Mapped lowrisc:prim:clock_buf:0 to lowrisc:prim_generic:clock_buf:0.
INFO: Mapped lowrisc:prim:flop:0 to lowrisc:prim_generic:flop:0.
INFO: Mapped lowrisc:prim:clock_inv:0 to lowrisc:prim_generic:clock_inv:0.
INFO: Mapped lowrisc:prim:clock_buf:0 to lowrisc:prim_generic:clock_buf:0.
INFO: Mapped lowrisc:prim:clock_mux2:0 to lowrisc:prim_generic:clock_mux2:0.
INFO: Mapped lowrisc:prim:flop_2sync:0 to lowrisc:prim_generic:flop_2sync:0.
INFO: Mapped lowrisc:prim:ram_1p:0 to lowrisc:prim_generic:ram_1p:0.
INFO: Mapped lowrisc:prim:clock_mux2:0 to lowrisc:prim_generic:clock_mux2:0.
INFO: Mapped lowrisc:prim:flop:0 to lowrisc:prim_generic:flop:0.
INFO: Mapped lowrisc:prim:ram_2p_pkg:0 to lowrisc:prim_generic:ram_2p_pkg:0.
INFO: Mapped lowrisc:prim:clock_gating:0 to lowrisc:prim_generic:clock_gating:0.
INFO: Mapped lowrisc:prim:clock_inv:0 to lowrisc:prim_generic:clock_inv:0.
INFO: Mapped lowrisc:prim:ram_1p:0 to lowrisc:prim_generic:ram_1p:0.
INFO: Mapped lowrisc:prim:flop_2sync:0 to lowrisc:prim_generic:flop_2sync:0.
INFO: Mapped lowrisc:prim:clock_mux2:0 to lowrisc:prim_generic:clock_mux2:0.
INFO: Mapped lowrisc:prim:pad_wrapper:0 to lowrisc:prim_generic:pad_wrapper:0.
INFO: Mapped lowrisc:prim:clock_mux2:0 to lowrisc:prim_generic:clock_mux2:0.
INFO: Mapped lowrisc:prim:clock_inv:0 to lowrisc:prim_generic:clock_inv:0.
INFO: Mapped lowrisc:prim:const:0 to lowrisc:prim_generic:const:0.
INFO: Mapped lowrisc:prim:const_sec:0 to lowrisc:prim_generic:const_sec:0.
INFO: Mapped lowrisc:prim:buf:0 to lowrisc:prim_generic:buf:0.
INFO: Mapped lowrisc:prim:flop:0 to lowrisc:prim_generic:flop:0.
INFO: Mapped lowrisc:prim:flop_en:0 to lowrisc:prim_generic:flop_en:0.
INFO: Mapped lowrisc:prim:flop_2sync:0 to lowrisc:prim_generic:flop_2sync:0.
INFO: Mapped lowrisc:prim:flop_no_rst:0 to lowrisc:prim_generic:flop_no_rst:0.
INFO: Mapped lowrisc:prim:rst_sync:0 to lowrisc:prim_generic:rst_sync:0.
INFO: Mapped lowrisc:prim:xor2:0 to lowrisc:prim_generic:xor2:0.
INFO: Mapped lowrisc:prim:xnor2:0 to lowrisc:prim_generic:xnor2:0.
INFO: Mapped lowrisc:prim:and2:0 to lowrisc:prim_generic:and2:0.
INFO: Mapped lowrisc:prim:inv:0 to lowrisc:prim_generic:inv:0.
INFO: Mapped lowrisc:prim:flop:0 to lowrisc:prim_generic:flop:0.
INFO: Mapped lowrisc:prim:buf:0 to lowrisc:prim_generic:buf:0.
INFO: Mapped lowrisc:prim:flop:0 to lowrisc:prim_generic:flop:0.
INFO: Mapped lowrisc:prim:flop_2sync:0 to lowrisc:prim_generic:flop_2sync:0.
INFO: Mapped lowrisc:prim:buf:0 to lowrisc:prim_generic:buf:0.
INFO: Mapped lowrisc:prim:flop:0 to lowrisc:prim_generic:flop:0.
INFO: Mapped lowrisc:prim:rom:0 to lowrisc:prim_generic:rom:0.
INFO: Mapped lowrisc:prim:flop_2sync:0 to lowrisc:prim_generic:flop_2sync:0.
INFO: Mapped lowrisc:prim:buf:0 to lowrisc:prim_generic:buf:0.
INFO: Mapped lowrisc:prim:flop_2sync:0 to lowrisc:prim_generic:flop_2sync:0.
INFO: Mapped lowrisc:prim:clock_gating:0 to lowrisc:prim_generic:clock_gating:0.
INFO: Mapped lowrisc:prim:buf:0 to lowrisc:prim_generic:buf:0.
INFO: Mapped lowrisc:prim:flop_2sync:0 to lowrisc:prim_generic:flop_2sync:0.
INFO: Mapped lowrisc:prim:buf:0 to lowrisc:prim_generic:buf:0.
INFO: Mapped lowrisc:prim:buf:0 to lowrisc:prim_generic:buf:0.
INFO: Mapped lowrisc:prim:buf:0 to lowrisc:prim_generic:buf:0.
INFO: Mapped lowrisc:prim:buf:0 to lowrisc:prim_generic:buf:0.
INFO: Mapped lowrisc:prim:flop:0 to lowrisc:prim_generic:flop:0.
INFO: Mapped lowrisc:prim:flop_2sync:0 to lowrisc:prim_generic:flop_2sync:0.
INFO: Mapped lowrisc:prim:flop_2sync:0 to lowrisc:prim_generic:flop_2sync:0.
INFO: Mapped lowrisc:prim:xnor2:0 to lowrisc:prim_generic:xnor2:0.
INFO: Mapped lowrisc:prim:and2:0 to lowrisc:prim_generic:and2:0.
INFO: Mapped lowrisc:prim:flop_2sync:0 to lowrisc:prim_generic:flop_2sync:0.
INFO: Mapped lowrisc:prim:buf:0 to lowrisc:prim_generic:buf:0.
INFO: Mapped lowrisc:prim:flop:0 to lowrisc:prim_generic:flop:0.
INFO: Mapped lowrisc:prim:ram_2p:0 to lowrisc:prim_generic:ram_2p:0.
INFO: Mapped lowrisc:prim:ram_1r1w:0 to lowrisc:prim_generic:ram_1r1w:0.
INFO: Mapped lowrisc:prim:ram_1p:0 to lowrisc:prim_generic:ram_1p:0.
INFO: Mapped lowrisc:prim:flop_en:0 to lowrisc:prim_generic:flop_en:0.
INFO: Mapped lowrisc:prim:clock_mux2:0 to lowrisc:prim_generic:clock_mux2:0.
INFO: Mapped lowrisc:prim:ram_1p_pkg:0 to lowrisc:prim_generic:ram_1p_pkg:0.
INFO: Mapped lowrisc:prim:ram_1p_pkg:0 to lowrisc:prim_generic:ram_1p_pkg:0.
INFO: Mapped lowrisc:prim:clock_gating:0 to lowrisc:prim_generic:clock_gating:0.
INFO: Mapped lowrisc:prim:buf:0 to lowrisc:prim_generic:buf:0.
INFO: Mapped lowrisc:prim:clock_buf:0 to lowrisc:prim_generic:clock_buf:0.
INFO: Mapped lowrisc:prim:clock_gating:0 to lowrisc:prim_generic:clock_gating:0.
INFO: Mapped lowrisc:prim:clock_inv:0 to lowrisc:prim_generic:clock_inv:0.
INFO: Mapped lowrisc:prim:ram_2p_pkg:0 to lowrisc:prim_generic:ram_2p_pkg:0.
INFO: Mapped lowrisc:prim:ram_1r1w_pkg:0 to lowrisc:prim_generic:ram_1r1w_pkg:0.
INFO: Mapped lowrisc:prim:rst_sync:0 to lowrisc:prim_generic:rst_sync:0.
INFO: Mapped lowrisc:prim:clock_div:0 to lowrisc:prim_generic:clock_div:0.
INFO: Mapped lowrisc:prim:flash:0 to lowrisc:prim_generic:flash:0.
INFO: Mapped lowrisc:prim:clock_div:0 to lowrisc:prim_generic:clock_div:0.
INFO: Mapped lowrisc:prim:buf:0 to lowrisc:prim_generic:buf:0.
INFO: Mapped lowrisc:prim:clock_buf:0 to lowrisc:prim_generic:clock_buf:0.
INFO: Mapped lowrisc:prim:clock_div:0 to lowrisc:prim_generic:clock_div:0.
INFO: Mapped lowrisc:prim:clock_gating:0 to lowrisc:prim_generic:clock_gating:0.
INFO: Mapped lowrisc:prim:clock_gating:0 to lowrisc:prim_generic:clock_gating:0.
INFO: Mapped lowrisc:prim:clock_mux2:0 to lowrisc:prim_generic:clock_mux2:0.
INFO: Mapped lowrisc:prim:clock_buf:0 to lowrisc:prim_generic:clock_buf:0.
INFO: Mapped lowrisc:prim:clock_buf:0 to lowrisc:prim_generic:clock_buf:0.
INFO: Mapped lowrisc:prim:buf:0 to lowrisc:prim_generic:buf:0.
INFO: Mapped lowrisc:prim:and2:0 to lowrisc:prim_generic:and2:0.
INFO: Mapped lowrisc:prim:pad_attr:0 to lowrisc:prim_generic:pad_attr:0.
INFO: Mapped lowrisc:prim:flop_2sync:0 to lowrisc:prim_generic:flop_2sync:0.
INFO: Mapped lowrisc:prim:flash:0 to lowrisc:prim_generic:flash:0.
INFO: Mapped lowrisc:prim:flop_2sync:0 to lowrisc:prim_generic:flop_2sync:0.
INFO: Mapped lowrisc:prim:prim_pkg:0 to lowrisc:prim_generic:prim_pkg:0.
INFO: Mapped lowrisc:prim:clock_buf:0 to lowrisc:prim_generic:clock_buf:0.
INFO: Mapped lowrisc:prim:ram_1p_pkg:0 to lowrisc:prim_generic:ram_1p_pkg:0.
INFO: Mapped lowrisc:prim:ram_1r1w_pkg:0 to lowrisc:prim_generic:ram_1r1w_pkg:0.
INFO: Mapped lowrisc:prim:rom_pkg:0 to lowrisc:prim_generic:rom_pkg:0.
INFO: Mapped lowrisc:prim:clock_buf:0 to lowrisc:prim_generic:clock_buf:0.
INFO: Mapped lowrisc:prim:clock_div:0 to lowrisc:prim_generic:clock_div:0.
INFO: Mapped lowrisc:prim:clock_gating:0 to lowrisc:prim_generic:clock_gating:0.
INFO: Mapped lowrisc:prim:clock_inv:0 to lowrisc:prim_generic:clock_inv:0.
INFO: Mapped lowrisc:prim:prim_pkg:0 to lowrisc:prim_generic:prim_pkg:0.
WARNING: Non-deterministic selection of virtual core lowrisc:virtual_constants:top_racl_pkg:0 selected lowrisc:darjeeling_constants:top_racl_pkg:0.1
INFO: Preparing lowrisc:dv:crypto_prince_ref:0.1
INFO: Preparing lowrisc:dv:secded_enc:0
INFO: Preparing lowrisc:dv_verilator:simutil_verilator:0
INFO: Preparing lowrisc:ip:jtag_pkg:0.1
INFO: Preparing lowrisc:lint:comportable:0.1
INFO: Preparing lowrisc:prim_generic:ram_1p_pkg:0
INFO: Preparing lowrisc:prim:util_get_scramble_params:0
INFO: Preparing lowrisc:prim:util_memload:0
INFO: Preparing lowrisc:tool:check_tool_requirements:0.1
INFO: Preparing lowrisc:dv:scramble_model:0
INFO: Preparing lowrisc:dv_verilator:memutil_dpi:0
INFO: Preparing lowrisc:lint:common:0.1
INFO: Preparing lowrisc:dv_verilator:memutil_dpi_scrambled:0
INFO: Preparing lowrisc:dv_verilator:memutil_verilator:0
INFO: Preparing lowrisc:prim:assert:0.1
INFO: Preparing lowrisc:prim:cipher_pkg:0.1
INFO: Preparing lowrisc:prim:crc32:0
INFO: Preparing lowrisc:prim_generic:and2:0
INFO: Preparing lowrisc:prim_generic:buf:0
INFO: Preparing lowrisc:prim_generic:const:0
INFO: Preparing lowrisc:prim_generic:const_sec:0
INFO: Preparing lowrisc:prim_generic:flop:0
INFO: Preparing lowrisc:prim_generic:flop_no_rst:0
INFO: Preparing lowrisc:prim_generic:inv:0
INFO: Preparing lowrisc:prim_generic:xnor2:0
INFO: Preparing lowrisc:prim_generic:xor2:0
INFO: Preparing lowrisc:prim:pad_wrapper_pkg:0
INFO: Preparing lowrisc:prim:secded:0.1
INFO: Preparing lowrisc:prim:sha2_pkg:0
INFO: Preparing lowrisc:dv:otbn_memutil:0
INFO: Preparing lowrisc:prim:blanker:0
INFO: Preparing lowrisc:prim:cdc_rand_delay:0
INFO: Preparing lowrisc:prim:cipher:0
INFO: Preparing lowrisc:prim:count:0
INFO: Preparing lowrisc:prim_generic:clock_mux2:0
INFO: Preparing lowrisc:prim_generic:pad_wrapper:0
INFO: Preparing lowrisc:prim_generic:ram_1p:0
INFO: Preparing lowrisc:prim:lfsr:0.1
INFO: Preparing lowrisc:prim:mubi_pkg:0.1
INFO: Preparing lowrisc:prim:prim_dom_and_2share:0.1
INFO: Preparing lowrisc:prim:sec_anchor:0.1
INFO: Preparing lowrisc:prim:sha2:0
INFO: Preparing lowrisc:prim:sparse_fsm:0
INFO: Preparing lowrisc:prim:util:0.1
INFO: Preparing lowrisc:darjeeling_constants:top_pkg:0
INFO: Preparing lowrisc:ip:entropy_src_pkg:0.1
INFO: Preparing lowrisc:ip:lc_ctrl_state_pkg:0.1
INFO: Preparing lowrisc:prim_generic:clock_inv:0
INFO: Preparing lowrisc:prim_generic:flop_2sync:0
INFO: Preparing lowrisc:prim_generic:flop_en:0
INFO: Preparing lowrisc:prim:leading_one_ppc:0
INFO: Preparing lowrisc:prim:mubi:0.1
INFO: Preparing lowrisc:prim:onehot:0
INFO: Preparing lowrisc:prim:onehot_check:0
INFO: Preparing lowrisc:prim:ram_1p_adv:0.1
INFO: Preparing lowrisc:prim:trivium:0.1
INFO: Preparing lowrisc:ip:keymgr_pkg:0.1
INFO: Preparing lowrisc:prim:arbiter:0
INFO: Preparing lowrisc:prim:diff_decode:0
INFO: Preparing lowrisc:prim:fifo:0
INFO: Preparing lowrisc:prim_generic:rst_sync:0
INFO: Preparing lowrisc:prim:ram_1p_scr:0.1
INFO: Preparing lowrisc:prim:reg_we_check:0
INFO: Preparing lowrisc:prim:subreg:0
INFO: Preparing lowrisc:tlul:headers:0.1
INFO: Preparing lowrisc:darjeeling_constants:top_racl_pkg:0.1
INFO: Preparing lowrisc:ip:lc_ctrl_pkg:0.1
INFO: Preparing lowrisc:prim:esc:0
INFO: Preparing lowrisc:tlul:trans_intg:0.1
INFO: Preparing lowrisc:ip:csrng_pkg:0.1
INFO: Preparing lowrisc:prim:alert:0
INFO: Preparing lowrisc:prim:lc_sync:0.1
INFO: Preparing lowrisc:tlul:common:0.1
INFO: Preparing lowrisc:ip:edn_pkg:0.1
INFO: Preparing lowrisc:prim:all:0.1
INFO: Preparing lowrisc:tlul:adapter_host:0.1
INFO: Preparing lowrisc:tlul:adapter_reg:0.1
INFO: Preparing lowrisc:tlul:adapter_sram:0.1
INFO: Preparing lowrisc:tlul:lc_gate:0.1
INFO: Preparing lowrisc:tlul:request_loopback:0.1
INFO: Preparing lowrisc:tlul:socket_1n:0.1
INFO: Preparing lowrisc:tlul:socket_m1:0.1
INFO: Preparing lowrisc:tlul:sram2tlul:0.1
INFO: Preparing lowrisc:ip:keymgr_dpe_pkg:0.1
INFO: Preparing lowrisc:prim:edn_req:0.1
INFO: Preparing lowrisc:tlul:adapter_racl:0.1
INFO: Preparing lowrisc:tlul:adapter_reg_racl:0.1
INFO: Preparing pulp-platform:riscv-dbg:0.1:0
INFO: Preparing lowrisc:ip:otp_ctrl_pkg:1.0
INFO: Preparing lowrisc:tlul:adapter_dmi:0.1
INFO: Preparing lowrisc:tlul:adapter_sram_racl:0.1
INFO: Preparing lowrisc:tlul:jtag_dtm:0.1
INFO: Preparing lowrisc:ip:otbn_pkg:0.1
INFO: Preparing lowrisc:ip:tlul:0.1
INFO: Preparing lowrisc:ip:otbn_tracer:0
INFO: Preparing lowrisc:ip:sha3:0.1
INFO: Preparing lowrisc:dv:otbn_model:0.1
INFO: Preparing lowrisc:ip:kmac_pkg:0.1
INFO: Preparing lowrisc:ip:otbn:0.1
INFO: Preparing lowrisc:ip:otbn_top_sim:0.1
INFO: Setting up project
WARNING: This backend is deprecated and will eventually be removed. Please migrate to the flow API instead.  See https://edalize.readthedocs.io/en/latest/ref/migrations.html#migrating-from-the-tool-api-to-the-flow-api for more details.
INFO: Running pre_build script check_tool_requirements_verilator
INFO: Tool python present: Sufficiently recent version (found 3.10.12; needed 3.10)
INFO: Tool edalize present: Sufficiently recent version (found 0.6.3; needed 0.2.0)
INFO: Tool verilator present: Sufficiently recent version (found 4.210; needed 4.210)
INFO: Building simulation model
Simulation of OTBN
==================

Tracing can be toggled by sending SIGUSR1 to this process:
$ kill -USR1 1600657

Simulation running, end by pressing CTRL-c.
Tracing enabled.
Writing simulation traces to sim.fst
Call Stack:
-----------
0x0000080c
0x00000810
0x00000814

Final Base Register Values:
Reg | Value
----------------
x2  | 0xd0beb513
x3  | 0xa0be911a
x4  | 0x717d462d
x5  | 0xcfffdc07
x6  | 0xf0beb51b
x7  | 0x80be9112
x8  | 0x70002409
x9  | 0xd0beb533
x10 | 0x00000510
x11 | 0xd0beb169
x12 | 0xfad44c00
x13 | 0x000685f5
x14 | 0xffa17d6a
x15 | 0x4c000000
x16 | 0x00000034
x17 | 0xfffffff4
x18 | 0xfacefeed
x19 | 0xd0beb533
x20 | 0x00000123
x21 | 0x00000123
x22 | 0xcafef010
x23 | 0x89c9b54f
x24 | 0x00000052
x25 | 0x00000020
x26 | 0x00000016
x27 | 0x0000001a
x28 | 0x00400000
x29 | 0x00018000
x30 | 0x848be824
x31 | 0x00000804

Final Bignum Register Values:
Reg | Value
-------------------------------------------------------------------------------
w0  | 0x37adadae_f9dbff5e_73880075_5466a52c_67a8c221_6978ad1b_25769434_0f09b7c8
w1  | 0x00000000_00000000_00000000_00000000_baadf00d_baadf00d_baadf00d_baadf00d
w2  | 0x440659a8_32f54897_440659a8_32f54898_dd6208a5_cc50f794_dd6208a5_cc50f791
w3  | 0x23a776b0_bbc28370_34745ffa_22168ae8_7245a2d0_0357f208_431165e5_ed103473
w4  | 0xce52215b_888f503c_df1f0aa4_eee357b5_1cf04d7a_d024bed4_edbc1090_b9dd0141
w5  | 0xfafeeeae_bbb9f9df_abebbfef_99fdf9df_efbafaaf_f9bfd9ff_baeebbbb_dbff9bdb
w6  | 0x28a88802_00088990_8888a00a_88189108_828aa820_09981808_8822aa2a_11109898
w7  | 0xd25666ac_bbb1704f_23631fe5_11e568d7_6d30528f_f027c1f7_32cc1191_caef0343
w8  | 0x870333f9_ddd71629_76364ab0_77830eb1_386507da_9641a791_679944c4_ac896525
w9  | 0xd7c12b4d_f2c374c3_35d9da9b_b4d6d555_555554cc_cccccd55_555554cc_cccccd55
w10 | 0x05011151_1112d2ed_54144010_32ced2ed_1045054f_d30cf2cd_45114443_f0cd30f0
w11 | 0xd75777fd_ccc4433c_77775ff5_44b43bc4_7d7557df_c334b4c4_77dd55d5_bbbc3433
w12 | 0x2caccd53_332aa9a2_ccccb54a_ab1aa22a_d2caad35_299b1b2a_cd32ab2b_22229a9a
w13 | 0xa1a55408_5564a69a_1252555a_43c8b58a_4a25a045_a689a3aa_20896565_97ba66a7
w14 | 0x5ec45f47_d09a8aec_ac10254c_2c59e406_8dba5ca7_630e74e6_bcee9991_7956327a
w15 | 0xdc58894e_ddd71629_cb8ba005_77830eb1_8dba5d2f_9641a791_bcee9a19_ac896524
w16 | 0xce52215b_888f503c_df1f0aa4_eee357b5_1cf04d7a_d024bed4_edbc1090_b9dd0141
w17 | 0x55555555_33333333_55555555_33333333_55555555_33333333_55555555_33333331
w18 | 0x23a7769f_bbc28381_34745fe9_22168a4e_c79af825_69be586e_9866bb3b_53769ada
w19 | 0x28a88800_00088982_8888a009_8818910a_828aa801_09981800_00000000_00000000
w20 | 0x78fccc06_2228e9d6_89c9b54f_887cf14e_c79af825_69be57c3_edbc10a1_b9dd0130
w21 | 0x78fccc06_2228e9d6_89c9b54f_887cf1ee_efbafabd_f9bfd9ee_baeebbbb_dbff9bfa
w22 | 0x78fccc06_2228e9d6_89c9b54f_887cf1ee_efbafabd_f9bfd9ee_baeebbbb_dbff9db7
w23 | 0x78fccc06_2228e9d6_89c9b54f_887cf1ee_efbafabd_f9bfd9ee_baeebbbb_dbff99f3
w24 | 0xcccccccc_bbbbbbbb_aaaaaaaa_facefeed_deadbeef_cafed00d_d0beb533_1234abcd
w25 | 0xcccccccc_bbbbbbbb_aaaaaaaa_facefeed_deadbeef_cafed00d_d0beb533_1234abcd
w26 | 0x78fccc06_2228e9d6_89c9b54f_887cf1ee_efbafabd_f9bfd9ee_baeebbbb_dbff9bfa
w27 | 0x28a88802_00088990_8888a00a_88189108_828aa820_09981808_8822aa2a_11109898
w28 | 0xd25666ac_bbb1704f_23631fe5_11e568d7_6d30528f_f027c1f7_32cc1191_caef0343
w29 | 0x4f0d4b81_9f24f0c1_64341d3c_26628bdb_5763bcdf_63388709_e0654fef_eb0953c2
w30 | 0x0fa66f64_739babfd_463a6559_44ad0257_98ef0ef8_84628bf7_edbbd1d6_8b78539b
w31 | 0x00000000_00000000_00000000_00000000_00000000_00000000_00000000_00000000
- src/lowrisc_ip_otbn_top_sim_0.1/otbn_top_sim.sv:362: Verilog $finish
Received $finish() from Verilog, shutting down simulation.

Simulation statistics
=====================
Executed cycles:  865
Wallclock time:   1.077 s
Simulation speed: 803.157 cycles/s (0.803157 kHz)
Trace file size:  1780329 B

You can view the simulation traces by calling
$ gtkwave sim.fst
WARNING: Destroying OtbnTraceChecker object with an unfinished operation.
OTBN SMOKE PASS for program smoke_test
