INFO: Mapped lowrisc:prim:ram_1p:0 to lowrisc:prim_generic:ram_1p:0.
INFO: Mapped lowrisc:prim:clock_div:0 to lowrisc:prim_generic:clock_div:0.
INFO: Mapped lowrisc:virtual_prim_tech:all:0 to lowrisc:prim_generic:all:0.
INFO: Mapped lowrisc:prim:buf:0 to lowrisc:prim_generic:buf:0.
INFO: Mapped lowrisc:prim:clock_buf:0 to lowrisc:prim_generic:clock_buf:0.
INFO: Mapped lowrisc:prim:clock_div:0 to lowrisc:prim_generic:clock_div:0.
INFO: Mapped lowrisc:prim:clock_gating:0 to lowrisc:prim_generic:clock_gating:0.
INFO: Mapped lowrisc:prim:clock_gating:0 to lowrisc:prim_generic:clock_gating:0.
INFO: Mapped lowrisc:prim:clock_mux2:0 to lowrisc:prim_generic:clock_mux2:0.
INFO: Mapped lowrisc:prim:clock_buf:0 to lowrisc:prim_generic:clock_buf:0.
INFO: Mapped lowrisc:prim:clock_buf:0 to lowrisc:prim_generic:clock_buf:0.
INFO: Mapped lowrisc:prim:buf:0 to lowrisc:prim_generic:buf:0.
INFO: Mapped lowrisc:prim:and2:0 to lowrisc:prim_generic:and2:0.
INFO: Mapped lowrisc:prim:pad_attr:0 to lowrisc:prim_generic:pad_attr:0.
INFO: Mapped lowrisc:prim:ram_1p:0 to lowrisc:prim_generic:ram_1p:0.
INFO: Mapped lowrisc:prim:buf:0 to lowrisc:prim_generic:buf:0.
INFO: Mapped lowrisc:prim:flop:0 to lowrisc:prim_generic:flop:0.
INFO: Mapped lowrisc:prim:prim_pkg:0 to lowrisc:prim_generic:prim_pkg:0.
INFO: Mapped lowrisc:prim:buf:0 to lowrisc:prim_generic:buf:0.
INFO: Mapped lowrisc:prim:flop_2sync:0 to lowrisc:prim_generic:flop_2sync:0.
INFO: Mapped lowrisc:prim:clock_buf:0 to lowrisc:prim_generic:clock_buf:0.
INFO: Mapped lowrisc:prim:ram_1p_pkg:0 to lowrisc:prim_generic:ram_1p_pkg:0.
INFO: Mapped lowrisc:prim:ram_1r1w_pkg:0 to lowrisc:prim_generic:ram_1r1w_pkg:0.
INFO: Mapped lowrisc:prim:rom_pkg:0 to lowrisc:prim_generic:rom_pkg:0.
INFO: Mapped lowrisc:prim:clock_buf:0 to lowrisc:prim_generic:clock_buf:0.
INFO: Mapped lowrisc:prim:clock_div:0 to lowrisc:prim_generic:clock_div:0.
INFO: Mapped lowrisc:prim:clock_gating:0 to lowrisc:prim_generic:clock_gating:0.
INFO: Mapped lowrisc:prim:clock_inv:0 to lowrisc:prim_generic:clock_inv:0.
INFO: Mapped lowrisc:prim:prim_pkg:0 to lowrisc:prim_generic:prim_pkg:0.
INFO: Mapped lowrisc:prim:prim_pkg:0 to lowrisc:prim_generic:prim_pkg:0.
INFO: Mapped lowrisc:prim:ram_1p_pkg:0 to lowrisc:prim_generic:ram_1p_pkg:0.
INFO: Mapped lowrisc:prim:ram_2p_pkg:0 to lowrisc:prim_generic:ram_2p_pkg:0.
INFO: Mapped lowrisc:prim:ram_1r1w_pkg:0 to lowrisc:prim_generic:ram_1r1w_pkg:0.
INFO: Mapped lowrisc:prim:rom_pkg:0 to lowrisc:prim_generic:rom_pkg:0.
INFO: Mapped lowrisc:prim:clock_div:0 to lowrisc:prim_generic:clock_div:0.
INFO: Mapped lowrisc:virtual_prim_tech:all:0 to lowrisc:prim_generic:all:0.
INFO: Mapped lowrisc:prim:usb_diff_rx:0 to lowrisc:prim_generic:usb_diff_rx:0.
INFO: Mapped lowrisc:prim:buf:0 to lowrisc:prim_generic:buf:0.
INFO: Mapped lowrisc:prim:clock_buf:0 to lowrisc:prim_generic:clock_buf:0.
INFO: Mapped lowrisc:prim:clock_div:0 to lowrisc:prim_generic:clock_div:0.
INFO: Mapped lowrisc:prim:clock_gating:0 to lowrisc:prim_generic:clock_gating:0.
INFO: Mapped lowrisc:prim:clock_gating:0 to lowrisc:prim_generic:clock_gating:0.
INFO: Mapped lowrisc:prim:clock_mux2:0 to lowrisc:prim_generic:clock_mux2:0.
INFO: Mapped lowrisc:prim:clock_buf:0 to lowrisc:prim_generic:clock_buf:0.
INFO: Mapped lowrisc:prim:clock_buf:0 to lowrisc:prim_generic:clock_buf:0.
INFO: Mapped lowrisc:prim:buf:0 to lowrisc:prim_generic:buf:0.
INFO: Mapped lowrisc:prim:and2:0 to lowrisc:prim_generic:and2:0.
INFO: Mapped lowrisc:prim:pad_attr:0 to lowrisc:prim_generic:pad_attr:0.
INFO: Mapped lowrisc:prim:ram_1p:0 to lowrisc:prim_generic:ram_1p:0.
INFO: Mapped lowrisc:prim:buf:0 to lowrisc:prim_generic:buf:0.
INFO: Mapped lowrisc:prim:flop:0 to lowrisc:prim_generic:flop:0.
INFO: Mapped lowrisc:prim:prim_pkg:0 to lowrisc:prim_generic:prim_pkg:0.
INFO: Mapped lowrisc:prim:buf:0 to lowrisc:prim_generic:buf:0.
INFO: Mapped lowrisc:prim:flop_2sync:0 to lowrisc:prim_generic:flop_2sync:0.
INFO: Mapped lowrisc:prim:clock_buf:0 to lowrisc:prim_generic:clock_buf:0.
INFO: Mapped lowrisc:prim:ram_1p_pkg:0 to lowrisc:prim_generic:ram_1p_pkg:0.
INFO: Mapped lowrisc:prim:ram_1r1w_pkg:0 to lowrisc:prim_generic:ram_1r1w_pkg:0.
INFO: Mapped lowrisc:prim:rom_pkg:0 to lowrisc:prim_generic:rom_pkg:0.
INFO: Mapped lowrisc:prim:clock_buf:0 to lowrisc:prim_generic:clock_buf:0.
INFO: Mapped lowrisc:prim:clock_div:0 to lowrisc:prim_generic:clock_div:0.
INFO: Mapped lowrisc:prim:clock_gating:0 to lowrisc:prim_generic:clock_gating:0.
INFO: Mapped lowrisc:prim:clock_inv:0 to lowrisc:prim_generic:clock_inv:0.
INFO: Mapped lowrisc:prim:prim_pkg:0 to lowrisc:prim_generic:prim_pkg:0.
INFO: Mapped lowrisc:prim:ram_1p_pkg:0 to lowrisc:prim_generic:ram_1p_pkg:0.
INFO: Mapped lowrisc:prim:ram_2p_pkg:0 to lowrisc:prim_generic:ram_2p_pkg:0.
INFO: Mapped lowrisc:prim:ram_1r1w_pkg:0 to lowrisc:prim_generic:ram_1r1w_pkg:0.
INFO: Mapped lowrisc:prim:rom_pkg:0 to lowrisc:prim_generic:rom_pkg:0.
INFO: Mapped lowrisc:prim:clock_inv:0 to lowrisc:prim_generic:clock_inv:0.
INFO: Mapped lowrisc:prim:clock_gating:0 to lowrisc:prim_generic:clock_gating:0.
INFO: Mapped lowrisc:prim:and2:0 to lowrisc:prim_generic:and2:0.
INFO: Mapped lowrisc:prim:buf:0 to lowrisc:prim_generic:buf:0.
INFO: Mapped lowrisc:prim:clock_mux2:0 to lowrisc:prim_generic:clock_mux2:0.
INFO: Mapped lowrisc:prim:flop:0 to lowrisc:prim_generic:flop:0.
INFO: Mapped lowrisc:prim:buf:0 to lowrisc:prim_generic:buf:0.
INFO: Mapped lowrisc:prim:flop_en:0 to lowrisc:prim_generic:flop_en:0.
INFO: Mapped lowrisc:prim:flop:0 to lowrisc:prim_generic:flop:0.
INFO: Mapped lowrisc:prim:flop:0 to lowrisc:prim_generic:flop:0.
INFO: Mapped lowrisc:prim:clock_inv:0 to lowrisc:prim_generic:clock_inv:0.
INFO: Mapped lowrisc:prim:clock_buf:0 to lowrisc:prim_generic:clock_buf:0.
INFO: Mapped lowrisc:prim:flop:0 to lowrisc:prim_generic:flop:0.
INFO: Mapped lowrisc:prim:clock_inv:0 to lowrisc:prim_generic:clock_inv:0.
INFO: Mapped lowrisc:prim:clock_buf:0 to lowrisc:prim_generic:clock_buf:0.
INFO: Mapped lowrisc:prim:clock_mux2:0 to lowrisc:prim_generic:clock_mux2:0.
INFO: Mapped lowrisc:prim:flop_2sync:0 to lowrisc:prim_generic:flop_2sync:0.
INFO: Mapped lowrisc:prim:ram_1p:0 to lowrisc:prim_generic:ram_1p:0.
INFO: Mapped lowrisc:prim:clock_mux2:0 to lowrisc:prim_generic:clock_mux2:0.
INFO: Mapped lowrisc:prim:flop:0 to lowrisc:prim_generic:flop:0.
INFO: Mapped lowrisc:prim:ram_2p_pkg:0 to lowrisc:prim_generic:ram_2p_pkg:0.
INFO: Mapped lowrisc:prim:clock_gating:0 to lowrisc:prim_generic:clock_gating:0.
INFO: Mapped lowrisc:prim:clock_inv:0 to lowrisc:prim_generic:clock_inv:0.
INFO: Mapped lowrisc:prim:ram_1p:0 to lowrisc:prim_generic:ram_1p:0.
INFO: Mapped lowrisc:prim:flop_2sync:0 to lowrisc:prim_generic:flop_2sync:0.
INFO: Mapped lowrisc:prim:clock_mux2:0 to lowrisc:prim_generic:clock_mux2:0.
INFO: Mapped lowrisc:prim:pad_wrapper:0 to lowrisc:prim_generic:pad_wrapper:0.
INFO: Mapped lowrisc:prim:clock_mux2:0 to lowrisc:prim_generic:clock_mux2:0.
INFO: Mapped lowrisc:prim:clock_inv:0 to lowrisc:prim_generic:clock_inv:0.
INFO: Mapped lowrisc:prim:const:0 to lowrisc:prim_generic:const:0.
INFO: Mapped lowrisc:prim:const_sec:0 to lowrisc:prim_generic:const_sec:0.
INFO: Mapped lowrisc:prim:buf:0 to lowrisc:prim_generic:buf:0.
INFO: Mapped lowrisc:prim:flop:0 to lowrisc:prim_generic:flop:0.
INFO: Mapped lowrisc:prim:flop_en:0 to lowrisc:prim_generic:flop_en:0.
INFO: Mapped lowrisc:prim:flop_2sync:0 to lowrisc:prim_generic:flop_2sync:0.
INFO: Mapped lowrisc:prim:flop_no_rst:0 to lowrisc:prim_generic:flop_no_rst:0.
INFO: Mapped lowrisc:prim:rst_sync:0 to lowrisc:prim_generic:rst_sync:0.
INFO: Mapped lowrisc:prim:xor2:0 to lowrisc:prim_generic:xor2:0.
INFO: Mapped lowrisc:prim:xnor2:0 to lowrisc:prim_generic:xnor2:0.
INFO: Mapped lowrisc:prim:and2:0 to lowrisc:prim_generic:and2:0.
INFO: Mapped lowrisc:prim:inv:0 to lowrisc:prim_generic:inv:0.
INFO: Mapped lowrisc:prim:flop:0 to lowrisc:prim_generic:flop:0.
INFO: Mapped lowrisc:prim:buf:0 to lowrisc:prim_generic:buf:0.
INFO: Mapped lowrisc:prim:flop:0 to lowrisc:prim_generic:flop:0.
INFO: Mapped lowrisc:prim:flop_2sync:0 to lowrisc:prim_generic:flop_2sync:0.
INFO: Mapped lowrisc:prim:buf:0 to lowrisc:prim_generic:buf:0.
INFO: Mapped lowrisc:prim:flop:0 to lowrisc:prim_generic:flop:0.
INFO: Mapped lowrisc:prim:rom:0 to lowrisc:prim_generic:rom:0.
INFO: Mapped lowrisc:prim:flop_2sync:0 to lowrisc:prim_generic:flop_2sync:0.
INFO: Mapped lowrisc:prim:buf:0 to lowrisc:prim_generic:buf:0.
INFO: Mapped lowrisc:prim:flop_2sync:0 to lowrisc:prim_generic:flop_2sync:0.
INFO: Mapped lowrisc:prim:clock_gating:0 to lowrisc:prim_generic:clock_gating:0.
INFO: Mapped lowrisc:prim:buf:0 to lowrisc:prim_generic:buf:0.
INFO: Mapped lowrisc:prim:flop_2sync:0 to lowrisc:prim_generic:flop_2sync:0.
INFO: Mapped lowrisc:prim:buf:0 to lowrisc:prim_generic:buf:0.
INFO: Mapped lowrisc:prim:buf:0 to lowrisc:prim_generic:buf:0.
INFO: Mapped lowrisc:prim:buf:0 to lowrisc:prim_generic:buf:0.
INFO: Mapped lowrisc:prim:buf:0 to lowrisc:prim_generic:buf:0.
INFO: Mapped lowrisc:prim:flop:0 to lowrisc:prim_generic:flop:0.
INFO: Mapped lowrisc:prim:flop_2sync:0 to lowrisc:prim_generic:flop_2sync:0.
INFO: Mapped lowrisc:prim:flop_2sync:0 to lowrisc:prim_generic:flop_2sync:0.
INFO: Mapped lowrisc:prim:xnor2:0 to lowrisc:prim_generic:xnor2:0.
INFO: Mapped lowrisc:prim:and2:0 to lowrisc:prim_generic:and2:0.
INFO: Mapped lowrisc:prim:flop_2sync:0 to lowrisc:prim_generic:flop_2sync:0.
INFO: Mapped lowrisc:prim:buf:0 to lowrisc:prim_generic:buf:0.
INFO: Mapped lowrisc:prim:flop:0 to lowrisc:prim_generic:flop:0.
INFO: Mapped lowrisc:prim:ram_2p:0 to lowrisc:prim_generic:ram_2p:0.
INFO: Mapped lowrisc:prim:ram_1r1w:0 to lowrisc:prim_generic:ram_1r1w:0.
INFO: Mapped lowrisc:prim:ram_1p:0 to lowrisc:prim_generic:ram_1p:0.
INFO: Mapped lowrisc:prim:flop_en:0 to lowrisc:prim_generic:flop_en:0.
INFO: Mapped lowrisc:prim:clock_mux2:0 to lowrisc:prim_generic:clock_mux2:0.
INFO: Mapped lowrisc:prim:ram_1p_pkg:0 to lowrisc:prim_generic:ram_1p_pkg:0.
INFO: Mapped lowrisc:prim:ram_1p_pkg:0 to lowrisc:prim_generic:ram_1p_pkg:0.
INFO: Mapped lowrisc:prim:clock_gating:0 to lowrisc:prim_generic:clock_gating:0.
INFO: Mapped lowrisc:prim:buf:0 to lowrisc:prim_generic:buf:0.
INFO: Mapped lowrisc:prim:clock_buf:0 to lowrisc:prim_generic:clock_buf:0.
INFO: Mapped lowrisc:prim:clock_gating:0 to lowrisc:prim_generic:clock_gating:0.
INFO: Mapped lowrisc:prim:clock_inv:0 to lowrisc:prim_generic:clock_inv:0.
INFO: Mapped lowrisc:prim:ram_2p_pkg:0 to lowrisc:prim_generic:ram_2p_pkg:0.
INFO: Mapped lowrisc:prim:ram_1r1w_pkg:0 to lowrisc:prim_generic:ram_1r1w_pkg:0.
INFO: Mapped lowrisc:prim:rst_sync:0 to lowrisc:prim_generic:rst_sync:0.
INFO: Mapped lowrisc:prim:clock_div:0 to lowrisc:prim_generic:clock_div:0.
INFO: Mapped lowrisc:prim:flash:0 to lowrisc:prim_generic:flash:0.
INFO: Mapped lowrisc:prim:clock_div:0 to lowrisc:prim_generic:clock_div:0.
INFO: Mapped lowrisc:prim:buf:0 to lowrisc:prim_generic:buf:0.
INFO: Mapped lowrisc:prim:clock_buf:0 to lowrisc:prim_generic:clock_buf:0.
INFO: Mapped lowrisc:prim:clock_div:0 to lowrisc:prim_generic:clock_div:0.
INFO: Mapped lowrisc:prim:clock_gating:0 to lowrisc:prim_generic:clock_gating:0.
INFO: Mapped lowrisc:prim:clock_gating:0 to lowrisc:prim_generic:clock_gating:0.
INFO: Mapped lowrisc:prim:clock_mux2:0 to lowrisc:prim_generic:clock_mux2:0.
INFO: Mapped lowrisc:prim:clock_buf:0 to lowrisc:prim_generic:clock_buf:0.
INFO: Mapped lowrisc:prim:clock_buf:0 to lowrisc:prim_generic:clock_buf:0.
INFO: Mapped lowrisc:prim:buf:0 to lowrisc:prim_generic:buf:0.
INFO: Mapped lowrisc:prim:and2:0 to lowrisc:prim_generic:and2:0.
INFO: Mapped lowrisc:prim:pad_attr:0 to lowrisc:prim_generic:pad_attr:0.
INFO: Mapped lowrisc:prim:flop_2sync:0 to lowrisc:prim_generic:flop_2sync:0.
INFO: Mapped lowrisc:prim:flash:0 to lowrisc:prim_generic:flash:0.
INFO: Mapped lowrisc:prim:flop_2sync:0 to lowrisc:prim_generic:flop_2sync:0.
INFO: Mapped lowrisc:prim:prim_pkg:0 to lowrisc:prim_generic:prim_pkg:0.
INFO: Mapped lowrisc:prim:clock_buf:0 to lowrisc:prim_generic:clock_buf:0.
INFO: Mapped lowrisc:prim:ram_1p_pkg:0 to lowrisc:prim_generic:ram_1p_pkg:0.
INFO: Mapped lowrisc:prim:ram_1r1w_pkg:0 to lowrisc:prim_generic:ram_1r1w_pkg:0.
INFO: Mapped lowrisc:prim:rom_pkg:0 to lowrisc:prim_generic:rom_pkg:0.
INFO: Mapped lowrisc:prim:clock_buf:0 to lowrisc:prim_generic:clock_buf:0.
INFO: Mapped lowrisc:prim:clock_div:0 to lowrisc:prim_generic:clock_div:0.
INFO: Mapped lowrisc:prim:clock_gating:0 to lowrisc:prim_generic:clock_gating:0.
INFO: Mapped lowrisc:prim:clock_inv:0 to lowrisc:prim_generic:clock_inv:0.
INFO: Mapped lowrisc:prim:prim_pkg:0 to lowrisc:prim_generic:prim_pkg:0.
WARNING: Non-deterministic selection of virtual core lowrisc:virtual_constants:top_racl_pkg:0 selected lowrisc:darjeeling_constants:top_racl_pkg:0.1
INFO: Preparing lowrisc:dv:crypto_prince_ref:0.1
INFO: Preparing lowrisc:dv:secded_enc:0
INFO: Preparing lowrisc:dv_verilator:simutil_verilator:0
INFO: Preparing lowrisc:ip:jtag_pkg:0.1
INFO: Preparing lowrisc:lint:comportable:0.1
INFO: Preparing lowrisc:prim_generic:ram_1p_pkg:0
INFO: Preparing lowrisc:prim:util_get_scramble_params:0
INFO: Preparing lowrisc:prim:util_memload:0
INFO: Preparing lowrisc:tool:check_tool_requirements:0.1
INFO: Preparing lowrisc:dv:scramble_model:0
INFO: Preparing lowrisc:dv_verilator:memutil_dpi:0
INFO: Preparing lowrisc:lint:common:0.1
INFO: Preparing lowrisc:dv_verilator:memutil_dpi_scrambled:0
INFO: Preparing lowrisc:dv_verilator:memutil_verilator:0
INFO: Preparing lowrisc:prim:assert:0.1
INFO: Preparing lowrisc:prim:cipher_pkg:0.1
INFO: Preparing lowrisc:prim:crc32:0
INFO: Preparing lowrisc:prim_generic:and2:0
INFO: Preparing lowrisc:prim_generic:buf:0
INFO: Preparing lowrisc:prim_generic:const:0
INFO: Preparing lowrisc:prim_generic:const_sec:0
INFO: Preparing lowrisc:prim_generic:flop:0
INFO: Preparing lowrisc:prim_generic:flop_no_rst:0
INFO: Preparing lowrisc:prim_generic:inv:0
INFO: Preparing lowrisc:prim_generic:xnor2:0
INFO: Preparing lowrisc:prim_generic:xor2:0
INFO: Preparing lowrisc:prim:pad_wrapper_pkg:0
INFO: Preparing lowrisc:prim:secded:0.1
INFO: Preparing lowrisc:prim:sha2_pkg:0
INFO: Preparing lowrisc:dv:otbn_memutil:0
INFO: Preparing lowrisc:prim:blanker:0
INFO: Preparing lowrisc:prim:cdc_rand_delay:0
INFO: Preparing lowrisc:prim:cipher:0
INFO: Preparing lowrisc:prim:count:0
INFO: Preparing lowrisc:prim_generic:clock_mux2:0
INFO: Preparing lowrisc:prim_generic:pad_wrapper:0
INFO: Preparing lowrisc:prim_generic:ram_1p:0
INFO: Preparing lowrisc:prim:lfsr:0.1
INFO: Preparing lowrisc:prim:mubi_pkg:0.1
INFO: Preparing lowrisc:prim:prim_dom_and_2share:0.1
INFO: Preparing lowrisc:prim:sec_anchor:0.1
INFO: Preparing lowrisc:prim:sha2:0
INFO: Preparing lowrisc:prim:sparse_fsm:0
INFO: Preparing lowrisc:prim:util:0.1
INFO: Preparing lowrisc:darjeeling_constants:top_pkg:0
INFO: Preparing lowrisc:ip:entropy_src_pkg:0.1
INFO: Preparing lowrisc:ip:lc_ctrl_state_pkg:0.1
INFO: Preparing lowrisc:prim_generic:clock_inv:0
INFO: Preparing lowrisc:prim_generic:flop_2sync:0
INFO: Preparing lowrisc:prim_generic:flop_en:0
INFO: Preparing lowrisc:prim:leading_one_ppc:0
INFO: Preparing lowrisc:prim:mubi:0.1
INFO: Preparing lowrisc:prim:onehot:0
INFO: Preparing lowrisc:prim:onehot_check:0
INFO: Preparing lowrisc:prim:ram_1p_adv:0.1
INFO: Preparing lowrisc:prim:trivium:0.1
INFO: Preparing lowrisc:ip:keymgr_pkg:0.1
INFO: Preparing lowrisc:prim:arbiter:0
INFO: Preparing lowrisc:prim:diff_decode:0
INFO: Preparing lowrisc:prim:fifo:0
INFO: Preparing lowrisc:prim_generic:rst_sync:0
INFO: Preparing lowrisc:prim:ram_1p_scr:0.1
INFO: Preparing lowrisc:prim:reg_we_check:0
INFO: Preparing lowrisc:prim:subreg:0
INFO: Preparing lowrisc:tlul:headers:0.1
INFO: Preparing lowrisc:darjeeling_constants:top_racl_pkg:0.1
INFO: Preparing lowrisc:ip:lc_ctrl_pkg:0.1
INFO: Preparing lowrisc:prim:esc:0
INFO: Preparing lowrisc:tlul:trans_intg:0.1
INFO: Preparing lowrisc:ip:csrng_pkg:0.1
INFO: Preparing lowrisc:prim:alert:0
INFO: Preparing lowrisc:prim:lc_sync:0.1
INFO: Preparing lowrisc:tlul:common:0.1
INFO: Preparing lowrisc:ip:edn_pkg:0.1
INFO: Preparing lowrisc:prim:all:0.1
INFO: Preparing lowrisc:tlul:adapter_host:0.1
INFO: Preparing lowrisc:tlul:adapter_reg:0.1
INFO: Preparing lowrisc:tlul:adapter_sram:0.1
INFO: Preparing lowrisc:tlul:lc_gate:0.1
INFO: Preparing lowrisc:tlul:request_loopback:0.1
INFO: Preparing lowrisc:tlul:socket_1n:0.1
INFO: Preparing lowrisc:tlul:socket_m1:0.1
INFO: Preparing lowrisc:tlul:sram2tlul:0.1
INFO: Preparing lowrisc:ip:keymgr_dpe_pkg:0.1
INFO: Preparing lowrisc:prim:edn_req:0.1
INFO: Preparing lowrisc:tlul:adapter_racl:0.1
INFO: Preparing lowrisc:tlul:adapter_reg_racl:0.1
INFO: Preparing pulp-platform:riscv-dbg:0.1:0
INFO: Preparing lowrisc:ip:otp_ctrl_pkg:1.0
INFO: Preparing lowrisc:tlul:adapter_dmi:0.1
INFO: Preparing lowrisc:tlul:adapter_sram_racl:0.1
INFO: Preparing lowrisc:tlul:jtag_dtm:0.1
INFO: Preparing lowrisc:ip:otbn_pkg:0.1
INFO: Preparing lowrisc:ip:tlul:0.1
INFO: Preparing lowrisc:ip:otbn_tracer:0
INFO: Preparing lowrisc:ip:sha3:0.1
INFO: Preparing lowrisc:dv:otbn_model:0.1
INFO: Preparing lowrisc:ip:kmac_pkg:0.1
INFO: Preparing lowrisc:ip:otbn:0.1
INFO: Preparing lowrisc:ip:otbn_top_sim:0.1
INFO: Setting up project
WARNING: This backend is deprecated and will eventually be removed. Please migrate to the flow API instead.  See https://edalize.readthedocs.io/en/latest/ref/migrations.html#migrating-from-the-tool-api-to-the-flow-api for more details.
INFO: Running pre_build script check_tool_requirements_verilator
INFO: Tool python present: Sufficiently recent version (found 3.10.12; needed 3.10)
INFO: Tool edalize present: Sufficiently recent version (found 0.6.3; needed 0.2.0)
INFO: Tool verilator present: Sufficiently recent version (found 4.210; needed 4.210)
INFO: Building simulation model
Simulation of OTBN
==================

Tracing can be toggled by sending SIGUSR1 to this process:
$ kill -USR1 1599590

Simulation running, end by pressing CTRL-c.
Tracing enabled.
Writing simulation traces to sim.fst
ERROR: Mismatch between RTL and ISS trace entries: Final values of ISS and RTL don't match for key `x18'.
  RTL entry is:
    E PC: 0x00000058, insn: 0x01002903
    > x18: 0x9aa38c06
  ISS entry is:
    E PC: 0x00000058, insn: 0x01002903
    > x18: 0xfacefeed
ERROR: At time 540, insn_cnt != otbn_model_insn_cnt (0x16 != 0x15).
[547] %Error: otbn_top_sim.sv:470: Assertion failed in TOP.otbn_top_sim: Mismatch or model error (see message above)
%Error: src/lowrisc_ip_otbn_top_sim_0.1/otbn_top_sim.sv:470: Verilog $stop
Aborting...
timeout: the monitored command dumped core
hw/ip/otbn/dv/smoke/run_smoke.sh: line 61: 1599588 Aborted                 timeout 5s $ROOT_DIR/build/lowrisc_ip_otbn_top_sim_0.1/sim-verilator/Votbn_top_sim --load-elf=$SMOKE_BIN_DIR/$SMOKE_NAME.elf -t
     1599589 Done                    | tee $RUN_LOG
