# 拍级归因（ver0_2/decap）  target=//test_hybrid_kem_otbn_prompt_ver0_2/otbn/mlkem768:mlkem768_decap
# 工具 test_perf/tools/diag/stall_profile.py md5=5f0a550f6f6ea3ff8db9f3c34c6ff728

基准（JSON 实测）：insn 255,328 + stalls 21,202 = 276,530 拍
本循环：            insn 255,328 + stalls 21,202 = 276,530 拍
自证：一致 → ✓（拍级归因可用）

## 每符号拍数（退役 + 停滞），按拍数降序

| 符号 | 退役 | 停滞 | 拍 | 占 app | 热点 PC |
|---|---:|---:|---:|---:|---:|
| `ntt` | 46,704 | 2,094 | 48,798 | 17.65% | 0x2cf8 |
| `basemul_acc` | 45,700 | 840 | 46,540 | 16.83% | 0xd8c |
| `intt` | 42,110 | 1,745 | 43,855 | 15.86% | 0x1570 |
| `_poly_uniform_inner_loop` | 22,781 | 5,173 | 27,954 | 10.11% | 0x34dc |
| `basemul` | 22,680 | 340 | 23,020 | 8.32% | 0x88c |
| `cbd2` | 11,585 | 168 | 11,753 | 4.25% | 0x126c |
| `poly_reduce` | 9,280 | 175 | 9,455 | 3.42% | 0x3258 |
| `(无符号区间)` | 6,195 | 2,057 | 8,252 | 2.98% | 0xa4 |
| `poly_add` | 6,750 | 245 | 6,995 | 2.53% | 0x31c8 |
| `polyvec_compress_16` | 5,472 | 48 | 5,520 | 2.00% | 0x3844 |
| `_skip_store1` | 2,814 | 2,549 | 5,363 | 1.94% | 0x3504 |
| `polyvec_decompress_16` | 4,704 | 48 | 4,752 | 1.72% | 0x3a0c |
| `_xof_squeeze32_recharge` | 3,486 | 646 | 4,132 | 1.49% | 0x3bb8 |
| `poly_frombytes` | 3,540 | 174 | 3,714 | 1.34% | 0x3604 |
| `_xof_rsp_valid_poll_time_remaining` | 2,268 | 594 | 2,862 | 1.03% | 0x3adc |
| `_rej_sample_loop` | 1,824 | 708 | 2,532 | 0.92% | 0x3324 |
| `polyvec_decompress` | 1,762 | 127 | 1,889 | 0.68% | 0x38f8 |
| `polyvec_compress` | 1,761 | 127 | 1,888 | 0.68% | 0x3754 |
| `_skip_store2` | 1,221 | 456 | 1,677 | 0.61% | 0x33f8 |
| `poly_decompress` | 1,584 | 21 | 1,605 | 0.58% | 0x38a0 |
| `xof_absorb` | 1,139 | 380 | 1,519 | 0.55% | 0x3b20 |
| `_xof_ready_poll_time_remaining` | 1,118 | 341 | 1,459 | 0.53% | 0x3abc |
| `poly_compress` | 1,374 | 21 | 1,395 | 0.50% | 0x36fc |
| `poly_tomsg` | 1,371 | 20 | 1,391 | 0.50% | 0x30a8 |
| `poly_frommsg` | 1,334 | 19 | 1,353 | 0.49% | 0x3054 |
| `_xof_rsp_valid_poll` | 540 | 540 | 1,080 | 0.39% | 0x3ad4 |
| `xof_squeeze32` | 866 | 202 | 1,068 | 0.39% | 0x3bac |
| `_skip_store4a` | 393 | 89 | 482 | 0.17% | 0x3470 |
| `_skip_store2a` | 372 | 81 | 453 | 0.16% | 0x33c8 |
| `crypto_kem_dec` | 323 | 127 | 450 | 0.16% | 0x330 |
| `_xof_ready_poll` | 218 | 218 | 436 | 0.16% | 0x3ab4 |
| `_aligned` | 324 | 72 | 396 | 0.14% | 0x32b8 |
| `indcpa_enc` | 262 | 55 | 317 | 0.11% | 0x3e0 |
| `_xof_absorb_masked_end` | 207 | 69 | 276 | 0.10% | 0x3b78 |
| `_skip_store4` | 124 | 124 | 248 | 0.09% | 0x34a0 |
| `poly_getnoise_eta_2` | 148 | 72 | 220 | 0.08% | 0x3184 |
| `xof_process` | 144 | 72 | 216 | 0.08% | 0x3b88 |
| `xof_finish` | 162 | 54 | 216 | 0.08% | 0x3af4 |
| `poly_getnoise_eta_1` | 111 | 54 | 165 | 0.06% | 0x3114 |
| `poly_sub` | 87 | 50 | 137 | 0.05% | 0x31fc |
| `_xof_shake_init` | 108 | 28 | 136 | 0.05% | 0x3aa4 |
| `_end_rej_sample_loop` | 81 | 54 | 135 | 0.05% | 0x34b0 |
| `indcpa_dec` | 64 | 20 | 84 | 0.03% | 0xd8 |
| `_xof_absorb_end` | 35 | 35 | 70 | 0.03% | 0x3b84 |
| `xof_shake128_init` | 45 | 9 | 54 | 0.02% | 0x3a50 |
| `_skip_verify` | 45 | 4 | 49 | 0.02% | 0x348 |
| `xof_shake256_init` | 32 | 8 | 40 | 0.01% | 0x3a8c |
| `_xof_finish_success` | 18 | 18 | 36 | 0.01% | 0x3b1c |
| `poly_gen_matrix` | 18 | 9 | 27 | 0.01% | 0x327c |
| `unpack_ciphertext` | 10 | 6 | 16 | 0.01% | 0x3a28 |
| `unpack_sk` | 10 | 5 | 15 | 0.01% | 0x36ac |
| `unpack_pk` | 10 | 5 | 15 | 0.01% | 0x3684 |
| `pack_ciphertext` | 9 | 5 | 14 | 0.01% | 0x3864 |
| `xof_sha3_512_init` | 5 | 1 | 6 | 0.00% | 0x3a78 |

## 热点 PC（Top 12）—— 匿名区会在这里露出 sw/addi/bne 三连

| PC | 符号 | 退役 | 停滞 | 拍 |
|---|---|---:|---:|---:|
| `0x34dc` | `_poly_uniform_inner_loop` | 2,620 | 2,620 | 5,240 |
| `0x3504` | `_skip_store1` | 2,680 | 2,549 | 5,229 |
| `0x34f0` | `_poly_uniform_inner_loop` | 2,157 | 2,157 | 4,314 |
| `0xa4` | `(无符号区间)` | 2,048 | 2,047 | 4,095 |
| `0x34d8` | `_poly_uniform_inner_loop` | 2,680 | 0 | 2,680 |
| `0x34e0` | `_poly_uniform_inner_loop` | 2,620 | 0 | 2,620 |
| `0x34e4` | `_poly_uniform_inner_loop` | 2,620 | 0 | 2,620 |
| `0x34e8` | `_poly_uniform_inner_loop` | 2,620 | 0 | 2,620 |
| `0x34ec` | `_poly_uniform_inner_loop` | 2,620 | 0 | 2,620 |
| `0x34f4` | `_poly_uniform_inner_loop` | 2,157 | 0 | 2,157 |
| `0x34f8` | `_poly_uniform_inner_loop` | 2,157 | 0 | 2,157 |
| `0xa8` | `(无符号区间)` | 2,048 | 0 | 2,048 |

## 残差拆分（整 app − Σ阶段；按 PC 摊到部件，全部实测）

整 app 276,530 拍 − Σ阶段 267,917 拍 = 残差 **8,613 拍**（3.115%）

| 部件 | 拍 | 占残差 | 说明 |
|---|---:|---:|---|
| 匿名区（无符号，如 wrapper 清零循环） | 8,252 | 95.8% | PC 级实测 |
| 框架容器（crypto_kem_*/indcpa_* 及其内层标签） | 851 | 9.9% | PC 级实测 |
| 其它（= 残差 − 上两项；含 Σ 行 Δ 的前导冗余，故可能为负） | -490 | -5.7% | 减法 |
| **合计** | **8,613** | 100.0% | 恒等 |

| 两个实测部件的热点 PC | PC | 拍 |
|---|---:|---:|
| 匿名区 `(无符号区间)` | `0xa4` | 4,095 |
| 匿名区 `(无符号区间)` | `0xa8` | 2,048 |
| 匿名区 `(无符号区间)` | `0xac` | 2,048 |
| 匿名区 `(无符号区间)` | `0x0` | 8 |
| 匿名区 `(无符号区间)` | `0x8c` | 2 |
| 匿名区 `(无符号区间)` | `0xb0` | 2 |
| 框架容器 `crypto_kem_dec` | `0x330` | 102 |
| 框架容器 `crypto_kem_dec` | `0x334` | 68 |
| 框架容器 `crypto_kem_dec` | `0x32c` | 34 |
| 框架容器 `crypto_kem_dec` | `0x338` | 34 |
| 框架容器 `crypto_kem_dec` | `0x33c` | 34 |
| 框架容器 `crypto_kem_dec` | `0x340` | 34 |

