# 拍级归因（ver0_2/encap）  target=//test_hybrid_kem_otbn_prompt_ver0_2/otbn/mlkem768:mlkem768_encap
# 工具 test_perf/tools/diag/stall_profile.py md5=5f0a550f6f6ea3ff8db9f3c34c6ff728

基准（JSON 实测）：insn 196,401 + stalls 19,066 = 215,467 拍
本循环：            insn 196,401 + stalls 19,066 = 215,467 拍
自证：一致 → ✓（拍级归因可用）

## 每符号拍数（退役 + 停滞），按拍数降序

| 符号 | 退役 | 停滞 | 拍 | 占 app | 热点 PC |
|---|---:|---:|---:|---:|---:|
| `basemul_acc` | 36,560 | 672 | 37,232 | 17.28% | 0xaf4 |
| `intt` | 33,688 | 1,396 | 35,084 | 16.28% | 0x12d8 |
| `_poly_uniform_inner_loop` | 22,781 | 5,173 | 27,954 | 12.97% | 0x3244 |
| `ntt` | 23,352 | 1,047 | 24,399 | 11.32% | 0x2a60 |
| `basemul` | 18,144 | 272 | 18,416 | 8.55% | 0x5f4 |
| `cbd2` | 11,585 | 168 | 11,753 | 5.45% | 0xfd4 |
| `(无符号区间)` | 6,197 | 2,057 | 8,254 | 3.83% | 0xa4 |
| `poly_reduce` | 7,424 | 140 | 7,564 | 3.51% | 0x2fc0 |
| `poly_add` | 6,750 | 245 | 6,995 | 3.25% | 0x2f30 |
| `polyvec_compress_16` | 5,472 | 48 | 5,520 | 2.56% | 0x35ac |
| `_skip_store1` | 2,814 | 2,549 | 5,363 | 2.49% | 0x326c |
| `_xof_squeeze32_recharge` | 3,486 | 646 | 4,132 | 1.92% | 0x3920 |
| `_xof_rsp_valid_poll_time_remaining` | 2,268 | 594 | 2,862 | 1.33% | 0x3844 |
| `_rej_sample_loop` | 1,824 | 708 | 2,532 | 1.18% | 0x308c |
| `polyvec_compress` | 1,761 | 127 | 1,888 | 0.88% | 0x34bc |
| `poly_frombytes` | 1,770 | 87 | 1,857 | 0.86% | 0x336c |
| `_skip_store2` | 1,221 | 456 | 1,677 | 0.78% | 0x3160 |
| `xof_absorb` | 1,170 | 389 | 1,559 | 0.72% | 0x3888 |
| `_xof_ready_poll_time_remaining` | 1,134 | 346 | 1,480 | 0.69% | 0x3824 |
| `poly_compress` | 1,374 | 21 | 1,395 | 0.65% | 0x3464 |
| `poly_frommsg` | 1,334 | 19 | 1,353 | 0.63% | 0x2dbc |
| `_xof_rsp_valid_poll` | 540 | 540 | 1,080 | 0.50% | 0x383c |
| `xof_squeeze32` | 866 | 202 | 1,068 | 0.50% | 0x3914 |
| `_skip_store4a` | 393 | 89 | 482 | 0.22% | 0x31d8 |
| `_skip_store2a` | 372 | 81 | 453 | 0.21% | 0x3130 |
| `_xof_ready_poll` | 221 | 221 | 442 | 0.21% | 0x381c |
| `_aligned` | 324 | 72 | 396 | 0.18% | 0x3020 |
| `indcpa_enc` | 262 | 61 | 323 | 0.15% | 0xe0 |
| `_xof_absorb_masked_end` | 213 | 71 | 284 | 0.13% | 0x38e0 |
| `_skip_store4` | 124 | 124 | 248 | 0.12% | 0x3208 |
| `poly_getnoise_eta_2` | 148 | 72 | 220 | 0.10% | 0x2eec |
| `xof_process` | 144 | 72 | 216 | 0.10% | 0x38f0 |
| `xof_finish` | 162 | 54 | 216 | 0.10% | 0x385c |
| `poly_getnoise_eta_1` | 111 | 54 | 165 | 0.08% | 0x2e7c |
| `_xof_shake_init` | 108 | 29 | 137 | 0.06% | 0x380c |
| `_end_rej_sample_loop` | 81 | 54 | 135 | 0.06% | 0x3218 |
| `crypto_kem_enc` | 51 | 21 | 72 | 0.03% | 0x4e4 |
| `_xof_absorb_end` | 34 | 34 | 68 | 0.03% | 0x38ec |
| `xof_shake128_init` | 45 | 9 | 54 | 0.03% | 0x37b8 |
| `_xof_finish_success` | 18 | 18 | 36 | 0.02% | 0x3884 |
| `xof_shake256_init` | 28 | 7 | 35 | 0.02% | 0x37f4 |
| `poly_gen_matrix` | 18 | 9 | 27 | 0.01% | 0x2fe4 |
| `unpack_pk` | 10 | 5 | 15 | 0.01% | 0x33ec |
| `pack_ciphertext` | 9 | 5 | 14 | 0.01% | 0x35cc |
| `xof_sha3_256_init` | 5 | 1 | 6 | 0.00% | 0x37cc |
| `xof_sha3_512_init` | 5 | 1 | 6 | 0.00% | 0x37e0 |

## 热点 PC（Top 12）—— 匿名区会在这里露出 sw/addi/bne 三连

| PC | 符号 | 退役 | 停滞 | 拍 |
|---|---|---:|---:|---:|
| `0x3244` | `_poly_uniform_inner_loop` | 2,620 | 2,620 | 5,240 |
| `0x326c` | `_skip_store1` | 2,680 | 2,549 | 5,229 |
| `0x3258` | `_poly_uniform_inner_loop` | 2,157 | 2,157 | 4,314 |
| `0xa4` | `(无符号区间)` | 2,048 | 2,047 | 4,095 |
| `0x3240` | `_poly_uniform_inner_loop` | 2,680 | 0 | 2,680 |
| `0x3248` | `_poly_uniform_inner_loop` | 2,620 | 0 | 2,620 |
| `0x324c` | `_poly_uniform_inner_loop` | 2,620 | 0 | 2,620 |
| `0x3250` | `_poly_uniform_inner_loop` | 2,620 | 0 | 2,620 |
| `0x3254` | `_poly_uniform_inner_loop` | 2,620 | 0 | 2,620 |
| `0x325c` | `_poly_uniform_inner_loop` | 2,157 | 0 | 2,157 |
| `0x3260` | `_poly_uniform_inner_loop` | 2,157 | 0 | 2,157 |
| `0xa8` | `(无符号区间)` | 2,048 | 0 | 2,048 |

## 残差拆分（整 app − Σ阶段；按 PC 摊到部件，全部实测）

整 app 215,467 拍 − Σ阶段 206,934 拍 = 残差 **8,533 拍**（3.960%）

| 部件 | 拍 | 占残差 | 说明 |
|---|---:|---:|---|
| 匿名区（无符号，如 wrapper 清零循环） | 8,254 | 96.7% | PC 级实测 |
| 框架容器（crypto_kem_*/indcpa_* 及其内层标签） | 395 | 4.6% | PC 级实测 |
| 其它（= 残差 − 上两项；含 Σ 行 Δ 的前导冗余，故可能为负） | -116 | -1.4% | 减法 |
| **合计** | **8,533** | 100.0% | 恒等 |

| 两个实测部件的热点 PC | PC | 拍 |
|---|---:|---:|
| 匿名区 `(无符号区间)` | `0xa4` | 4,095 |
| 匿名区 `(无符号区间)` | `0xa8` | 2,048 |
| 匿名区 `(无符号区间)` | `0xac` | 2,048 |
| 匿名区 `(无符号区间)` | `0x0` | 8 |
| 匿名区 `(无符号区间)` | `0x8c` | 2 |
| 匿名区 `(无符号区间)` | `0xb0` | 2 |
| 框架容器 `indcpa_enc` | `0xe0` | 8 |
| 框架容器 `indcpa_enc` | `0x148` | 6 |
| 框架容器 `indcpa_enc` | `0x448` | 6 |
| 框架容器 `crypto_kem_enc` | `0x4e4` | 3 |
| 框架容器 `indcpa_enc` | `0xfc` | 3 |
| 框架容器 `indcpa_enc` | `0x13c` | 3 |

