# 拍级归因（ver0_2/keygen）  target=//test_hybrid_kem_otbn_prompt_ver0_2/otbn/mlkem768:mlkem768_keypair
# 工具 test_perf/tools/diag/stall_profile.py md5=5f0a550f6f6ea3ff8db9f3c34c6ff728

基准（JSON 实测）：insn 157,644 + stalls 18,148 = 175,792 拍
本循环：            insn 157,644 + stalls 18,148 = 175,792 拍
自证：一致 → ✓（拍级归因可用）

## 每符号拍数（退役 + 停滞），按拍数降序

| 符号 | 退役 | 停滞 | 拍 | 占 app | 热点 PC |
|---|---:|---:|---:|---:|---:|
| `ntt` | 46,704 | 2,094 | 48,798 | 27.76% | 0x1b14 |
| `_poly_uniform_inner_loop` | 22,781 | 5,173 | 27,954 | 15.90% | 0x22f8 |
| `basemul_acc` | 27,420 | 504 | 27,924 | 15.88% | 0x9fc |
| `basemul` | 13,608 | 204 | 13,812 | 7.86% | 0x4fc |
| `cbd2` | 9,930 | 144 | 10,074 | 5.73% | 0xedc |
| `(无符号区间)` | 6,195 | 2,057 | 8,252 | 4.69% | 0xa4 |
| `poly_reduce` | 5,568 | 105 | 5,673 | 3.23% | 0x2074 |
| `_skip_store1` | 2,814 | 2,549 | 5,363 | 3.05% | 0x2320 |
| `poly_add` | 4,050 | 147 | 4,197 | 2.39% | 0x1fe4 |
| `_xof_squeeze32_recharge` | 3,402 | 630 | 4,032 | 2.29% | 0x2658 |
| `poly_tobytes` | 3,492 | 174 | 3,666 | 2.09% | 0x2340 |
| `_xof_rsp_valid_poll_time_remaining` | 2,200 | 576 | 2,776 | 1.58% | 0x257c |
| `_rej_sample_loop` | 1,824 | 708 | 2,532 | 1.44% | 0x2140 |
| `_skip_store2` | 1,221 | 456 | 1,677 | 0.95% | 0x2214 |
| `xof_absorb` | 1,137 | 378 | 1,515 | 0.86% | 0x25c0 |
| `_xof_ready_poll_time_remaining` | 1,104 | 336 | 1,440 | 0.82% | 0x255c |
| `_xof_rsp_valid_poll` | 524 | 524 | 1,048 | 0.60% | 0x2574 |
| `xof_squeeze32` | 846 | 198 | 1,044 | 0.59% | 0x264c |
| `_skip_store4a` | 393 | 89 | 482 | 0.27% | 0x228c |
| `_skip_store2a` | 372 | 81 | 453 | 0.26% | 0x21e4 |
| `_xof_ready_poll` | 216 | 216 | 432 | 0.25% | 0x2554 |
| `_aligned` | 324 | 72 | 396 | 0.23% | 0x20d4 |
| `poly_getnoise_eta_1` | 222 | 108 | 330 | 0.19% | 0x1f30 |
| `indcpa_keypair` | 220 | 57 | 277 | 0.16% | 0xd8 |
| `_xof_absorb_masked_end` | 207 | 69 | 276 | 0.16% | 0x2618 |
| `_skip_store4` | 124 | 124 | 248 | 0.14% | 0x22bc |
| `xof_process` | 136 | 68 | 204 | 0.12% | 0x2628 |
| `xof_finish` | 153 | 51 | 204 | 0.12% | 0x2594 |
| `crypto_kem_keypair` | 105 | 88 | 193 | 0.11% | 0x420 |
| `_end_rej_sample_loop` | 81 | 54 | 135 | 0.08% | 0x22cc |
| `_xof_shake_init` | 102 | 28 | 130 | 0.07% | 0x2544 |
| `_xof_absorb_end` | 33 | 33 | 66 | 0.04% | 0x2624 |
| `xof_shake128_init` | 45 | 9 | 54 | 0.03% | 0x24f0 |
| `_xof_finish_success` | 17 | 17 | 34 | 0.02% | 0x25bc |
| `xof_shake256_init` | 24 | 6 | 30 | 0.02% | 0x252c |
| `poly_gen_matrix` | 18 | 9 | 27 | 0.02% | 0x2098 |
| `pack_pk` | 12 | 6 | 18 | 0.01% | 0x23d8 |
| `pack_sk` | 10 | 4 | 14 | 0.01% | 0x23e4 |
| `xof_sha3_512_init` | 5 | 1 | 6 | 0.00% | 0x2518 |
| `xof_sha3_256_init` | 5 | 1 | 6 | 0.00% | 0x2504 |

## 热点 PC（Top 12）—— 匿名区会在这里露出 sw/addi/bne 三连

| PC | 符号 | 退役 | 停滞 | 拍 |
|---|---|---:|---:|---:|
| `0x22f8` | `_poly_uniform_inner_loop` | 2,620 | 2,620 | 5,240 |
| `0x2320` | `_skip_store1` | 2,680 | 2,549 | 5,229 |
| `0x230c` | `_poly_uniform_inner_loop` | 2,157 | 2,157 | 4,314 |
| `0xa4` | `(无符号区间)` | 2,048 | 2,047 | 4,095 |
| `0x22f4` | `_poly_uniform_inner_loop` | 2,680 | 0 | 2,680 |
| `0x22fc` | `_poly_uniform_inner_loop` | 2,620 | 0 | 2,620 |
| `0x2300` | `_poly_uniform_inner_loop` | 2,620 | 0 | 2,620 |
| `0x2304` | `_poly_uniform_inner_loop` | 2,620 | 0 | 2,620 |
| `0x2308` | `_poly_uniform_inner_loop` | 2,620 | 0 | 2,620 |
| `0x2310` | `_poly_uniform_inner_loop` | 2,157 | 0 | 2,157 |
| `0x2314` | `_poly_uniform_inner_loop` | 2,157 | 0 | 2,157 |
| `0xa8` | `(无符号区间)` | 2,048 | 0 | 2,048 |

## 残差拆分（整 app − Σ阶段；按 PC 摊到部件，全部实测）

整 app 175,792 拍 − Σ阶段 167,170 拍 = 残差 **8,622 拍**（4.905%）

| 部件 | 拍 | 占残差 | 说明 |
|---|---:|---:|---|
| 匿名区（无符号，如 wrapper 清零循环） | 8,252 | 95.7% | PC 级实测 |
| 框架容器（crypto_kem_*/indcpa_* 及其内层标签） | 470 | 5.5% | PC 级实测 |
| 其它（= 残差 − 上两项；含 Σ 行 Δ 的前导冗余，故可能为负） | -100 | -1.2% | 减法 |
| **合计** | **8,622** | 100.0% | 恒等 |

| 两个实测部件的热点 PC | PC | 拍 |
|---|---:|---:|
| 匿名区 `(无符号区间)` | `0xa4` | 4,095 |
| 匿名区 `(无符号区间)` | `0xa8` | 2,048 |
| 匿名区 `(无符号区间)` | `0xac` | 2,048 |
| 匿名区 `(无符号区间)` | `0x0` | 8 |
| 匿名区 `(无符号区间)` | `0x8c` | 2 |
| 匿名区 `(无符号区间)` | `0xb0` | 2 |
| 框架容器 `crypto_kem_keypair` | `0x420` | 74 |
| 框架容器 `crypto_kem_keypair` | `0x424` | 74 |
| 框架容器 `indcpa_keypair` | `0xd8` | 8 |
| 框架容器 `indcpa_keypair` | `0x16c` | 6 |
| 框架容器 `indcpa_keypair` | `0x37c` | 6 |
| 框架容器 `indcpa_keypair` | `0xec` | 3 |

