
18. Printing statistics.

=== p7_cpa2_ref ===

        +----------Local Count, excluding submodules.
        |        +-Local Area, excluding submodules.
        |        | 
     2107        - wires
     3661        - wire bits
        9        - public wires
     1563        - public wire bits
        9        - ports
     1563        - port bits
     2098 3.99E+03 cells
       72   76.608   AND2_X1
        1    2.394   AND2_X4
        8    10.64   AND3_X1
        1    1.596   AND3_X2
        4   11.704   AND3_X4
        1    1.596   AND4_X1
        2    6.916   AND4_X4
        5     6.65   AOI211_X1
       10    23.94   AOI211_X2
       77   81.928   AOI21_X1
       19   35.378   AOI21_X2
       39  134.862   AOI21_X4
        6    9.576   AOI221_X1
        5    14.63   AOI221_X2
        5    17.29   AOI221_X4
        2     2.66   AOI22_X1
        3    2.394   BUF_X1
        8   14.896   BUF_X4
        1    3.458   BUF_X8
       22   17.556   CLKBUF_X1
      260   1383.2   DFFR_X1
       84   44.688   INV_X1
      194  361.228   MUX2_X1
       16   38.304   MUX2_X2
      347  276.906   NAND2_X1
        4     5.32   NAND2_X2
        1    2.394   NAND2_X4
       13   13.832   NAND3_X1
       11   20.482   NAND3_X2
       29  100.282   NAND3_X4
        2     2.66   NAND4_X1
        1    2.394   NAND4_X2
        6   28.728   NAND4_X4
      136  108.528   NOR2_X1
        1    2.394   NOR2_X4
        9    9.576   NOR3_X1
        1    1.862   NOR3_X2
        2    7.448   NOR3_X4
        3     3.99   NOR4_X1
       21    27.93   OAI211_X1
        3    7.182   OAI211_X2
       15    67.83   OAI211_X4
      104  110.656   OAI21_X1
        9   16.758   OAI21_X2
       18   62.244   OAI21_X4
        2    3.192   OAI221_X1
        3     3.99   OAI22_X1
       42   44.688   OR2_X1
        2     2.66   OR2_X2
        2    4.788   OR2_X4
       13    17.29   OR3_X1
        2    3.192   OR3_X2
        6   17.556   OR3_X4
      239  381.444   XNOR2_X1
        1     2.66   XNOR2_X2
      205   327.18   XOR2_X1

   Chip area for module '\p7_cpa2_ref': 3992.128000
     of which used for sequential elements: 1383.200000 (34.65%)

