_8794_/Q,sum_o[256],-0.0905
_8794_/Q,sum_o[254],-0.0551
_8794_/Q,sum_o[232],-0.0428
_8794_/Q,sum_o[240],-0.0422
_8794_/Q,sum_o[255],-0.0389
_8794_/Q,sum_o[248],-0.0255
_8794_/Q,sum_o[253],-0.0114
_8794_/Q,sum_o[259],-0.0016
_8794_/Q,sum_o[252],0.0012
_8794_/Q,sum_o[238],0.0125
_8794_/Q,sum_o[239],0.0135
_8794_/Q,sum_o[224],0.0191
_8794_/Q,sum_o[258],0.0210
_8794_/Q,sum_o[251],0.0229
_8794_/Q,sum_o[231],0.0274
_8794_/Q,sum_o[247],0.0350
_8794_/Q,sum_o[246],0.0400
_8794_/Q,sum_o[250],0.0433
_8794_/Q,sum_o[257],0.0500
_8794_/Q,sum_o[237],0.0539
_8794_/Q,sum_o[223],0.0563
_8794_/Q,sum_o[244],0.0566
_8794_/Q,sum_o[236],0.0710
_8794_/Q,sum_o[222],0.0788
_8794_/Q,sum_o[230],0.0856
_8794_/Q,sum_o[249],0.0859
_8794_/Q,sum_o[245],0.0870
_8794_/Q,sum_o[221],0.0892
_8794_/Q,sum_o[243],0.0942
_8794_/Q,sum_o[242],0.1064
_8794_/Q,sum_o[235],0.1071
_8794_/Q,sum_o[234],0.1128
_8794_/Q,sum_o[228],0.1240
_8794_/Q,sum_o[229],0.1246
_8794_/Q,sum_o[241],0.1261
_8794_/Q,sum_o[220],0.1281
_8794_/Q,sum_o[227],0.1325
_8794_/Q,sum_o[233],0.1521
_8794_/Q,sum_o[219],0.1917
_8794_/Q,sum_o[226],0.2002
_8794_/Q,sum_o[218],0.2095
_8794_/Q,sum_o[225],0.2211
_8794_/Q,sum_o[216],0.2403
_8794_/Q,sum_o[215],0.2662
_8794_/Q,sum_o[217],0.2811
_8794_/Q,sum_o[214],0.2844
_8794_/Q,sum_o[208],0.3002
_8794_/Q,sum_o[213],0.3087
_8794_/Q,sum_o[212],0.3106
_8794_/Q,sum_o[211],0.3412
_8794_/Q,sum_o[207],0.3600
_8794_/Q,sum_o[210],0.3748
_8794_/Q,sum_o[209],0.3950
_8794_/Q,sum_o[206],0.3952
_8794_/Q,sum_o[204],0.4297
_8794_/Q,sum_o[205],0.4630
_8794_/Q,sum_o[203],0.4674
_8794_/Q,sum_o[202],0.4855
_8794_/Q,sum_o[201],0.5214
_8794_/Q,sum_o[200],0.5472
_8794_/Q,sum_o[199],0.5779
_8794_/Q,sum_o[192],0.5900
_8794_/Q,sum_o[198],0.6029
_8794_/Q,sum_o[191],0.6272
_8794_/Q,sum_o[197],0.6333
_8794_/Q,sum_o[184],0.6462
_8794_/Q,sum_o[190],0.6594
_8794_/Q,sum_o[196],0.6694
_8794_/Q,sum_o[195],0.6968
_8794_/Q,sum_o[183],0.6989
_8794_/Q,sum_o[188],0.7019
_8794_/Q,sum_o[189],0.7040
_8794_/Q,sum_o[194],0.7218
_8794_/Q,sum_o[187],0.7365
_8794_/Q,sum_o[182],0.7434
_8794_/Q,sum_o[186],0.7502
_8794_/Q,sum_o[193],0.7515
_8794_/Q,sum_o[180],0.7769
_8794_/Q,sum_o[179],0.7860
_8794_/Q,sum_o[181],0.7883
_8794_/Q,sum_o[185],0.7926
_8794_/Q,sum_o[178],0.7952
_8794_/Q,sum_o[177],0.8295
_8794_/Q,sum_o[176],0.8747
_8794_/Q,sum_o[175],0.9132
_8794_/Q,sum_o[174],0.9611
_8794_/Q,sum_o[173],0.9820
_8794_/Q,sum_o[172],1.0136
_8794_/Q,sum_o[171],1.0509
_8794_/Q,sum_o[170],1.0814
_8794_/Q,sum_o[169],1.1107
_8794_/Q,sum_o[168],1.1361
_8794_/Q,sum_o[167],1.1727
_8794_/Q,sum_o[166],1.2190
_8794_/Q,sum_o[165],1.2527
_8794_/Q,sum_o[164],1.2638
_8794_/Q,sum_o[160],1.2983
_8794_/Q,sum_o[163],1.3117
_8794_/Q,sum_o[158],1.3352
_8794_/Q,sum_o[159],1.3360
_8794_/Q,sum_o[162],1.3466
_8794_/Q,sum_o[161],1.3674
_8794_/Q,sum_o[156],1.3888
_8794_/Q,sum_o[155],1.3979
_8794_/Q,sum_o[157],1.4045
_8794_/Q,sum_o[154],1.4449
_8794_/Q,sum_o[153],1.4784
_8794_/Q,sum_o[152],1.5009
_8794_/Q,sum_o[151],1.5291
_8794_/Q,sum_o[150],1.5541
_8794_/Q,sum_o[149],1.5874
_8794_/Q,sum_o[148],1.6354
_8794_/Q,sum_o[147],1.6628
_8794_/Q,sum_o[146],1.6878
_8794_/Q,sum_o[145],1.7204
_8794_/Q,sum_o[144],1.7462
_8794_/Q,sum_o[143],1.7775
_8794_/Q,sum_o[142],1.7970
_8794_/Q,sum_o[141],1.8276
_8794_/Q,sum_o[140],1.8526
_8794_/Q,sum_o[139],1.8830
_8794_/Q,sum_o[138],1.9191
_8794_/Q,sum_o[137],1.9466
_8794_/Q,sum_o[136],1.9716
_8794_/Q,sum_o[135],2.0048
_8794_/Q,sum_o[128],2.0052
_8794_/Q,sum_o[127],2.0301
_8794_/Q,sum_o[126],2.0380
_8794_/Q,sum_o[134],2.0529
_8794_/Q,sum_o[124],2.0772
_8794_/Q,sum_o[133],2.0803
_8794_/Q,sum_o[120],2.1014
_8794_/Q,sum_o[125],2.1027
_8794_/Q,sum_o[132],2.1053
_8794_/Q,sum_o[123],2.1312
_8794_/Q,sum_o[131],2.1350
_8794_/Q,sum_o[122],2.1405
_8794_/Q,sum_o[112],2.1617
_8794_/Q,sum_o[119],2.1618
_8794_/Q,sum_o[118],2.1668
_8794_/Q,sum_o[121],2.1765
_8794_/Q,sum_o[129],2.1829
_8794_/Q,sum_o[130],2.1881
_8794_/Q,sum_o[116],2.2040
_8794_/Q,sum_o[115],2.2137
_8794_/Q,sum_o[117],2.2139
_8794_/Q,sum_o[111],2.2215
_8794_/Q,sum_o[114],2.2349
_8794_/Q,sum_o[110],2.2569
_8794_/Q,sum_o[113],2.2715
_8794_/Q,sum_o[106],2.3001
_8794_/Q,sum_o[108],2.3118
_8794_/Q,sum_o[109],2.3149
_8794_/Q,sum_o[107],2.3412
_8794_/Q,sum_o[105],2.3617
_8794_/Q,sum_o[104],2.4653
_8794_/Q,sum_o[103],2.4889
_8794_/Q,sum_o[102],2.5211
_8794_/Q,sum_o[101],2.5428
_8794_/Q,sum_o[100],2.5753
_8794_/Q,sum_o[96],2.5921
_8794_/Q,sum_o[95],2.6015
_8794_/Q,sum_o[99],2.6126
_8794_/Q,sum_o[94],2.6279
_8794_/Q,sum_o[98],2.6431
_8794_/Q,sum_o[92],2.6574
_8794_/Q,sum_o[97],2.6658
_8794_/Q,sum_o[91],2.6664
_8794_/Q,sum_o[93],2.6704
_8794_/Q,sum_o[90],2.7133
_8794_/Q,sum_o[89],2.7529
_8794_/Q,sum_o[88],2.7780
_8794_/Q,sum_o[87],2.8087
_8794_/Q,sum_o[86],2.8336
_8794_/Q,sum_o[85],2.8641
_8794_/Q,sum_o[84],2.9002
_8794_/Q,sum_o[83],2.9276
_8794_/Q,sum_o[82],2.9526
_8794_/Q,sum_o[81],2.9852
_8794_/Q,sum_o[80],3.0040
_8794_/Q,sum_o[79],3.0322
_8794_/Q,sum_o[78],3.0572
_8794_/Q,sum_o[77],3.0905
_8794_/Q,sum_o[76],3.1385
_8794_/Q,sum_o[75],3.1660
_8794_/Q,sum_o[74],3.1910
_8794_/Q,sum_o[73],3.2242
_8794_/Q,sum_o[72],3.2723
_8794_/Q,sum_o[71],3.2997
_8794_/Q,sum_o[70],3.3247
_8794_/Q,sum_o[69],3.3573
_8794_/Q,sum_o[68],3.3798
_8794_/Q,sum_o[67],3.4076
_8794_/Q,sum_o[66],3.4607
_8794_/Q,sum_o[65],3.4822
_8794_/Q,sum_o[64],3.5072
_8794_/Q,sum_o[63],3.5405
_8794_/Q,sum_o[62],3.5885
_8794_/Q,sum_o[61],3.6159
_8794_/Q,sum_o[60],3.6409
_8794_/Q,sum_o[59],3.6735
_8794_/Q,sum_o[58],3.6960
_8794_/Q,sum_o[57],3.7271
_8794_/Q,sum_o[56],3.7460
_8794_/Q,sum_o[55],3.7741
_8794_/Q,sum_o[54],3.7991
_8794_/Q,sum_o[53],3.8317
_8794_/Q,sum_o[52],3.8506
_8794_/Q,sum_o[51],3.8787
_8794_/Q,sum_o[50],3.9037
_8794_/Q,sum_o[49],3.9364
_8794_/Q,sum_o[48],3.9552
_8794_/Q,sum_o[47],3.9834
_8794_/Q,sum_o[46],4.0084
_8794_/Q,sum_o[45],4.0417
_8794_/Q,sum_o[44],4.0897
_8794_/Q,sum_o[43],4.1171
_8794_/Q,sum_o[42],4.1421
_8794_/Q,sum_o[41],4.1754
_8794_/Q,sum_o[40],4.2234
_8794_/Q,sum_o[39],4.2509
_8794_/Q,sum_o[38],4.2759
_8794_/Q,sum_o[37],4.3084
_8794_/Q,sum_o[36],4.3309
_8794_/Q,sum_o[35],4.3587
_8794_/Q,sum_o[34],4.4118
_8794_/Q,sum_o[33],4.4415
_8794_/Q,sum_o[32],4.4666
_8794_/Q,sum_o[31],4.4973
_8794_/Q,sum_o[30],4.5223
_8794_/Q,sum_o[29],4.5527
_8794_/Q,sum_o[28],4.5754
_8794_/Q,sum_o[27],4.6033
_8794_/Q,sum_o[26],4.6564
_8794_/Q,sum_o[25],4.6779
_8794_/Q,sum_o[24],4.7029
_8794_/Q,sum_o[23],4.7361
_8794_/Q,sum_o[22],4.7842
_8794_/Q,sum_o[21],4.8116
_8794_/Q,sum_o[20],4.8366
_8794_/Q,sum_o[19],4.8663
_8794_/Q,sum_o[18],4.8922
_8794_/Q,sum_o[17],4.9287
_8794_/Q,sum_o[16],4.9630
_8794_/Q,sum_o[15],4.9874
_8794_/Q,sum_o[14],5.0209
_8794_/Q,sum_o[13],5.0421
_8794_/Q,sum_o[11],5.0737
_8794_/Q,sum_o[12],5.0737
_8794_/Q,sum_o[10],5.1006
_8794_/Q,sum_o[9],5.1402
_8794_/Q,sum_o[8],5.1513
_8794_/Q,sum_o[7],5.1916
_8794_/Q,sum_o[6],5.2003
_8794_/Q,sum_o[5],5.2419
_8794_/Q,sum_o[4],5.2505
_8794_/Q,sum_o[3],5.2922
_8794_/Q,sum_o[2],5.3073
_8793_/Q,sum_o[1],5.3707
_8944_/Q,carry_o[151],5.4443
_8930_/Q,carry_o[137],5.4478
_8988_/Q,carry_o[195],5.4478
_8876_/Q,carry_o[83],5.4478
_9043_/Q,carry_o[250],5.4480
_8936_/Q,carry_o[143],5.4485
_8840_/Q,carry_o[47],5.4485
_8844_/Q,carry_o[51],5.4485
_8848_/Q,carry_o[55],5.4485
_8872_/Q,carry_o[79],5.4485
_8824_/Q,carry_o[31],5.4519
_8880_/Q,carry_o[87],5.4519
_8961_/Q,carry_o[168],5.4529
_9010_/Q,carry_o[217],5.4544
_8983_/Q,carry_o[190],5.4548
_9015_/Q,carry_o[222],5.4548
_9035_/Q,carry_o[242],5.4548
_9047_/Q,carry_o[254],5.4549
_8896_/Q,carry_o[103],5.4553
_8926_/Q,carry_o[133],5.4554
_8940_/Q,carry_o[147],5.4554
_8814_/Q,carry_o[21],5.4554
_8832_/Q,carry_o[39],5.4554
_8836_/Q,carry_o[43],5.4554
_8854_/Q,carry_o[61],5.4554
_8864_/Q,carry_o[71],5.4554
_8868_/Q,carry_o[75],5.4554
_9031_/Q,carry_o[238],5.4556
_8981_/Q,carry_o[188],5.4565
_8904_/Q,carry_o[111],5.4596
_8916_/Q,carry_o[123],5.4596
_8978_/Q,carry_o[185],5.4596
_9000_/Q,carry_o[207],5.4596
_9012_/Q,carry_o[219],5.4596
_9026_/Q,carry_o[233],5.4596
_9030_/Q,carry_o[237],5.4596
_9038_/Q,carry_o[245],5.4596
_9048_/Q,carry_o[255],5.4596
_9008_/Q,carry_o[215],5.4596
_9018_/Q,carry_o[225],5.4596
_9042_/Q,carry_o[249],5.4596
_8888_/Q,carry_o[95],5.4597
_8948_/Q,carry_o[155],5.4597
_8894_/Q,carry_o[101],5.4598
_8906_/Q,carry_o[113],5.4598
_8923_/Q,carry_o[130],5.4598
_8927_/Q,carry_o[134],5.4598
_8931_/Q,carry_o[138],5.4598
_8937_/Q,carry_o[144],5.4598
_8941_/Q,carry_o[148],5.4598
_8946_/Q,carry_o[153],5.4598
_8951_/Q,carry_o[158],5.4598
_8952_/Q,carry_o[159],5.4598
_8954_/Q,carry_o[161],5.4598
_8962_/Q,carry_o[169],5.4598
_8964_/Q,carry_o[171],5.4598
_8970_/Q,carry_o[177],5.4598
_8974_/Q,carry_o[181],5.4598
_8980_/Q,carry_o[187],5.4598
_8985_/Q,carry_o[192],5.4598
_8989_/Q,carry_o[196],5.4598
_8993_/Q,carry_o[200],5.4598
_8994_/Q,carry_o[201],5.4598
_9002_/Q,carry_o[209],5.4598
_9020_/Q,carry_o[227],5.4598
_8815_/Q,carry_o[22],5.4598
_9028_/Q,carry_o[235],5.4598
_9046_/Q,carry_o[253],5.4598
_9050_/Q,carry_o[257],5.4598
_8819_/Q,carry_o[26],5.4598
_8821_/Q,carry_o[28],5.4598
_8827_/Q,carry_o[34],5.4598
_8829_/Q,carry_o[36],5.4598
_8833_/Q,carry_o[40],5.4598
_8837_/Q,carry_o[44],5.4598
_8841_/Q,carry_o[48],5.4598
_8845_/Q,carry_o[52],5.4598
_8849_/Q,carry_o[56],5.4598
_8851_/Q,carry_o[58],5.4598
_8855_/Q,carry_o[62],5.4598
_8859_/Q,carry_o[66],5.4598
_8861_/Q,carry_o[68],5.4598
_8865_/Q,carry_o[72],5.4598
_8869_/Q,carry_o[76],5.4598
_8873_/Q,carry_o[80],5.4598
_8877_/Q,carry_o[84],5.4598
_8882_/Q,carry_o[89],5.4598
_8890_/Q,carry_o[97],5.4598
_8892_/Q,carry_o[99],5.4598
_8910_/Q,carry_o[117],5.4598
_8914_/Q,carry_o[121],5.4598
_8918_/Q,carry_o[125],5.4598
_8897_/Q,carry_o[104],5.4599
_8911_/Q,carry_o[118],5.4599
_8949_/Q,carry_o[156],5.4599
_9023_/Q,carry_o[230],5.4599
_9039_/Q,carry_o[246],5.4599
_8885_/Q,carry_o[92],5.4599
_8909_/Q,carry_o[116],5.4599
_8913_/Q,carry_o[120],5.4599
_8917_/Q,carry_o[124],5.4599
_9040_/Q,carry_o[247],5.4599
_8901_/Q,carry_o[108],5.4599
_8973_/Q,carry_o[180],5.4599
_8997_/Q,carry_o[204],5.4599
_8903_/Q,carry_o[110],5.4599
_8915_/Q,carry_o[122],5.4599
_8999_/Q,carry_o[206],5.4599
_9009_/Q,carry_o[216],5.4599
_9011_/Q,carry_o[218],5.4599
_8976_/Q,carry_o[183],5.4600
_9032_/Q,carry_o[239],5.4600
_8900_/Q,carry_o[107],5.4600
_8908_/Q,carry_o[115],5.4600
_8912_/Q,carry_o[119],5.4600
_8920_/Q,carry_o[127],5.4600
_8972_/Q,carry_o[179],5.4600
_9036_/Q,carry_o[243],5.4600
_8884_/Q,carry_o[91],5.4600
_8899_/Q,carry_o[106],5.4600
_8907_/Q,carry_o[114],5.4600
_8971_/Q,carry_o[178],5.4600
_8995_/Q,carry_o[202],5.4600
_8883_/Q,carry_o[90],5.4600
_8898_/Q,carry_o[105],5.4601
_8996_/Q,carry_o[203],5.4601
_8950_/Q,carry_o[157],5.4601
_8984_/Q,carry_o[191],5.4601
_9016_/Q,carry_o[223],5.4601
_9024_/Q,carry_o[231],5.4601
_8886_/Q,carry_o[93],5.4601
_8977_/Q,carry_o[184],5.4601
_9025_/Q,carry_o[232],5.4601
_9029_/Q,carry_o[236],5.4601
_9037_/Q,carry_o[244],5.4601
_8807_/Q,carry_o[14],5.4601
_8811_/Q,carry_o[18],5.4601
_9004_/Q,carry_o[211],5.4601
_9034_/Q,carry_o[241],5.4601
_8798_/Q,carry_o[5],5.4604
_8922_/Q,carry_o[129],5.4605
_8818_/Q,carry_o[25],5.4605
_8826_/Q,carry_o[33],5.4605
_8858_/Q,carry_o[65],5.4605
_8810_/Q,carry_o[17],5.4609
_8795_/Q,carry_o[2],5.4611
_8797_/Q,carry_o[4],5.4611
_9044_/Q,carry_o[251],5.4613
_8794_/Q,carry_o[1],5.4620
_9006_/Q,carry_o[213],5.4628
_8902_/Q,carry_o[109],5.4629
_8958_/Q,carry_o[165],5.4629
_8966_/Q,carry_o[173],5.4629
_8998_/Q,carry_o[205],5.4629
_8924_/Q,carry_o[131],5.4632
_8928_/Q,carry_o[135],5.4632
_8932_/Q,carry_o[139],5.4632
_8938_/Q,carry_o[145],5.4632
_8942_/Q,carry_o[149],5.4632
_8975_/Q,carry_o[182],5.4632
_8982_/Q,carry_o[189],5.4632
_8986_/Q,carry_o[193],5.4632
_8990_/Q,carry_o[197],5.4632
_8812_/Q,carry_o[19],5.4632
_9001_/Q,carry_o[208],5.4632
_8816_/Q,carry_o[23],5.4632
_8820_/Q,carry_o[27],5.4632
_8822_/Q,carry_o[29],5.4632
_8828_/Q,carry_o[35],5.4632
_8830_/Q,carry_o[37],5.4632
_8834_/Q,carry_o[41],5.4632
_8838_/Q,carry_o[45],5.4632
_8842_/Q,carry_o[49],5.4632
_8846_/Q,carry_o[53],5.4632
_8850_/Q,carry_o[57],5.4632
_8852_/Q,carry_o[59],5.4632
_8856_/Q,carry_o[63],5.4632
_8860_/Q,carry_o[67],5.4632
_8862_/Q,carry_o[69],5.4632
_8866_/Q,carry_o[73],5.4632
_8870_/Q,carry_o[77],5.4632
_8874_/Q,carry_o[81],5.4632
_8878_/Q,carry_o[85],5.4632
_8806_/Q,carry_o[13],5.4636
_8808_/Q,carry_o[15],5.4636
_9007_/Q,carry_o[214],5.4647
_9049_/Q,carry_o[256],5.4648
_8905_/Q,carry_o[112],5.4650
_8921_/Q,carry_o[128],5.4650
_8925_/Q,carry_o[132],5.4650
_8929_/Q,carry_o[136],5.4650
_8933_/Q,carry_o[140],5.4650
_8935_/Q,carry_o[142],5.4650
_8939_/Q,carry_o[146],5.4650
_8943_/Q,carry_o[150],5.4650
_8945_/Q,carry_o[152],5.4650
_8947_/Q,carry_o[154],5.4650
_8969_/Q,carry_o[176],5.4650
_8979_/Q,carry_o[186],5.4650
_8987_/Q,carry_o[194],5.4650
_8991_/Q,carry_o[198],5.4650
_8813_/Q,carry_o[20],5.4650
_9005_/Q,carry_o[212],5.4650
_9013_/Q,carry_o[220],5.4650
_9017_/Q,carry_o[224],5.4650
_9019_/Q,carry_o[226],5.4650
_9021_/Q,carry_o[228],5.4650
_9027_/Q,carry_o[234],5.4650
_9041_/Q,carry_o[248],5.4650
_8817_/Q,carry_o[24],5.4650
_9045_/Q,carry_o[252],5.4650
_8823_/Q,carry_o[30],5.4650
_8825_/Q,carry_o[32],5.4650
_8831_/Q,carry_o[38],5.4650
_8835_/Q,carry_o[42],5.4650
_8839_/Q,carry_o[46],5.4650
_8843_/Q,carry_o[50],5.4650
_8847_/Q,carry_o[54],5.4650
_8853_/Q,carry_o[60],5.4650
_8857_/Q,carry_o[64],5.4650
_8863_/Q,carry_o[70],5.4650
_8867_/Q,carry_o[74],5.4650
_8871_/Q,carry_o[78],5.4650
_8875_/Q,carry_o[82],5.4650
_8879_/Q,carry_o[86],5.4650
_8881_/Q,carry_o[88],5.4650
_8887_/Q,carry_o[94],5.4650
_8803_/Q,carry_o[10],5.4653
_8805_/Q,carry_o[12],5.4653
_8809_/Q,carry_o[16],5.4653
_8796_/Q,carry_o[3],5.4653
_8799_/Q,carry_o[6],5.4653
_8801_/Q,carry_o[8],5.4653
_8802_/Q,carry_o[9],5.4653
_9022_/Q,carry_o[229],5.4662
_8893_/Q,carry_o[100],5.4666
_8895_/Q,carry_o[102],5.4666
_8919_/Q,carry_o[126],5.4666
_8953_/Q,carry_o[160],5.4666
_8955_/Q,carry_o[162],5.4666
_8957_/Q,carry_o[164],5.4666
_8959_/Q,carry_o[166],5.4666
_8963_/Q,carry_o[170],5.4666
_8965_/Q,carry_o[172],5.4666
_8967_/Q,carry_o[174],5.4666
_9003_/Q,carry_o[210],5.4666
_9033_/Q,carry_o[240],5.4666
_8889_/Q,carry_o[96],5.4666
_8891_/Q,carry_o[98],5.4666
_8793_/Q,carry_o[0],5.4669
_8968_/Q,carry_o[175],5.4678
_8934_/Q,carry_o[141],5.4680
_8956_/Q,carry_o[163],5.4680
_8960_/Q,carry_o[167],5.4680
_8992_/Q,carry_o[199],5.4680
_9014_/Q,carry_o[221],5.4680
_8800_/Q,carry_o[7],5.4681
_8804_/Q,carry_o[11],5.4683
_9051_/Q,carry_o[258],5.4699
_9052_/Q,carry_o[259],5.4761
_8533_/Q,sum_o[0],5.4778
