_8716_/Q,sum_o[10],5.4760
_8718_/Q,sum_o[12],5.4760
_8844_/Q,sum_o[138],5.4760
_8852_/Q,sum_o[146],5.4760
_8864_/Q,sum_o[158],5.4760
_8868_/Q,sum_o[162],5.4760
_8724_/Q,sum_o[18],5.4760
_8900_/Q,sum_o[194],5.4760
_8963_/Q,sum_o[257],5.4760
_8746_/Q,sum_o[40],5.4760
_8750_/Q,sum_o[44],5.4760
_8771_/Q,sum_o[65],5.4760
_8792_/Q,sum_o[86],5.4760
_8796_/Q,sum_o[90],5.4760
_8804_/Q,sum_o[98],5.4760
_8966_/Q,sum_o[0],5.4761
_8806_/Q,sum_o[100],5.4761
_8807_/Q,sum_o[101],5.4761
_8812_/Q,sum_o[106],5.4761
_8814_/Q,sum_o[108],5.4761
_8816_/Q,sum_o[110],5.4761
_8717_/Q,sum_o[11],5.4761
_8835_/Q,sum_o[129],5.4761
_8836_/Q,sum_o[130],5.4761
_8838_/Q,sum_o[132],5.4761
_8842_/Q,sum_o[136],5.4761
_8843_/Q,sum_o[137],5.4761
_8846_/Q,sum_o[140],5.4761
_8847_/Q,sum_o[141],5.4761
_8854_/Q,sum_o[148],5.4761
_8855_/Q,sum_o[149],5.4761
_8862_/Q,sum_o[156],5.4761
_8721_/Q,sum_o[15],5.4761
_8866_/Q,sum_o[160],5.4761
_8870_/Q,sum_o[164],5.4761
_8871_/Q,sum_o[165],5.4761
_8878_/Q,sum_o[172],5.4761
_8880_/Q,sum_o[174],5.4761
_8723_/Q,sum_o[17],5.4761
_8898_/Q,sum_o[192],5.4761
_8901_/Q,sum_o[195],5.4761
_8903_/Q,sum_o[197],5.4761
_8908_/Q,sum_o[202],5.4761
_8910_/Q,sum_o[204],5.4761
_8911_/Q,sum_o[205],5.4761
_8912_/Q,sum_o[206],5.4761
_8914_/Q,sum_o[208],5.4761
_8727_/Q,sum_o[21],5.4761
_8931_/Q,sum_o[225],5.4761
_8932_/Q,sum_o[226],5.4761
_8933_/Q,sum_o[227],5.4761
_8935_/Q,sum_o[229],5.4761
_8942_/Q,sum_o[236],5.4761
_8946_/Q,sum_o[240],5.4761
_8947_/Q,sum_o[241],5.4761
_8949_/Q,sum_o[243],5.4761
_8951_/Q,sum_o[245],5.4761
_8962_/Q,sum_o[256],5.4761
_8731_/Q,sum_o[25],5.4761
_8733_/Q,sum_o[27],5.4761
_8735_/Q,sum_o[29],5.4761
_8737_/Q,sum_o[31],5.4761
_8739_/Q,sum_o[33],5.4761
_8740_/Q,sum_o[34],5.4761
_8744_/Q,sum_o[38],5.4761
_8745_/Q,sum_o[39],5.4761
_8747_/Q,sum_o[41],5.4761
_8748_/Q,sum_o[42],5.4761
_8749_/Q,sum_o[43],5.4761
_8752_/Q,sum_o[46],5.4761
_8754_/Q,sum_o[48],5.4761
_8756_/Q,sum_o[50],5.4761
_8758_/Q,sum_o[52],5.4761
_8759_/Q,sum_o[53],5.4761
_8764_/Q,sum_o[58],5.4761
_8766_/Q,sum_o[60],5.4761
_8767_/Q,sum_o[61],5.4761
_8768_/Q,sum_o[62],5.4761
_8770_/Q,sum_o[64],5.4761
_8772_/Q,sum_o[66],5.4761
_8774_/Q,sum_o[68],5.4761
_8775_/Q,sum_o[69],5.4761
_8712_/Q,sum_o[6],5.4761
_8778_/Q,sum_o[72],5.4761
_8779_/Q,sum_o[73],5.4761
_8782_/Q,sum_o[76],5.4761
_8783_/Q,sum_o[77],5.4761
_8713_/Q,sum_o[7],5.4761
_8790_/Q,sum_o[84],5.4761
_8791_/Q,sum_o[85],5.4761
_8798_/Q,sum_o[92],5.4761
_8799_/Q,sum_o[93],5.4761
_8800_/Q,sum_o[94],5.4761
_8715_/Q,sum_o[9],5.4761
_8817_/Q,sum_o[111],5.4761
_8863_/Q,sum_o[157],5.4761
_8867_/Q,sum_o[161],5.4761
_8907_/Q,sum_o[201],5.4761
_8729_/Q,sum_o[23],5.4761
_8753_/Q,sum_o[47],5.4761
_8773_/Q,sum_o[67],5.4761
_8710_/Q,sum_o[4],5.4763
_8965_/Q,sum_o[259],5.4763
_8808_/Q,sum_o[102],5.4778
_8809_/Q,sum_o[103],5.4778
_8810_/Q,sum_o[104],5.4778
_8811_/Q,sum_o[105],5.4778
_8813_/Q,sum_o[107],5.4778
_8815_/Q,sum_o[109],5.4778
_8818_/Q,sum_o[112],5.4778
_8819_/Q,sum_o[113],5.4778
_8820_/Q,sum_o[114],5.4778
_8821_/Q,sum_o[115],5.4778
_8822_/Q,sum_o[116],5.4778
_8823_/Q,sum_o[117],5.4778
_8824_/Q,sum_o[118],5.4778
_8825_/Q,sum_o[119],5.4778
_8826_/Q,sum_o[120],5.4778
_8827_/Q,sum_o[121],5.4778
_8828_/Q,sum_o[122],5.4778
_8829_/Q,sum_o[123],5.4778
_8830_/Q,sum_o[124],5.4778
_8831_/Q,sum_o[125],5.4778
_8832_/Q,sum_o[126],5.4778
_8833_/Q,sum_o[127],5.4778
_8834_/Q,sum_o[128],5.4778
_8837_/Q,sum_o[131],5.4778
_8839_/Q,sum_o[133],5.4778
_8840_/Q,sum_o[134],5.4778
_8841_/Q,sum_o[135],5.4778
_8845_/Q,sum_o[139],5.4778
_8719_/Q,sum_o[13],5.4778
_8848_/Q,sum_o[142],5.4778
_8849_/Q,sum_o[143],5.4778
_8850_/Q,sum_o[144],5.4778
_8851_/Q,sum_o[145],5.4778
_8853_/Q,sum_o[147],5.4778
_8720_/Q,sum_o[14],5.4778
_8856_/Q,sum_o[150],5.4778
_8857_/Q,sum_o[151],5.4778
_8858_/Q,sum_o[152],5.4778
_8859_/Q,sum_o[153],5.4778
_8860_/Q,sum_o[154],5.4778
_8861_/Q,sum_o[155],5.4778
_8865_/Q,sum_o[159],5.4778
_8869_/Q,sum_o[163],5.4778
_8872_/Q,sum_o[166],5.4778
_8873_/Q,sum_o[167],5.4778
_8874_/Q,sum_o[168],5.4778
_8875_/Q,sum_o[169],5.4778
_8722_/Q,sum_o[16],5.4778
_8876_/Q,sum_o[170],5.4778
_8877_/Q,sum_o[171],5.4778
_8879_/Q,sum_o[173],5.4778
_8881_/Q,sum_o[175],5.4778
_8882_/Q,sum_o[176],5.4778
_8883_/Q,sum_o[177],5.4778
_8884_/Q,sum_o[178],5.4778
_8885_/Q,sum_o[179],5.4778
_8886_/Q,sum_o[180],5.4778
_8887_/Q,sum_o[181],5.4778
_8888_/Q,sum_o[182],5.4778
_8889_/Q,sum_o[183],5.4778
_8890_/Q,sum_o[184],5.4778
_8891_/Q,sum_o[185],5.4778
_8892_/Q,sum_o[186],5.4778
_8893_/Q,sum_o[187],5.4778
_8894_/Q,sum_o[188],5.4778
_8895_/Q,sum_o[189],5.4778
_8896_/Q,sum_o[190],5.4778
_8897_/Q,sum_o[191],5.4778
_8899_/Q,sum_o[193],5.4778
_8902_/Q,sum_o[196],5.4778
_8904_/Q,sum_o[198],5.4778
_8905_/Q,sum_o[199],5.4778
_8725_/Q,sum_o[19],5.4778
_8967_/Q,sum_o[1],5.4778
_8906_/Q,sum_o[200],5.4778
_8909_/Q,sum_o[203],5.4778
_8913_/Q,sum_o[207],5.4778
_8915_/Q,sum_o[209],5.4778
_8726_/Q,sum_o[20],5.4778
_8916_/Q,sum_o[210],5.4778
_8917_/Q,sum_o[211],5.4778
_8918_/Q,sum_o[212],5.4778
_8919_/Q,sum_o[213],5.4778
_8920_/Q,sum_o[214],5.4778
_8921_/Q,sum_o[215],5.4778
_8922_/Q,sum_o[216],5.4778
_8923_/Q,sum_o[217],5.4778
_8924_/Q,sum_o[218],5.4778
_8925_/Q,sum_o[219],5.4778
_8926_/Q,sum_o[220],5.4778
_8927_/Q,sum_o[221],5.4778
_8928_/Q,sum_o[222],5.4778
_8929_/Q,sum_o[223],5.4778
_8930_/Q,sum_o[224],5.4778
_8934_/Q,sum_o[228],5.4778
_8728_/Q,sum_o[22],5.4778
_8936_/Q,sum_o[230],5.4778
_8937_/Q,sum_o[231],5.4778
_8938_/Q,sum_o[232],5.4778
_8939_/Q,sum_o[233],5.4778
_8940_/Q,sum_o[234],5.4778
_8941_/Q,sum_o[235],5.4778
_8943_/Q,sum_o[237],5.4778
_8944_/Q,sum_o[238],5.4778
_8945_/Q,sum_o[239],5.4778
_8948_/Q,sum_o[242],5.4778
_8950_/Q,sum_o[244],5.4778
_8952_/Q,sum_o[246],5.4778
_8953_/Q,sum_o[247],5.4778
_8954_/Q,sum_o[248],5.4778
_8955_/Q,sum_o[249],5.4778
_8730_/Q,sum_o[24],5.4778
_8956_/Q,sum_o[250],5.4778
_8957_/Q,sum_o[251],5.4778
_8958_/Q,sum_o[252],5.4778
_8959_/Q,sum_o[253],5.4778
_8960_/Q,sum_o[254],5.4778
_8961_/Q,sum_o[255],5.4778
_8964_/Q,sum_o[258],5.4778
_8732_/Q,sum_o[26],5.4778
_8734_/Q,sum_o[28],5.4778
_8968_/Q,sum_o[2],5.4778
_8736_/Q,sum_o[30],5.4778
_8738_/Q,sum_o[32],5.4778
_8741_/Q,sum_o[35],5.4778
_8742_/Q,sum_o[36],5.4778
_8743_/Q,sum_o[37],5.4778
_8969_/Q,sum_o[3],5.4778
_8751_/Q,sum_o[45],5.4778
_8755_/Q,sum_o[49],5.4778
_8757_/Q,sum_o[51],5.4778
_8760_/Q,sum_o[54],5.4778
_8761_/Q,sum_o[55],5.4778
_8762_/Q,sum_o[56],5.4778
_8763_/Q,sum_o[57],5.4778
_8765_/Q,sum_o[59],5.4778
_8711_/Q,sum_o[5],5.4778
_8769_/Q,sum_o[63],5.4778
_8776_/Q,sum_o[70],5.4778
_8777_/Q,sum_o[71],5.4778
_8780_/Q,sum_o[74],5.4778
_8781_/Q,sum_o[75],5.4778
_8784_/Q,sum_o[78],5.4778
_8785_/Q,sum_o[79],5.4778
_8786_/Q,sum_o[80],5.4778
_8787_/Q,sum_o[81],5.4778
_8788_/Q,sum_o[82],5.4778
_8789_/Q,sum_o[83],5.4778
_8793_/Q,sum_o[87],5.4778
_8794_/Q,sum_o[88],5.4778
_8795_/Q,sum_o[89],5.4778
_8714_/Q,sum_o[8],5.4778
_8797_/Q,sum_o[91],5.4778
_8801_/Q,sum_o[95],5.4778
_8802_/Q,sum_o[96],5.4778
_8803_/Q,sum_o[97],5.4778
_8805_/Q,sum_o[99],5.4778
