
18. Printing statistics.

=== p7_cpa4_ref ===

        +----------Local Count, excluding submodules.
        |        +-Local Area, excluding submodules.
        |        | 
     4494        - wires
     6048        - wire bits
        9        - public wires
     1563        - public wire bits
        9        - ports
     1563        - port bits
     4485 6.46E+03 cells
      241  256.424   AND2_X1
      171   227.43   AND3_X1
       27   43.092   AND3_X2
        1    1.596   AND4_X1
        1    1.862   AND4_X2
        4     5.32   AOI211_X1
        7   16.758   AOI211_X2
      554  589.456   AOI21_X1
        9   16.758   AOI21_X2
        1    3.458   AOI21_X4
        1    1.596   AOI221_X1
        1    3.458   AOI221_X4
        5     3.99   BUF_X1
        2    3.724   BUF_X4
       32   25.536   CLKBUF_X1
      260   1383.2   DFFR_X1
      218  115.976   INV_X1
      157  292.334   MUX2_X1
        1    2.394   MUX2_X2
      488  389.424   NAND2_X1
       52   55.328   NAND3_X1
        5     6.65   NAND4_X1
        1    2.394   NAND4_X2
      452  360.696   NOR2_X1
        1     1.33   NOR2_X2
       30    31.92   NOR3_X1
        1     1.33   NOR4_X1
        1    2.394   NOR4_X2
       30     39.9   OAI211_X1
       13   31.122   OAI211_X2
      198  210.672   OAI21_X1
        7   13.034   OAI21_X2
        2    3.192   OAI221_X1
        1    2.926   OAI221_X2
        3     3.99   OAI22_X1
       38   70.756   OAI33_X1
      173  184.072   OR2_X1
       40     53.2   OR3_X1
      695  1109.22   XNOR2_X1
      560   893.76   XOR2_X1
        1    2.394   XOR2_X2

   Chip area for module '\p7_cpa4_ref': 6464.066000
     of which used for sequential elements: 1383.200000 (21.40%)

