_3956_/Q,sum_o[31],5.4429
_4068_/Q,sum_o[143],5.4432
_3982_/Q,sum_o[57],5.4432
_3948_/Q,sum_o[23],5.4447
_4074_/Q,sum_o[149],5.4452
_4178_/Q,sum_o[253],5.4492
_4012_/Q,sum_o[87],5.4497
_4000_/Q,sum_o[75],5.4521
_4085_/Q,sum_o[160],5.4536
_4150_/Q,sum_o[225],5.4540
_4168_/Q,sum_o[243],5.4549
_3965_/Q,sum_o[40],5.4552
_4193_/Q,sum_o[8],5.4555
_4177_/Q,sum_o[252],5.4555
_4048_/Q,sum_o[123],5.4557
_4059_/Q,sum_o[134],5.4561
_4061_/Q,sum_o[136],5.4561
_4023_/Q,sum_o[98],5.4561
_4161_/Q,sum_o[236],5.4563
_4002_/Q,sum_o[77],5.4565
_4060_/Q,sum_o[135],5.4570
_4062_/Q,sum_o[137],5.4570
_4024_/Q,sum_o[99],5.4570
_3980_/Q,sum_o[55],5.4573
_4081_/Q,sum_o[156],5.4590
_4047_/Q,sum_o[122],5.4591
_4164_/Q,sum_o[239],5.4592
_4166_/Q,sum_o[241],5.4593
_4110_/Q,sum_o[185],5.4593
_4160_/Q,sum_o[235],5.4593
_4172_/Q,sum_o[247],5.4593
_4180_/Q,sum_o[255],5.4593
_4158_/Q,sum_o[233],5.4595
_4084_/Q,sum_o[159],5.4597
_3995_/Q,sum_o[70],5.4597
_4176_/Q,sum_o[251],5.4598
_4174_/Q,sum_o[249],5.4598
_4029_/Q,sum_o[104],5.4598
_4077_/Q,sum_o[152],5.4598
_4093_/Q,sum_o[168],5.4598
_4162_/Q,sum_o[237],5.4601
_4148_/Q,sum_o[223],5.4607
_4035_/Q,sum_o[110],5.4608
_4043_/Q,sum_o[118],5.4608
_4051_/Q,sum_o[126],5.4608
_4107_/Q,sum_o[182],5.4608
_4151_/Q,sum_o[226],5.4608
_4155_/Q,sum_o[230],5.4608
_4034_/Q,sum_o[109],5.4608
_4100_/Q,sum_o[175],5.4608
_4102_/Q,sum_o[177],5.4608
_4104_/Q,sum_o[179],5.4608
_4112_/Q,sum_o[187],5.4608
_4116_/Q,sum_o[191],5.4608
_4132_/Q,sum_o[207],5.4608
_4144_/Q,sum_o[219],5.4608
_4055_/Q,sum_o[130],5.4608
_4105_/Q,sum_o[180],5.4608
_4129_/Q,sum_o[204],5.4608
_3950_/Q,sum_o[25],5.4608
_3958_/Q,sum_o[33],5.4608
_3991_/Q,sum_o[66],5.4608
_4146_/Q,sum_o[221],5.4609
_4052_/Q,sum_o[127],5.4610
_4096_/Q,sum_o[171],5.4610
_4152_/Q,sum_o[227],5.4610
_4036_/Q,sum_o[111],5.4611
_4040_/Q,sum_o[115],5.4611
_4044_/Q,sum_o[119],5.4611
_4108_/Q,sum_o[183],5.4611
_4130_/Q,sum_o[205],5.4611
_4156_/Q,sum_o[231],5.4611
_4038_/Q,sum_o[113],5.4613
_4114_/Q,sum_o[189],5.4613
_4154_/Q,sum_o[229],5.4613
_4170_/Q,sum_o[245],5.4613
_4039_/Q,sum_o[114],5.4613
_4079_/Q,sum_o[154],5.4613
_4095_/Q,sum_o[170],5.4613
_4032_/Q,sum_o[107],5.4613
_4046_/Q,sum_o[121],5.4613
_4056_/Q,sum_o[131],5.4613
_4058_/Q,sum_o[133],5.4613
_4086_/Q,sum_o[161],5.4613
_4088_/Q,sum_o[163],5.4613
_4099_/Q,sum_o[174],5.4613
_4103_/Q,sum_o[178],5.4613
_4186_/Q,sum_o[1],5.4613
_4125_/Q,sum_o[200],5.4613
_4126_/Q,sum_o[201],5.4613
_4128_/Q,sum_o[203],5.4613
_4134_/Q,sum_o[209],5.4613
_4136_/Q,sum_o[211],5.4613
_4138_/Q,sum_o[213],5.4613
_4143_/Q,sum_o[218],5.4613
_4188_/Q,sum_o[3],5.4613
_3966_/Q,sum_o[41],5.4613
_3968_/Q,sum_o[43],5.4613
_3970_/Q,sum_o[45],5.4613
_3972_/Q,sum_o[47],5.4613
_3974_/Q,sum_o[49],5.4613
_3976_/Q,sum_o[51],5.4613
_3978_/Q,sum_o[53],5.4613
_4190_/Q,sum_o[5],5.4613
_3992_/Q,sum_o[67],5.4613
_3994_/Q,sum_o[69],5.4613
_3997_/Q,sum_o[72],5.4613
_4192_/Q,sum_o[7],5.4613
_4006_/Q,sum_o[81],5.4613
_4008_/Q,sum_o[83],5.4613
_4195_/Q,sum_o[10],5.4613
_4121_/Q,sum_o[196],5.4613
_4098_/Q,sum_o[173],5.4613
_4080_/Q,sum_o[155],5.4615
_4030_/Q,sum_o[105],5.4616
_4078_/Q,sum_o[153],5.4616
_4082_/Q,sum_o[157],5.4616
_4094_/Q,sum_o[169],5.4616
_4106_/Q,sum_o[181],5.4616
_4167_/Q,sum_o[242],5.4626
_4005_/Q,sum_o[80],5.4629
_4021_/Q,sum_o[96],5.4629
_4054_/Q,sum_o[129],5.4641
_3939_/Q,sum_o[14],5.4641
_3946_/Q,sum_o[21],5.4641
_3947_/Q,sum_o[22],5.4641
_3990_/Q,sum_o[65],5.4641
_4140_/Q,sum_o[215],5.4641
_4187_/Q,sum_o[2],5.4641
_4189_/Q,sum_o[4],5.4641
_4191_/Q,sum_o[6],5.4641
_4070_/Q,sum_o[145],5.4643
_4071_/Q,sum_o[146],5.4643
_4145_/Q,sum_o[220],5.4643
_4171_/Q,sum_o[246],5.4643
_4027_/Q,sum_o[102],5.4645
_3945_/Q,sum_o[20],5.4645
_4090_/Q,sum_o[165],5.4646
_4118_/Q,sum_o[193],5.4646
_4042_/Q,sum_o[117],5.4647
_4050_/Q,sum_o[125],5.4647
_4111_/Q,sum_o[186],5.4648
_4133_/Q,sum_o[208],5.4648
_4149_/Q,sum_o[224],5.4648
_4157_/Q,sum_o[232],5.4648
_4179_/Q,sum_o[254],5.4648
_3953_/Q,sum_o[28],5.4648
_4163_/Q,sum_o[238],5.4648
_4175_/Q,sum_o[250],5.4648
_4185_/Q,sum_o[0],5.4658
_4025_/Q,sum_o[100],5.4658
_4063_/Q,sum_o[138],5.4658
_3938_/Q,sum_o[13],5.4658
_4083_/Q,sum_o[158],5.4658
_4109_/Q,sum_o[184],5.4658
_4131_/Q,sum_o[206],5.4658
_4165_/Q,sum_o[240],5.4658
_3951_/Q,sum_o[26],5.4658
_3959_/Q,sum_o[34],5.4658
_3999_/Q,sum_o[74],5.4658
_4183_/Q,sum_o[258],5.4659
_4031_/Q,sum_o[106],5.4663
_4033_/Q,sum_o[108],5.4663
_4041_/Q,sum_o[116],5.4663
_4045_/Q,sum_o[120],5.4663
_4049_/Q,sum_o[124],5.4663
_4053_/Q,sum_o[128],5.4663
_3937_/Q,sum_o[12],5.4663
_4067_/Q,sum_o[142],5.4663
_4069_/Q,sum_o[144],5.4663
_4073_/Q,sum_o[148],5.4663
_4075_/Q,sum_o[150],5.4663
_4091_/Q,sum_o[166],5.4663
_3941_/Q,sum_o[16],5.4663
_4101_/Q,sum_o[176],5.4663
_3943_/Q,sum_o[18],5.4663
_4115_/Q,sum_o[190],5.4663
_4119_/Q,sum_o[194],5.4663
_4123_/Q,sum_o[198],5.4663
_4127_/Q,sum_o[202],5.4663
_4141_/Q,sum_o[216],5.4663
_4173_/Q,sum_o[248],5.4663
_3949_/Q,sum_o[24],5.4663
_4182_/Q,sum_o[257],5.4663
_3955_/Q,sum_o[30],5.4663
_3957_/Q,sum_o[32],5.4663
_3961_/Q,sum_o[36],5.4663
_3963_/Q,sum_o[38],5.4663
_3979_/Q,sum_o[54],5.4663
_3981_/Q,sum_o[56],5.4663
_3983_/Q,sum_o[58],5.4663
_3985_/Q,sum_o[60],5.4663
_3987_/Q,sum_o[62],5.4663
_4001_/Q,sum_o[76],5.4663
_4003_/Q,sum_o[78],5.4663
_4011_/Q,sum_o[86],5.4663
_4013_/Q,sum_o[88],5.4663
_4015_/Q,sum_o[90],5.4663
_4017_/Q,sum_o[92],5.4663
_4019_/Q,sum_o[94],5.4663
_4089_/Q,sum_o[164],5.4664
_4117_/Q,sum_o[192],5.4664
_4139_/Q,sum_o[214],5.4664
_3989_/Q,sum_o[64],5.4664
_4009_/Q,sum_o[84],5.4664
_4169_/Q,sum_o[244],5.4664
_4153_/Q,sum_o[228],5.4675
_4181_/Q,sum_o[256],5.4675
_3984_/Q,sum_o[59],5.4679
_4004_/Q,sum_o[79],5.4679
_4014_/Q,sum_o[89],5.4679
_4037_/Q,sum_o[112],5.4680
_4057_/Q,sum_o[132],5.4680
_4065_/Q,sum_o[140],5.4680
_4087_/Q,sum_o[162],5.4680
_4097_/Q,sum_o[172],5.4680
_4113_/Q,sum_o[188],5.4680
_4135_/Q,sum_o[210],5.4680
_4137_/Q,sum_o[212],5.4680
_4147_/Q,sum_o[222],5.4680
_3967_/Q,sum_o[42],5.4680
_3969_/Q,sum_o[44],5.4680
_3971_/Q,sum_o[46],5.4680
_3973_/Q,sum_o[48],5.4680
_3975_/Q,sum_o[50],5.4680
_3977_/Q,sum_o[52],5.4680
_3993_/Q,sum_o[68],5.4680
_4007_/Q,sum_o[82],5.4680
_3936_/Q,sum_o[11],5.4680
_3954_/Q,sum_o[29],5.4680
_3962_/Q,sum_o[37],5.4680
_4022_/Q,sum_o[97],5.4680
_4194_/Q,sum_o[9],5.4680
_3942_/Q,sum_o[17],5.4681
_3960_/Q,sum_o[35],5.4681
_4026_/Q,sum_o[101],5.4696
_4066_/Q,sum_o[141],5.4696
_3944_/Q,sum_o[19],5.4696
_3996_/Q,sum_o[71],5.4696
_4010_/Q,sum_o[85],5.4696
_4028_/Q,sum_o[103],5.4697
_4064_/Q,sum_o[139],5.4697
_4072_/Q,sum_o[147],5.4697
_4076_/Q,sum_o[151],5.4697
_3940_/Q,sum_o[15],5.4697
_4092_/Q,sum_o[167],5.4697
_4120_/Q,sum_o[195],5.4697
_4122_/Q,sum_o[197],5.4697
_4124_/Q,sum_o[199],5.4697
_4142_/Q,sum_o[217],5.4697
_4159_/Q,sum_o[234],5.4697
_3952_/Q,sum_o[27],5.4697
_3964_/Q,sum_o[39],5.4697
_3986_/Q,sum_o[61],5.4697
_3988_/Q,sum_o[63],5.4697
_3998_/Q,sum_o[73],5.4697
_4016_/Q,sum_o[91],5.4697
_4018_/Q,sum_o[93],5.4697
_4020_/Q,sum_o[95],5.4697
_4184_/Q,sum_o[259],5.4748
