b_i[2],_8964_/D,-3.5190
b_i[2],_8965_/D,-3.5185
b_i[2],_8963_/D,-3.4668
b_i[2],_8961_/D,-3.4380
b_i[2],_8960_/D,-3.4368
b_i[2],_8959_/D,-3.3846
b_i[2],_8962_/D,-3.3788
b_i[2],_8958_/D,-3.3385
b_i[2],_8957_/D,-3.3012
b_i[2],_8956_/D,-3.2709
b_i[2],_8955_/D,-3.2320
b_i[2],_8954_/D,-3.1984
b_i[2],_8953_/D,-3.1930
b_i[2],_8952_/D,-3.1740
b_i[2],_8951_/D,-3.1440
b_i[2],_8950_/D,-3.1236
b_i[2],_8945_/D,-3.1037
b_i[2],_8944_/D,-3.0959
b_i[2],_8949_/D,-3.0799
b_i[2],_8948_/D,-3.0725
b_i[2],_8943_/D,-3.0628
b_i[2],_8941_/D,-3.0142
b_i[2],_8947_/D,-3.0093
b_i[2],_8940_/D,-2.9836
b_i[2],_8939_/D,-2.9737
b_i[2],_8942_/D,-2.9710
b_i[2],_8946_/D,-2.9622
b_i[2],_8938_/D,-2.9101
b_i[2],_8937_/D,-2.9048
b_i[2],_8936_/D,-2.8858
b_i[2],_8935_/D,-2.8558
b_i[2],_8934_/D,-2.8394
b_i[2],_8921_/D,-2.7912
b_i[2],_8929_/D,-2.7904
b_i[2],_8933_/D,-2.7899
b_i[2],_8928_/D,-2.7828
b_i[2],_8932_/D,-2.7650
b_i[2],_8927_/D,-2.7634
b_i[2],_8930_/D,-2.7330
b_i[2],_8931_/D,-2.7284
b_i[2],_8920_/D,-2.7274
b_i[2],_8919_/D,-2.7197
b_i[2],_8926_/D,-2.7184
b_i[2],_8925_/D,-2.7146
b_i[2],_8924_/D,-2.7067
b_i[2],_8917_/D,-2.6840
b_i[2],_8916_/D,-2.6758
b_i[2],_8923_/D,-2.6702
b_i[2],_8922_/D,-2.6640
b_i[2],_8915_/D,-2.6387
b_i[2],_8913_/D,-2.6083
b_i[2],_8918_/D,-2.5848
b_i[2],_8909_/D,-2.5624
b_i[2],_8914_/D,-2.5470
b_i[2],_8912_/D,-2.5325
b_i[2],_8911_/D,-2.5066
b_i[2],_8908_/D,-2.4870
b_i[2],_8907_/D,-2.4708
b_i[2],_8910_/D,-2.4420
b_i[2],_8906_/D,-2.4095
b_i[2],_8905_/D,-2.3076
b_i[2],_8904_/D,-2.2581
b_i[2],_8903_/D,-2.2199
b_i[2],_8897_/D,-2.2190
b_i[2],_8902_/D,-2.2139
b_i[2],_8896_/D,-2.2113
b_i[2],_8895_/D,-2.1925
b_i[2],_8901_/D,-2.1556
b_i[2],_8894_/D,-2.1453
b_i[2],_8899_/D,-2.1262
b_i[2],_8893_/D,-2.1258
b_i[2],_8892_/D,-2.1190
b_i[2],_8900_/D,-2.1172
b_i[2],_8891_/D,-2.1006
b_i[2],_8889_/D,-2.0863
b_i[2],_8888_/D,-2.0787
b_i[2],_8887_/D,-2.0614
b_i[2],_8898_/D,-2.0401
b_i[2],_8890_/D,-2.0194
b_i[2],_8886_/D,-2.0142
b_i[2],_8885_/D,-1.9750
b_i[2],_8884_/D,-1.9673
b_i[2],_8882_/D,-1.9523
b_i[2],_8883_/D,-1.9300
b_i[2],_8881_/D,-1.8663
b_i[2],_8880_/D,-1.8084
b_i[2],_8879_/D,-1.7824
b_i[2],_8878_/D,-1.7255
b_i[2],_8877_/D,-1.6406
b_i[2],_8875_/D,-1.5912
b_i[2],_8876_/D,-1.5887
b_i[2],_8874_/D,-1.5285
b_i[2],_8873_/D,-1.4232
b_i[2],_8872_/D,-1.3684
b_i[2],_8871_/D,-1.3216
b_i[2],_8870_/D,-1.2959
b_i[2],_8869_/D,-1.2069
b_i[2],_8868_/D,-1.1940
b_i[2],_8867_/D,-1.1098
b_i[2],_8866_/D,-1.0838
b_i[2],_8865_/D,-0.9996
b_i[2],_8864_/D,-0.9819
b_i[2],_8863_/D,-0.9006
b_i[2],_8862_/D,-0.8717
b_i[2],_8861_/D,-0.7854
b_i[2],_8859_/D,-0.7347
b_i[2],_8860_/D,-0.7281
b_i[2],_8858_/D,-0.6720
b_i[2],_8857_/D,-0.5666
b_i[2],_8856_/D,-0.5195
b_i[2],_8855_/D,-0.4685
b_i[2],_8854_/D,-0.4428
b_i[2],_8853_/D,-0.3574
b_i[2],_8852_/D,-0.3408
b_i[2],_8851_/D,-0.3017
b_i[2],_8850_/D,-0.2443
b_i[2],_8849_/D,-0.1389
b_i[2],_8848_/D,-0.0917
b_i[2],_8847_/D,-0.0408
b_i[2],_8846_/D,-0.0151
b_i[2],_8845_/D,0.0335
b_i[2],_8844_/D,0.0868
b_i[2],_8843_/D,0.1577
b_i[2],_8842_/D,0.1962
b_i[2],_8841_/D,0.2817
b_i[2],_8840_/D,0.3323
b_i[2],_8839_/D,0.3395
b_i[2],_8833_/D,0.3820
b_i[2],_8838_/D,0.4085
b_i[2],_8832_/D,0.4272
b_i[2],_8831_/D,0.4399
b_i[2],_8829_/D,0.4750
b_i[2],_8830_/D,0.4770
b_i[2],_8837_/D,0.4884
b_i[2],_8825_/D,0.5057
b_i[2],_8824_/D,0.5134
b_i[2],_8823_/D,0.5328
b_i[2],_8828_/D,0.5400
b_i[2],_8835_/D,0.5468
b_i[2],_8836_/D,0.5613
b_i[2],_8827_/D,0.5631
b_i[2],_8834_/D,0.5702
b_i[2],_8821_/D,0.5773
b_i[2],_8822_/D,0.5778
b_i[2],_8815_/D,0.5899
b_i[2],_8820_/D,0.5966
b_i[2],_8818_/D,0.6115
b_i[2],_8819_/D,0.6132
b_i[2],_8826_/D,0.6139
b_i[2],_8814_/D,0.6679
b_i[2],_8813_/D,0.6774
b_i[2],_8817_/D,0.7046
b_i[2],_8816_/D,0.7464
b_i[2],_8812_/D,0.7586
b_i[2],_8811_/D,0.7692
b_i[2],_8810_/D,0.8179
b_i[2],_8809_/D,0.9246
b_i[2],_8808_/D,0.9717
b_i[2],_8807_/D,1.0227
b_i[2],_8806_/D,1.0483
b_i[2],_8805_/D,1.1337
b_i[2],_8804_/D,1.1503
b_i[2],_8802_/D,1.2454
b_i[2],_8803_/D,1.2622
b_i[2],_8801_/D,1.3161
b_i[2],_8800_/D,1.3740
b_i[2],_8799_/D,1.4283
b_i[2],_8798_/D,1.4569
b_i[2],_8797_/D,1.5411
b_i[2],_8796_/D,1.5588
b_i[2],_8795_/D,1.5899
b_i[2],_8794_/D,1.6526
b_i[2],_8793_/D,1.7579
b_i[2],_8792_/D,1.7710
b_i[2],_8791_/D,1.8583
b_i[2],_8790_/D,1.8840
b_i[2],_8789_/D,1.9694
b_i[2],_8788_/D,2.0201
b_i[2],_8787_/D,2.0228
b_i[2],_8786_/D,2.0803
b_i[2],_8785_/D,2.1857
b_i[2],_8784_/D,2.2328
b_i[2],_8783_/D,2.2838
b_i[2],_8782_/D,2.3094
b_i[2],_8781_/D,2.3949
b_i[2],_8780_/D,2.4455
b_i[2],_8779_/D,2.4837
b_i[2],_8778_/D,2.5222
b_i[2],_8777_/D,2.5425
b_i[2],_8776_/D,2.5964
b_i[2],_8775_/D,2.6568
b_i[2],_8774_/D,2.6862
b_i[2],_8773_/D,2.7170
b_i[2],_8769_/D,2.7638
b_i[2],_8772_/D,2.7869
b_i[2],_8771_/D,2.8063
b_i[2],_8768_/D,2.8579
b_i[2],_8765_/D,2.8586
b_i[2],_8770_/D,2.8621
b_i[2],_8767_/D,2.8847
b_i[2],_8766_/D,2.9433
b_i[2],_8763_/D,2.9494
b_i[2],_8764_/D,2.9527
b_i[2],_8762_/D,2.9985
b_i[2],_8761_/D,3.0374
b_i[2],_8760_/D,3.0738
b_i[2],_8759_/D,3.1358
b_i[2],_8758_/D,3.1651
b_i[2],_8757_/D,3.1737
b_i[2],_8755_/D,3.2504
b_i[2],_8756_/D,3.2659
b_i[2],_8754_/D,3.3131
b_i[2],_8753_/D,3.3481
b_i[2],_8752_/D,3.3777
b_i[2],_8751_/D,3.3914
b_i[2],_8750_/D,3.4218
b_i[2],_8749_/D,3.4738
b_i[2],_8748_/D,3.5118
b_i[2],_8747_/D,3.5531
b_i[2],_8746_/D,3.5572
b_i[2],_8745_/D,3.6180
b_i[2],_8743_/D,3.6404
b_i[2],_8744_/D,3.6472
b_i[2],_8742_/D,3.6988
b_i[2],_8741_/D,3.7342
b_i[2],_8740_/D,3.7868
b_i[2],_8739_/D,3.8101
b_i[2],_8738_/D,3.8876
b_i[2],_8736_/D,3.9361
b_i[2],_8737_/D,3.9453
b_i[2],_8735_/D,3.9990
b_i[2],_8734_/D,4.0898
b_i[2],_8733_/D,4.1422
b_i[2],_8732_/D,4.1467
b_i[2],_8731_/D,4.2090
b_i[2],_8730_/D,4.2876
b_i[2],_8728_/D,4.3361
b_i[2],_8729_/D,4.3455
b_i[2],_8727_/D,4.3990
b_i[2],_8726_/D,4.4899
b_i[2],_8725_/D,4.5427
b_i[2],_8724_/D,4.5835
b_i[2],_8723_/D,4.5873
b_i[2],_8722_/D,4.5966
b_i[2],_8721_/D,4.6595
b_i[2],_8720_/D,4.7503
b_i[2],_8719_/D,4.8032
b_i[2],_8718_/D,4.8439
b_i[2],_8717_/D,4.8912
b_i[2],_8716_/D,4.9047
b_i[2],_8714_/D,4.9226
b_i[2],_8715_/D,4.9522
b_i[2],_8713_/D,4.9852
b_i[2],_8711_/D,5.0947
b_i[2],_8712_/D,5.0965
b_i[2],_8710_/D,5.1465
b_i[2],_8968_/D,5.1529
b_i[2],_8969_/D,5.1572
b_i[1],_8967_/D,5.2222
a_i[0],_8966_/D,5.3611
