b_i[2],_8964_/D,-3.5190
b_i[2],_8965_/D,-3.5185
b_i[2],_8963_/D,-3.4668
b_i[2],_8961_/D,-3.4380
b_i[2],_8960_/D,-3.4368
b_i[2],_8959_/D,-3.3846
b_i[2],_8962_/D,-3.3788
b_i[2],_8958_/D,-3.3385
b_i[2],_8957_/D,-3.3012
b_i[2],_8956_/D,-3.2709
b_i[2],_8955_/D,-3.2320
b_i[2],_8954_/D,-3.1984
b_i[2],_8953_/D,-3.1930
b_i[2],_8952_/D,-3.1740
b_i[2],_8951_/D,-3.1440
b_i[2],_8950_/D,-3.1236
b_i[2],_8945_/D,-3.1037
b_i[2],_8944_/D,-3.0959
b_i[2],_8949_/D,-3.0799
b_i[2],_8948_/D,-3.0725
b_i[2],_8943_/D,-3.0628
b_i[2],_8941_/D,-3.0142
b_i[2],_8947_/D,-3.0093
b_i[2],_8940_/D,-2.9836
b_i[2],_8939_/D,-2.9737
b_i[2],_8942_/D,-2.9710
b_i[2],_8946_/D,-2.9622
b_i[2],_8938_/D,-2.9101
b_i[2],_8937_/D,-2.9048
b_i[2],_8936_/D,-2.8858
b_i[2],_8935_/D,-2.8558
b_i[2],_8934_/D,-2.8394
b_i[2],_8921_/D,-2.7912
b_i[2],_8929_/D,-2.7904
b_i[2],_8933_/D,-2.7899
b_i[2],_8928_/D,-2.7828
b_i[2],_8932_/D,-2.7650
b_i[2],_8927_/D,-2.7634
b_i[2],_8930_/D,-2.7330
b_i[2],_8931_/D,-2.7284
b_i[2],_8920_/D,-2.7274
b_i[2],_8919_/D,-2.7197
b_i[2],_8926_/D,-2.7184
b_i[2],_8925_/D,-2.7146
b_i[2],_8924_/D,-2.7067
b_i[2],_8917_/D,-2.6840
b_i[2],_8916_/D,-2.6758
b_i[2],_8923_/D,-2.6702
b_i[2],_8922_/D,-2.6640
b_i[2],_8915_/D,-2.6387
b_i[2],_8913_/D,-2.6083
b_i[2],_8918_/D,-2.5848
b_i[2],_8909_/D,-2.5624
b_i[2],_8914_/D,-2.5470
b_i[2],_8912_/D,-2.5325
b_i[2],_8911_/D,-2.5066
b_i[2],_8908_/D,-2.4870
b_i[2],_8907_/D,-2.4708
b_i[2],_8910_/D,-2.4420
b_i[2],_8906_/D,-2.4095
b_i[2],_8905_/D,-2.3076
b_i[2],_8904_/D,-2.2581
b_i[2],_8903_/D,-2.2199
b_i[2],_8897_/D,-2.2190
b_i[2],_8902_/D,-2.2139
b_i[2],_8896_/D,-2.2113
b_i[2],_8895_/D,-2.1925
b_i[2],_8901_/D,-2.1556
b_i[2],_8894_/D,-2.1453
b_i[2],_8899_/D,-2.1262
b_i[2],_8893_/D,-2.1258
b_i[2],_8892_/D,-2.1190
b_i[2],_8900_/D,-2.1172
b_i[2],_8891_/D,-2.1006
b_i[2],_8889_/D,-2.0863
b_i[2],_8888_/D,-2.0787
b_i[2],_8887_/D,-2.0614
b_i[2],_8898_/D,-2.0401
b_i[2],_8890_/D,-2.0194
b_i[2],_8886_/D,-2.0142
b_i[2],_8885_/D,-1.9750
b_i[2],_8884_/D,-1.9673
b_i[2],_8882_/D,-1.9523
b_i[2],_8883_/D,-1.9300
b_i[2],_8881_/D,-1.8663
b_i[2],_8880_/D,-1.8084
b_i[2],_8879_/D,-1.7824
b_i[2],_8878_/D,-1.7255
b_i[2],_8877_/D,-1.6406
b_i[2],_8875_/D,-1.5912
b_i[2],_8876_/D,-1.5887
b_i[2],_8874_/D,-1.5285
b_i[2],_8873_/D,-1.4232
b_i[2],_8872_/D,-1.3684
b_i[2],_8871_/D,-1.3216
b_i[2],_8870_/D,-1.2959
b_i[2],_8869_/D,-1.2069
b_i[2],_8868_/D,-1.1940
b_i[2],_8867_/D,-1.1098
b_i[2],_8866_/D,-1.0838
b_i[2],_8865_/D,-0.9996
b_i[2],_8864_/D,-0.9819
b_i[2],_8863_/D,-0.9006
b_i[2],_8862_/D,-0.8717
b_i[2],_8861_/D,-0.7854
b_i[2],_8859_/D,-0.7347
b_i[2],_8860_/D,-0.7281
b_i[2],_8858_/D,-0.6720
b_i[2],_8857_/D,-0.5666
b_i[2],_8856_/D,-0.5195
b_i[2],_8855_/D,-0.4685
b_i[2],_8854_/D,-0.4428
b_i[2],_8853_/D,-0.3574
b_i[2],_8852_/D,-0.3408
b_i[2],_8851_/D,-0.3017
b_i[2],_8850_/D,-0.2443
b_i[2],_8849_/D,-0.1389
b_i[2],_8848_/D,-0.0917
b_i[2],_8847_/D,-0.0408
b_i[2],_8846_/D,-0.0151
b_i[2],_8845_/D,0.0335
b_i[2],_8844_/D,0.0868
b_i[2],_8843_/D,0.1577
b_i[2],_8842_/D,0.1962
b_i[2],_8841_/D,0.2817
b_i[2],_8840_/D,0.3323
b_i[2],_8839_/D,0.3395
b_i[2],_8833_/D,0.3820
b_i[2],_8838_/D,0.4085
b_i[2],_8832_/D,0.4272
b_i[2],_8831_/D,0.4399
b_i[2],_8829_/D,0.4750
b_i[2],_8830_/D,0.4770
b_i[2],_8837_/D,0.4884
b_i[2],_8825_/D,0.5057
b_i[2],_8824_/D,0.5134
b_i[2],_8823_/D,0.5328
b_i[2],_8828_/D,0.5400
b_i[2],_8835_/D,0.5468
b_i[2],_8836_/D,0.5613
b_i[2],_8827_/D,0.5631
b_i[2],_8834_/D,0.5702
b_i[2],_8821_/D,0.5773
b_i[2],_8822_/D,0.5778
b_i[2],_8815_/D,0.5899
b_i[2],_8820_/D,0.5966
b_i[2],_8818_/D,0.6115
b_i[2],_8819_/D,0.6132
b_i[2],_8826_/D,0.6139
b_i[2],_8814_/D,0.6679
b_i[2],_8813_/D,0.6774
b_i[2],_8817_/D,0.7046
b_i[2],_8816_/D,0.7464
b_i[2],_8812_/D,0.7586
b_i[2],_8811_/D,0.7692
b_i[2],_8810_/D,0.8179
b_i[2],_8809_/D,0.9246
b_i[2],_8808_/D,0.9717
b_i[2],_8807_/D,1.0227
b_i[2],_8806_/D,1.0483
b_i[2],_8805_/D,1.1337
b_i[2],_8804_/D,1.1503
b_i[2],_8802_/D,1.2454
b_i[2],_8803_/D,1.2622
b_i[2],_8801_/D,1.3161
b_i[2],_8800_/D,1.3740
b_i[2],_8799_/D,1.4283
b_i[2],_8798_/D,1.4569
b_i[2],_8797_/D,1.5411
b_i[2],_8796_/D,1.5588
b_i[2],_8795_/D,1.5899
b_i[2],_8794_/D,1.6526
b_i[2],_8793_/D,1.7579
b_i[2],_8792_/D,1.7710
b_i[2],_8791_/D,1.8583
b_i[2],_8790_/D,1.8840
b_i[2],_8789_/D,1.9694
b_i[2],_8788_/D,2.0201
b_i[2],_8787_/D,2.0228
b_i[2],_8786_/D,2.0803
b_i[2],_8785_/D,2.1857
b_i[2],_8784_/D,2.2328
b_i[2],_8783_/D,2.2838
b_i[2],_8782_/D,2.3094
b_i[2],_8781_/D,2.3949
b_i[2],_8780_/D,2.4455
b_i[2],_8779_/D,2.4837
b_i[2],_8778_/D,2.5222
b_i[2],_8777_/D,2.5425
b_i[2],_8776_/D,2.5964
b_i[2],_8775_/D,2.6568
b_i[2],_8774_/D,2.6862
b_i[2],_8773_/D,2.7170
b_i[2],_8769_/D,2.7638
b_i[2],_8772_/D,2.7869
b_i[2],_8771_/D,2.8063
b_i[2],_8768_/D,2.8579
b_i[2],_8765_/D,2.8586
b_i[2],_8770_/D,2.8621
b_i[2],_8767_/D,2.8847
b_i[2],_8766_/D,2.9433
b_i[2],_8763_/D,2.9494
b_i[2],_8764_/D,2.9527
b_i[2],_8762_/D,2.9985
b_i[2],_8761_/D,3.0374
b_i[2],_8760_/D,3.0738
b_i[2],_8759_/D,3.1358
b_i[2],_8758_/D,3.1651
b_i[2],_8757_/D,3.1737
b_i[2],_8755_/D,3.2504
b_i[2],_8756_/D,3.2659
b_i[2],_8754_/D,3.3131
b_i[2],_8753_/D,3.3481
b_i[2],_8752_/D,3.3777
b_i[2],_8751_/D,3.3914
b_i[2],_8750_/D,3.4218
b_i[2],_8749_/D,3.4738
b_i[2],_8748_/D,3.5118
b_i[2],_8747_/D,3.5531
b_i[2],_8746_/D,3.5572
b_i[2],_8745_/D,3.6180
b_i[2],_8743_/D,3.6404
b_i[2],_8744_/D,3.6472
b_i[2],_8742_/D,3.6988
b_i[2],_8741_/D,3.7342
b_i[2],_8740_/D,3.7868
b_i[2],_8739_/D,3.8101
b_i[2],_8738_/D,3.8876
b_i[2],_8736_/D,3.9361
b_i[2],_8737_/D,3.9453
b_i[2],_8735_/D,3.9990
b_i[2],_8734_/D,4.0898
b_i[2],_8733_/D,4.1422
b_i[2],_8732_/D,4.1467
b_i[2],_8731_/D,4.2090
b_i[2],_8730_/D,4.2876
b_i[2],_8728_/D,4.3361
b_i[2],_8729_/D,4.3455
b_i[2],_8727_/D,4.3990
b_i[2],_8726_/D,4.4899
b_i[2],_8725_/D,4.5427
b_i[2],_8724_/D,4.5835
b_i[2],_8723_/D,4.5873
b_i[2],_8722_/D,4.5966
b_i[2],_8721_/D,4.6595
b_i[2],_8720_/D,4.7503
b_i[2],_8719_/D,4.8032
b_i[2],_8718_/D,4.8439
b_i[2],_8717_/D,4.8912
b_i[2],_8716_/D,4.9047
b_i[2],_8714_/D,4.9226
b_i[2],_8715_/D,4.9522
b_i[2],_8713_/D,4.9852
b_i[2],_8711_/D,5.0947
b_i[2],_8712_/D,5.0965
b_i[2],_8710_/D,5.1465
b_i[2],_8968_/D,5.1529
b_i[2],_8969_/D,5.1572
b_i[1],_8967_/D,5.2222
a_i[0],_8966_/D,5.3611
_8716_/Q,sum_o[10],5.4760
_8718_/Q,sum_o[12],5.4760
_8844_/Q,sum_o[138],5.4760
_8852_/Q,sum_o[146],5.4760
_8864_/Q,sum_o[158],5.4760
_8868_/Q,sum_o[162],5.4760
_8724_/Q,sum_o[18],5.4760
_8900_/Q,sum_o[194],5.4760
_8963_/Q,sum_o[257],5.4760
_8746_/Q,sum_o[40],5.4760
_8750_/Q,sum_o[44],5.4760
_8771_/Q,sum_o[65],5.4760
_8792_/Q,sum_o[86],5.4760
_8796_/Q,sum_o[90],5.4760
_8804_/Q,sum_o[98],5.4760
_8966_/Q,sum_o[0],5.4761
_8806_/Q,sum_o[100],5.4761
_8807_/Q,sum_o[101],5.4761
_8812_/Q,sum_o[106],5.4761
_8814_/Q,sum_o[108],5.4761
_8816_/Q,sum_o[110],5.4761
_8717_/Q,sum_o[11],5.4761
_8835_/Q,sum_o[129],5.4761
_8836_/Q,sum_o[130],5.4761
_8838_/Q,sum_o[132],5.4761
_8842_/Q,sum_o[136],5.4761
_8843_/Q,sum_o[137],5.4761
_8846_/Q,sum_o[140],5.4761
_8847_/Q,sum_o[141],5.4761
_8854_/Q,sum_o[148],5.4761
_8855_/Q,sum_o[149],5.4761
_8862_/Q,sum_o[156],5.4761
_8721_/Q,sum_o[15],5.4761
_8866_/Q,sum_o[160],5.4761
_8870_/Q,sum_o[164],5.4761
_8871_/Q,sum_o[165],5.4761
_8878_/Q,sum_o[172],5.4761
_8880_/Q,sum_o[174],5.4761
_8723_/Q,sum_o[17],5.4761
_8898_/Q,sum_o[192],5.4761
_8901_/Q,sum_o[195],5.4761
_8903_/Q,sum_o[197],5.4761
_8908_/Q,sum_o[202],5.4761
_8910_/Q,sum_o[204],5.4761
_8911_/Q,sum_o[205],5.4761
_8912_/Q,sum_o[206],5.4761
_8914_/Q,sum_o[208],5.4761
_8727_/Q,sum_o[21],5.4761
_8931_/Q,sum_o[225],5.4761
_8932_/Q,sum_o[226],5.4761
_8933_/Q,sum_o[227],5.4761
_8935_/Q,sum_o[229],5.4761
_8942_/Q,sum_o[236],5.4761
_8946_/Q,sum_o[240],5.4761
_8947_/Q,sum_o[241],5.4761
_8949_/Q,sum_o[243],5.4761
_8951_/Q,sum_o[245],5.4761
_8962_/Q,sum_o[256],5.4761
_8731_/Q,sum_o[25],5.4761
_8733_/Q,sum_o[27],5.4761
_8735_/Q,sum_o[29],5.4761
_8737_/Q,sum_o[31],5.4761
_8739_/Q,sum_o[33],5.4761
_8740_/Q,sum_o[34],5.4761
_8744_/Q,sum_o[38],5.4761
_8745_/Q,sum_o[39],5.4761
_8747_/Q,sum_o[41],5.4761
_8748_/Q,sum_o[42],5.4761
_8749_/Q,sum_o[43],5.4761
_8752_/Q,sum_o[46],5.4761
_8754_/Q,sum_o[48],5.4761
_8756_/Q,sum_o[50],5.4761
_8758_/Q,sum_o[52],5.4761
_8759_/Q,sum_o[53],5.4761
_8764_/Q,sum_o[58],5.4761
_8766_/Q,sum_o[60],5.4761
_8767_/Q,sum_o[61],5.4761
_8768_/Q,sum_o[62],5.4761
_8770_/Q,sum_o[64],5.4761
_8772_/Q,sum_o[66],5.4761
_8774_/Q,sum_o[68],5.4761
_8775_/Q,sum_o[69],5.4761
_8712_/Q,sum_o[6],5.4761
_8778_/Q,sum_o[72],5.4761
_8779_/Q,sum_o[73],5.4761
_8782_/Q,sum_o[76],5.4761
_8783_/Q,sum_o[77],5.4761
_8713_/Q,sum_o[7],5.4761
_8790_/Q,sum_o[84],5.4761
_8791_/Q,sum_o[85],5.4761
_8798_/Q,sum_o[92],5.4761
_8799_/Q,sum_o[93],5.4761
_8800_/Q,sum_o[94],5.4761
_8715_/Q,sum_o[9],5.4761
_8817_/Q,sum_o[111],5.4761
_8863_/Q,sum_o[157],5.4761
_8867_/Q,sum_o[161],5.4761
_8907_/Q,sum_o[201],5.4761
_8729_/Q,sum_o[23],5.4761
_8753_/Q,sum_o[47],5.4761
_8773_/Q,sum_o[67],5.4761
_8710_/Q,sum_o[4],5.4763
_8965_/Q,sum_o[259],5.4763
_8808_/Q,sum_o[102],5.4778
_8809_/Q,sum_o[103],5.4778
_8810_/Q,sum_o[104],5.4778
_8811_/Q,sum_o[105],5.4778
_8813_/Q,sum_o[107],5.4778
_8815_/Q,sum_o[109],5.4778
_8818_/Q,sum_o[112],5.4778
_8819_/Q,sum_o[113],5.4778
_8820_/Q,sum_o[114],5.4778
_8821_/Q,sum_o[115],5.4778
_8822_/Q,sum_o[116],5.4778
_8823_/Q,sum_o[117],5.4778
_8824_/Q,sum_o[118],5.4778
_8825_/Q,sum_o[119],5.4778
_8826_/Q,sum_o[120],5.4778
_8827_/Q,sum_o[121],5.4778
_8828_/Q,sum_o[122],5.4778
_8829_/Q,sum_o[123],5.4778
_8830_/Q,sum_o[124],5.4778
_8831_/Q,sum_o[125],5.4778
_8832_/Q,sum_o[126],5.4778
_8833_/Q,sum_o[127],5.4778
_8834_/Q,sum_o[128],5.4778
_8837_/Q,sum_o[131],5.4778
_8839_/Q,sum_o[133],5.4778
_8840_/Q,sum_o[134],5.4778
_8841_/Q,sum_o[135],5.4778
_8845_/Q,sum_o[139],5.4778
_8719_/Q,sum_o[13],5.4778
_8848_/Q,sum_o[142],5.4778
_8849_/Q,sum_o[143],5.4778
_8850_/Q,sum_o[144],5.4778
_8851_/Q,sum_o[145],5.4778
_8853_/Q,sum_o[147],5.4778
_8720_/Q,sum_o[14],5.4778
_8856_/Q,sum_o[150],5.4778
_8857_/Q,sum_o[151],5.4778
_8858_/Q,sum_o[152],5.4778
_8859_/Q,sum_o[153],5.4778
_8860_/Q,sum_o[154],5.4778
_8861_/Q,sum_o[155],5.4778
_8865_/Q,sum_o[159],5.4778
_8869_/Q,sum_o[163],5.4778
_8872_/Q,sum_o[166],5.4778
_8873_/Q,sum_o[167],5.4778
_8874_/Q,sum_o[168],5.4778
_8875_/Q,sum_o[169],5.4778
_8722_/Q,sum_o[16],5.4778
_8876_/Q,sum_o[170],5.4778
_8877_/Q,sum_o[171],5.4778
_8879_/Q,sum_o[173],5.4778
_8881_/Q,sum_o[175],5.4778
_8882_/Q,sum_o[176],5.4778
_8883_/Q,sum_o[177],5.4778
_8884_/Q,sum_o[178],5.4778
_8885_/Q,sum_o[179],5.4778
_8886_/Q,sum_o[180],5.4778
_8887_/Q,sum_o[181],5.4778
_8888_/Q,sum_o[182],5.4778
_8889_/Q,sum_o[183],5.4778
_8890_/Q,sum_o[184],5.4778
_8891_/Q,sum_o[185],5.4778
_8892_/Q,sum_o[186],5.4778
_8893_/Q,sum_o[187],5.4778
_8894_/Q,sum_o[188],5.4778
_8895_/Q,sum_o[189],5.4778
_8896_/Q,sum_o[190],5.4778
_8897_/Q,sum_o[191],5.4778
_8899_/Q,sum_o[193],5.4778
_8902_/Q,sum_o[196],5.4778
_8904_/Q,sum_o[198],5.4778
_8905_/Q,sum_o[199],5.4778
_8725_/Q,sum_o[19],5.4778
_8967_/Q,sum_o[1],5.4778
_8906_/Q,sum_o[200],5.4778
_8909_/Q,sum_o[203],5.4778
_8913_/Q,sum_o[207],5.4778
_8915_/Q,sum_o[209],5.4778
_8726_/Q,sum_o[20],5.4778
_8916_/Q,sum_o[210],5.4778
_8917_/Q,sum_o[211],5.4778
_8918_/Q,sum_o[212],5.4778
_8919_/Q,sum_o[213],5.4778
_8920_/Q,sum_o[214],5.4778
_8921_/Q,sum_o[215],5.4778
_8922_/Q,sum_o[216],5.4778
_8923_/Q,sum_o[217],5.4778
_8924_/Q,sum_o[218],5.4778
_8925_/Q,sum_o[219],5.4778
_8926_/Q,sum_o[220],5.4778
_8927_/Q,sum_o[221],5.4778
_8928_/Q,sum_o[222],5.4778
_8929_/Q,sum_o[223],5.4778
_8930_/Q,sum_o[224],5.4778
_8934_/Q,sum_o[228],5.4778
_8728_/Q,sum_o[22],5.4778
_8936_/Q,sum_o[230],5.4778
_8937_/Q,sum_o[231],5.4778
_8938_/Q,sum_o[232],5.4778
_8939_/Q,sum_o[233],5.4778
_8940_/Q,sum_o[234],5.4778
_8941_/Q,sum_o[235],5.4778
_8943_/Q,sum_o[237],5.4778
_8944_/Q,sum_o[238],5.4778
_8945_/Q,sum_o[239],5.4778
_8948_/Q,sum_o[242],5.4778
_8950_/Q,sum_o[244],5.4778
_8952_/Q,sum_o[246],5.4778
_8953_/Q,sum_o[247],5.4778
_8954_/Q,sum_o[248],5.4778
_8955_/Q,sum_o[249],5.4778
_8730_/Q,sum_o[24],5.4778
_8956_/Q,sum_o[250],5.4778
_8957_/Q,sum_o[251],5.4778
_8958_/Q,sum_o[252],5.4778
_8959_/Q,sum_o[253],5.4778
_8960_/Q,sum_o[254],5.4778
_8961_/Q,sum_o[255],5.4778
_8964_/Q,sum_o[258],5.4778
_8732_/Q,sum_o[26],5.4778
_8734_/Q,sum_o[28],5.4778
_8968_/Q,sum_o[2],5.4778
_8736_/Q,sum_o[30],5.4778
_8738_/Q,sum_o[32],5.4778
_8741_/Q,sum_o[35],5.4778
_8742_/Q,sum_o[36],5.4778
_8743_/Q,sum_o[37],5.4778
_8969_/Q,sum_o[3],5.4778
_8751_/Q,sum_o[45],5.4778
_8755_/Q,sum_o[49],5.4778
_8757_/Q,sum_o[51],5.4778
_8760_/Q,sum_o[54],5.4778
_8761_/Q,sum_o[55],5.4778
_8762_/Q,sum_o[56],5.4778
_8763_/Q,sum_o[57],5.4778
_8765_/Q,sum_o[59],5.4778
_8711_/Q,sum_o[5],5.4778
_8769_/Q,sum_o[63],5.4778
_8776_/Q,sum_o[70],5.4778
_8777_/Q,sum_o[71],5.4778
_8780_/Q,sum_o[74],5.4778
_8781_/Q,sum_o[75],5.4778
_8784_/Q,sum_o[78],5.4778
_8785_/Q,sum_o[79],5.4778
_8786_/Q,sum_o[80],5.4778
_8787_/Q,sum_o[81],5.4778
_8788_/Q,sum_o[82],5.4778
_8789_/Q,sum_o[83],5.4778
_8793_/Q,sum_o[87],5.4778
_8794_/Q,sum_o[88],5.4778
_8795_/Q,sum_o[89],5.4778
_8714_/Q,sum_o[8],5.4778
_8797_/Q,sum_o[91],5.4778
_8801_/Q,sum_o[95],5.4778
_8802_/Q,sum_o[96],5.4778
_8803_/Q,sum_o[97],5.4778
_8805_/Q,sum_o[99],5.4778
