
18. Printing statistics.

=== p7_csa1_cost ===

        +----------Local Count, excluding submodules.
        |        +-Local Area, excluding submodules.
        |        | 
     4666        - wires
     6220        - wire bits
      269        - public wires
     1823        - public wire bits
        9        - ports
     1563        - port bits
     4656 7.42E+03 cells
      313  333.032   AND2_X1
        1     1.33   AND2_X2
       11    14.63   AND3_X1
        1    1.596   AND3_X2
        1    2.926   AND3_X4
        2    6.916   AND4_X4
       10     13.3   AOI211_X1
        7   16.758   AOI211_X2
      298  317.072   AOI21_X1
       25    46.55   AOI21_X2
       35   121.03   AOI21_X4
        7   11.172   AOI221_X1
        1    2.926   AOI221_X2
        2    6.916   AOI221_X4
       14    18.62   AOI22_X1
      114   90.972   BUF_X1
      520   2766.4   DFFR_X1
      312  165.984   INV_X1
        1    2.394   INV_X8
       20    37.24   MUX2_X1
      503  401.394   NAND2_X1
        2     2.66   NAND2_X2
      267  284.088   NAND3_X1
        7   13.034   NAND3_X2
        5    17.29   NAND3_X4
        4     5.32   NAND4_X1
      393  313.614   NOR2_X1
       12   12.768   NOR3_X1
        2    3.724   NOR3_X2
        3     3.99   NOR4_X1
        3   14.364   NOR4_X4
       20     26.6   OAI211_X1
        7   16.758   OAI211_X2
       20    90.44   OAI211_X4
      825    877.8   OAI21_X1
        7   13.034   OAI21_X2
       48  165.984   OAI21_X4
        3    4.788   OAI221_X1
        1    2.926   OAI221_X2
        3     3.99   OAI22_X1
        1    1.862   OAI33_X1
      290   308.56   OR2_X1
        7     9.31   OR3_X1
        1    2.926   OR3_X4
        1    1.596   OR4_X1
        1    3.458   OR4_X4
      335   534.66   XNOR2_X1
        4    10.64   XNOR2_X2
      183  292.068   XOR2_X1
        3    7.182   XOR2_X2

   Chip area for module '\p7_csa1_cost': 7424.592000
     of which used for sequential elements: 2766.400000 (37.26%)

