_8139_/Q,sum_o[256],-1.5343
_8139_/Q,sum_o[259],-1.5229
_8139_/Q,sum_o[258],-1.4903
_8139_/Q,sum_o[255],-1.4891
_8139_/Q,sum_o[254],-1.4619
_8139_/Q,sum_o[257],-1.4570
_8139_/Q,sum_o[253],-1.4451
_8139_/Q,sum_o[252],-1.4302
_8139_/Q,sum_o[251],-1.3873
_8139_/Q,sum_o[250],-1.3494
_8139_/Q,sum_o[249],-1.3364
_8139_/Q,sum_o[248],-1.2986
_8139_/Q,sum_o[247],-1.2869
_8139_/Q,sum_o[240],-1.2770
_8139_/Q,sum_o[246],-1.2526
_8139_/Q,sum_o[238],-1.2352
_8139_/Q,sum_o[245],-1.2282
_8139_/Q,sum_o[239],-1.2258
_8139_/Q,sum_o[237],-1.1826
_8139_/Q,sum_o[244],-1.1718
_8139_/Q,sum_o[243],-1.1641
_8139_/Q,sum_o[236],-1.1352
_8139_/Q,sum_o[242],-1.1299
_8139_/Q,sum_o[241],-1.1053
_8139_/Q,sum_o[235],-1.0974
_8139_/Q,sum_o[234],-1.0353
_8139_/Q,sum_o[233],-0.9862
_8139_/Q,sum_o[232],-0.9452
_8139_/Q,sum_o[231],-0.9436
_8139_/Q,sum_o[230],-0.8940
_8139_/Q,sum_o[229],-0.8932
_8139_/Q,sum_o[228],-0.8414
_8139_/Q,sum_o[227],-0.8412
_8139_/Q,sum_o[226],-0.7747
_8139_/Q,sum_o[225],-0.7606
_8139_/Q,sum_o[224],-0.7139
_8139_/Q,sum_o[223],-0.6821
_8139_/Q,sum_o[222],-0.6156
_8139_/Q,sum_o[221],-0.5797
_8139_/Q,sum_o[220],-0.5499
_8139_/Q,sum_o[219],-0.5105
_8139_/Q,sum_o[217],-0.4854
_8139_/Q,sum_o[218],-0.4853
_8139_/Q,sum_o[216],-0.4336
_8139_/Q,sum_o[215],-0.4334
_8139_/Q,sum_o[214],-0.3669
_8139_/Q,sum_o[213],-0.3460
_8139_/Q,sum_o[211],-0.3072
_8139_/Q,sum_o[212],-0.3058
_8139_/Q,sum_o[208],-0.2863
_8139_/Q,sum_o[210],-0.2407
_8139_/Q,sum_o[207],-0.2337
_8139_/Q,sum_o[209],-0.2157
_8139_/Q,sum_o[206],-0.2044
_8139_/Q,sum_o[204],-0.1937
_8139_/Q,sum_o[205],-0.1785
_8139_/Q,sum_o[203],-0.1550
_8139_/Q,sum_o[202],-0.1056
_8139_/Q,sum_o[201],-0.0919
_8139_/Q,sum_o[200],-0.0465
_8139_/Q,sum_o[199],-0.0348
_8139_/Q,sum_o[198],-0.0005
_8139_/Q,sum_o[197],0.0238
_8139_/Q,sum_o[196],0.0803
_8139_/Q,sum_o[195],0.0879
_8139_/Q,sum_o[194],0.1222
_8139_/Q,sum_o[193],0.1466
_8139_/Q,sum_o[192],0.1892
_8139_/Q,sum_o[191],0.2009
_8139_/Q,sum_o[190],0.2352
_8139_/Q,sum_o[189],0.2596
_8139_/Q,sum_o[188],0.3022
_8139_/Q,sum_o[187],0.3138
_8139_/Q,sum_o[186],0.3481
_8139_/Q,sum_o[185],0.3725
_8139_/Q,sum_o[184],0.4290
_8139_/Q,sum_o[183],0.4366
_8139_/Q,sum_o[182],0.4709
_8139_/Q,sum_o[181],0.4953
_8139_/Q,sum_o[180],0.5518
_8139_/Q,sum_o[179],0.5593
_8139_/Q,sum_o[178],0.5937
_8139_/Q,sum_o[177],0.6180
_8139_/Q,sum_o[176],0.6607
_8139_/Q,sum_o[175],0.6723
_8139_/Q,sum_o[174],0.7066
_8139_/Q,sum_o[173],0.7310
_8139_/Q,sum_o[172],0.7875
_8139_/Q,sum_o[171],0.7951
_8139_/Q,sum_o[170],0.8294
_8139_/Q,sum_o[169],0.8537
_8139_/Q,sum_o[168],0.9102
_8139_/Q,sum_o[167],0.9178
_8139_/Q,sum_o[166],0.9521
_8139_/Q,sum_o[165],0.9765
_8139_/Q,sum_o[160],1.0104
_8139_/Q,sum_o[164],1.0330
_8139_/Q,sum_o[163],1.0404
_8139_/Q,sum_o[159],1.0629
_8139_/Q,sum_o[162],1.0752
_8139_/Q,sum_o[158],1.0941
_8139_/Q,sum_o[161],1.0968
_8139_/Q,sum_o[156],1.1015
_8139_/Q,sum_o[157],1.1192
_8139_/Q,sum_o[155],1.1524
_8139_/Q,sum_o[154],1.2115
_8139_/Q,sum_o[152],1.2438
_8139_/Q,sum_o[153],1.2441
_8139_/Q,sum_o[151],1.2966
_8139_/Q,sum_o[150],1.3550
_8139_/Q,sum_o[149],1.4050
_8139_/Q,sum_o[148],1.4303
_8139_/Q,sum_o[147],1.4622
_8139_/Q,sum_o[146],1.4965
_8139_/Q,sum_o[145],1.5220
_8139_/Q,sum_o[144],1.5763
_8139_/Q,sum_o[143],1.5962
_8139_/Q,sum_o[142],1.6391
_8139_/Q,sum_o[141],1.6492
_8139_/Q,sum_o[140],1.6958
_8139_/Q,sum_o[139],1.7194
_8139_/Q,sum_o[138],1.7622
_8139_/Q,sum_o[137],1.7724
_8139_/Q,sum_o[128],1.7915
_8139_/Q,sum_o[136],1.8189
_8139_/Q,sum_o[126],1.8280
_8139_/Q,sum_o[127],1.8359
_8139_/Q,sum_o[135],1.8426
_8139_/Q,sum_o[134],1.8846
_8139_/Q,sum_o[125],1.8904
_8139_/Q,sum_o[133],1.9211
_8139_/Q,sum_o[124],1.9287
_8139_/Q,sum_o[123],1.9471
_8139_/Q,sum_o[132],1.9486
_8139_/Q,sum_o[120],1.9487
_8139_/Q,sum_o[131],1.9719
_8139_/Q,sum_o[118],1.9852
_8139_/Q,sum_o[119],1.9931
_8139_/Q,sum_o[122],1.9980
_8139_/Q,sum_o[130],2.0056
_8139_/Q,sum_o[121],2.0259
_8139_/Q,sum_o[117],2.0319
_8139_/Q,sum_o[116],2.0385
_8139_/Q,sum_o[115],2.0456
_8139_/Q,sum_o[129],2.0468
_8139_/Q,sum_o[114],2.1328
_8139_/Q,sum_o[113],2.1670
_8139_/Q,sum_o[112],2.1838
_8139_/Q,sum_o[111],2.2097
_8139_/Q,sum_o[110],2.2588
_8139_/Q,sum_o[109],2.2589
_8139_/Q,sum_o[107],2.3239
_8139_/Q,sum_o[108],2.3254
_8139_/Q,sum_o[106],2.3757
_8139_/Q,sum_o[105],2.4391
_8139_/Q,sum_o[104],2.4744
_8139_/Q,sum_o[103],2.4759
_8139_/Q,sum_o[101],2.5260
_8139_/Q,sum_o[102],2.5262
_8139_/Q,sum_o[99],2.5908
_8139_/Q,sum_o[100],2.5924
_8139_/Q,sum_o[96],2.6206
_8139_/Q,sum_o[97],2.6415
_8139_/Q,sum_o[98],2.6426
_8139_/Q,sum_o[95],2.6464
_8139_/Q,sum_o[94],2.6547
_8139_/Q,sum_o[92],2.6917
_8139_/Q,sum_o[93],2.6991
_8139_/Q,sum_o[91],2.7412
_8139_/Q,sum_o[90],2.7921
_8139_/Q,sum_o[89],2.8092
_8139_/Q,sum_o[88],2.8560
_8139_/Q,sum_o[87],2.8639
_8139_/Q,sum_o[86],2.8983
_8139_/Q,sum_o[85],2.9226
_8139_/Q,sum_o[84],2.9791
_8139_/Q,sum_o[83],2.9867
_8139_/Q,sum_o[82],3.0210
_8139_/Q,sum_o[81],3.0454
_8139_/Q,sum_o[80],3.0880
_8139_/Q,sum_o[79],3.0996
_8139_/Q,sum_o[78],3.1340
_8139_/Q,sum_o[77],3.1583
_8139_/Q,sum_o[76],3.2148
_8139_/Q,sum_o[75],3.2224
_8139_/Q,sum_o[74],3.2567
_8139_/Q,sum_o[73],3.2811
_8139_/Q,sum_o[72],3.3376
_8139_/Q,sum_o[71],3.3452
_8139_/Q,sum_o[70],3.3795
_8139_/Q,sum_o[69],3.4039
_8139_/Q,sum_o[68],3.4369
_8139_/Q,sum_o[67],3.4730
_8139_/Q,sum_o[66],3.4840
_8139_/Q,sum_o[64],3.4909
_8139_/Q,sum_o[63],3.5213
_8139_/Q,sum_o[65],3.5262
_8139_/Q,sum_o[62],3.5306
_8139_/Q,sum_o[61],3.5565
_8139_/Q,sum_o[60],3.5568
_8139_/Q,sum_o[59],3.6061
_8139_/Q,sum_o[58],3.6358
_8139_/Q,sum_o[57],3.6737
_8139_/Q,sum_o[56],3.7032
_8139_/Q,sum_o[55],3.7199
_8139_/Q,sum_o[54],3.7677
_8139_/Q,sum_o[53],3.7677
_8139_/Q,sum_o[52],3.8195
_8139_/Q,sum_o[51],3.8197
_8139_/Q,sum_o[50],3.8862
_8139_/Q,sum_o[49],3.9141
_8139_/Q,sum_o[48],3.9387
_8139_/Q,sum_o[47],3.9568
_8139_/Q,sum_o[46],4.0069
_8139_/Q,sum_o[45],4.0457
_8139_/Q,sum_o[44],4.0498
_8139_/Q,sum_o[43],4.1052
_8139_/Q,sum_o[42],4.1299
_8139_/Q,sum_o[41],4.1631
_8139_/Q,sum_o[40],4.1974
_8139_/Q,sum_o[39],4.2218
_8139_/Q,sum_o[38],4.2474
_8139_/Q,sum_o[37],4.3045
_8139_/Q,sum_o[36],4.3217
_8139_/Q,sum_o[35],4.3344
_8139_/Q,sum_o[34],4.3462
_8139_/Q,sum_o[33],4.3837
_8139_/Q,sum_o[32],4.4013
_8139_/Q,sum_o[31],4.4427
_8139_/Q,sum_o[30],4.4992
_8139_/Q,sum_o[29],4.5379
_8139_/Q,sum_o[28],4.5741
_8139_/Q,sum_o[27],4.5820
_8139_/Q,sum_o[26],4.6163
_8139_/Q,sum_o[25],4.6407
_8139_/Q,sum_o[24],4.6972
_8139_/Q,sum_o[23],4.7047
_8139_/Q,sum_o[22],4.7391
_8139_/Q,sum_o[21],4.7634
_8139_/Q,sum_o[20],4.8199
_8139_/Q,sum_o[19],4.8275
_8139_/Q,sum_o[18],4.8618
_8139_/Q,sum_o[17],4.8862
_8139_/Q,sum_o[16],4.9333
_8139_/Q,sum_o[15],4.9441
_8139_/Q,sum_o[14],4.9779
_8139_/Q,sum_o[13],5.0203
_8139_/Q,sum_o[12],5.0513
_8139_/Q,sum_o[11],5.0724
_8139_/Q,sum_o[10],5.1109
_8139_/Q,sum_o[9],5.1451
_8139_/Q,sum_o[8],5.1701
_8139_/Q,sum_o[7],5.1962
_8139_/Q,sum_o[6],5.2324
_8139_/Q,sum_o[5],5.2575
_8139_/Q,sum_o[4],5.2790
_8139_/Q,sum_o[3],5.3050
_8140_/Q,sum_o[2],5.3386
_8139_/Q,sum_o[1],5.3668
_8338_/Q,carry_o[199],5.4461
_8154_/Q,carry_o[15],5.4496
_8302_/Q,carry_o[163],5.4496
_8306_/Q,carry_o[167],5.4496
_8310_/Q,carry_o[171],5.4496
_8318_/Q,carry_o[179],5.4496
_8322_/Q,carry_o[183],5.4496
_8334_/Q,carry_o[195],5.4496
_8158_/Q,carry_o[19],5.4496
_8162_/Q,carry_o[23],5.4496
_8382_/Q,carry_o[243],5.4496
_8176_/Q,carry_o[37],5.4496
_8210_/Q,carry_o[71],5.4496
_8214_/Q,carry_o[75],5.4496
_8222_/Q,carry_o[83],5.4496
_8314_/Q,carry_o[175],5.4504
_8326_/Q,carry_o[187],5.4504
_8330_/Q,carry_o[191],5.4504
_8218_/Q,carry_o[79],5.4504
_8226_/Q,carry_o[87],5.4537
_8363_/Q,carry_o[224],5.4547
_8395_/Q,carry_o[256],5.4547
_8180_/Q,carry_o[41],5.4547
_8204_/Q,carry_o[65],5.4547
_8391_/Q,carry_o[252],5.4554
_8358_/Q,carry_o[219],5.4561
_8297_/Q,carry_o[158],5.4567
_8242_/Q,carry_o[103],5.4571
_8370_/Q,carry_o[231],5.4571
_8142_/Q,carry_o[3],5.4579
_8282_/Q,carry_o[143],5.4580
_8290_/Q,carry_o[151],5.4580
_8344_/Q,carry_o[205],5.4580
_8168_/Q,carry_o[29],5.4580
_8281_/Q,carry_o[142],5.4581
_8167_/Q,carry_o[28],5.4581
_8359_/Q,carry_o[220],5.4582
_8288_/Q,carry_o[149],5.4583
_8289_/Q,carry_o[150],5.4583
_8194_/Q,carry_o[55],5.4583
_8259_/Q,carry_o[120],5.4604
_8175_/Q,carry_o[36],5.4604
_8256_/Q,carry_o[117],5.4614
_8264_/Q,carry_o[125],5.4614
_8298_/Q,carry_o[159],5.4614
_8392_/Q,carry_o[253],5.4614
_8234_/Q,carry_o[95],5.4614
_8394_/Q,carry_o[255],5.4615
_8240_/Q,carry_o[101],5.4616
_8244_/Q,carry_o[105],5.4616
_8246_/Q,carry_o[107],5.4616
_8248_/Q,carry_o[109],5.4616
_8149_/Q,carry_o[10],5.4616
_8252_/Q,carry_o[113],5.4616
_8260_/Q,carry_o[121],5.4616
_8262_/Q,carry_o[123],5.4616
_8151_/Q,carry_o[12],5.4616
_8286_/Q,carry_o[147],5.4616
_8294_/Q,carry_o[155],5.4616
_8303_/Q,carry_o[164],5.4616
_8307_/Q,carry_o[168],5.4616
_8155_/Q,carry_o[16],5.4616
_8311_/Q,carry_o[172],5.4616
_8315_/Q,carry_o[176],5.4616
_8319_/Q,carry_o[180],5.4616
_8323_/Q,carry_o[184],5.4616
_8327_/Q,carry_o[188],5.4616
_8331_/Q,carry_o[192],5.4616
_8335_/Q,carry_o[196],5.4616
_8140_/Q,carry_o[1],5.4616
_8340_/Q,carry_o[201],5.4616
_8342_/Q,carry_o[203],5.4616
_8345_/Q,carry_o[206],5.4616
_8348_/Q,carry_o[209],5.4616
_8159_/Q,carry_o[20],5.4616
_8352_/Q,carry_o[213],5.4616
_8354_/Q,carry_o[215],5.4616
_8356_/Q,carry_o[217],5.4616
_8364_/Q,carry_o[225],5.4616
_8366_/Q,carry_o[227],5.4616
_8368_/Q,carry_o[229],5.4616
_8375_/Q,carry_o[236],5.4616
_8376_/Q,carry_o[237],5.4616
_8378_/Q,carry_o[239],5.4616
_8379_/Q,carry_o[240],5.4616
_8383_/Q,carry_o[244],5.4616
_8163_/Q,carry_o[24],5.4616
_8396_/Q,carry_o[257],5.4616
_8184_/Q,carry_o[45],5.4616
_8188_/Q,carry_o[49],5.4616
_8190_/Q,carry_o[51],5.4616
_8196_/Q,carry_o[57],5.4616
_8198_/Q,carry_o[59],5.4616
_8144_/Q,carry_o[5],5.4616
_8200_/Q,carry_o[61],5.4616
_8205_/Q,carry_o[66],5.4616
_8207_/Q,carry_o[68],5.4616
_8211_/Q,carry_o[72],5.4616
_8215_/Q,carry_o[76],5.4616
_8146_/Q,carry_o[7],5.4616
_8219_/Q,carry_o[80],5.4616
_8223_/Q,carry_o[84],5.4616
_8228_/Q,carry_o[89],5.4616
_8236_/Q,carry_o[97],5.4616
_8238_/Q,carry_o[99],5.4616
_8257_/Q,carry_o[118],5.4617
_8265_/Q,carry_o[126],5.4617
_8371_/Q,carry_o[232],5.4617
_8201_/Q,carry_o[62],5.4617
_8231_/Q,carry_o[92],5.4617
_8169_/Q,carry_o[30],5.4617
_8258_/Q,carry_o[119],5.4618
_8266_/Q,carry_o[127],5.4618
_8229_/Q,carry_o[90],5.4619
_8254_/Q,carry_o[115],5.4619
_8372_/Q,carry_o[233],5.4619
_8202_/Q,carry_o[63],5.4619
_8230_/Q,carry_o[91],5.4619
_8232_/Q,carry_o[93],5.4619
_8373_/Q,carry_o[234],5.4619
_8255_/Q,carry_o[116],5.4619
_8263_/Q,carry_o[124],5.4619
_8233_/Q,carry_o[94],5.4619
_8292_/Q,carry_o[153],5.4620
_8243_/Q,carry_o[104],5.4624
_8351_/Q,carry_o[212],5.4624
_8139_/Q,carry_o[0],5.4634
_8350_/Q,carry_o[211],5.4647
_8192_/Q,carry_o[53],5.4647
_8150_/Q,carry_o[11],5.4650
_8152_/Q,carry_o[13],5.4650
_8284_/Q,carry_o[145],5.4650
_8291_/Q,carry_o[152],5.4650
_8300_/Q,carry_o[161],5.4650
_8304_/Q,carry_o[165],5.4650
_8308_/Q,carry_o[169],5.4650
_8312_/Q,carry_o[173],5.4650
_8316_/Q,carry_o[177],5.4650
_8156_/Q,carry_o[17],5.4650
_8320_/Q,carry_o[181],5.4650
_8324_/Q,carry_o[185],5.4650
_8328_/Q,carry_o[189],5.4650
_8332_/Q,carry_o[193],5.4650
_8336_/Q,carry_o[197],5.4650
_8347_/Q,carry_o[208],5.4650
_8160_/Q,carry_o[21],5.4650
_8380_/Q,carry_o[241],5.4650
_8384_/Q,carry_o[245],5.4650
_8164_/Q,carry_o[25],5.4650
_8141_/Q,carry_o[2],5.4650
_8178_/Q,carry_o[39],5.4650
_8182_/Q,carry_o[43],5.4650
_8143_/Q,carry_o[4],5.4650
_8206_/Q,carry_o[67],5.4650
_8208_/Q,carry_o[69],5.4650
_8145_/Q,carry_o[6],5.4650
_8212_/Q,carry_o[73],5.4650
_8216_/Q,carry_o[77],5.4650
_8220_/Q,carry_o[81],5.4650
_8224_/Q,carry_o[85],5.4650
_8174_/Q,carry_o[35],5.4665
_8251_/Q,carry_o[112],5.4668
_8261_/Q,carry_o[122],5.4668
_8267_/Q,carry_o[128],5.4668
_8268_/Q,carry_o[129],5.4668
_8269_/Q,carry_o[130],5.4668
_8283_/Q,carry_o[144],5.4668
_8285_/Q,carry_o[146],5.4668
_8153_/Q,carry_o[14],5.4668
_8293_/Q,carry_o[154],5.4668
_8295_/Q,carry_o[156],5.4668
_8299_/Q,carry_o[160],5.4668
_8301_/Q,carry_o[162],5.4668
_8305_/Q,carry_o[166],5.4668
_8309_/Q,carry_o[170],5.4668
_8313_/Q,carry_o[174],5.4668
_8317_/Q,carry_o[178],5.4668
_8321_/Q,carry_o[182],5.4668
_8325_/Q,carry_o[186],5.4668
_8157_/Q,carry_o[18],5.4668
_8329_/Q,carry_o[190],5.4668
_8333_/Q,carry_o[194],5.4668
_8337_/Q,carry_o[198],5.4668
_8339_/Q,carry_o[200],5.4668
_8341_/Q,carry_o[202],5.4668
_8343_/Q,carry_o[204],5.4668
_8161_/Q,carry_o[22],5.4668
_8377_/Q,carry_o[238],5.4668
_8381_/Q,carry_o[242],5.4668
_8385_/Q,carry_o[246],5.4668
_8387_/Q,carry_o[248],5.4668
_8389_/Q,carry_o[250],5.4668
_8393_/Q,carry_o[254],5.4668
_8165_/Q,carry_o[26],5.4668
_8171_/Q,carry_o[32],5.4668
_8173_/Q,carry_o[34],5.4668
_8177_/Q,carry_o[38],5.4668
_8179_/Q,carry_o[40],5.4668
_8181_/Q,carry_o[42],5.4668
_8183_/Q,carry_o[44],5.4668
_8195_/Q,carry_o[56],5.4668
_8197_/Q,carry_o[58],5.4668
_8199_/Q,carry_o[60],5.4668
_8203_/Q,carry_o[64],5.4668
_8209_/Q,carry_o[70],5.4668
_8213_/Q,carry_o[74],5.4668
_8217_/Q,carry_o[78],5.4668
_8221_/Q,carry_o[82],5.4668
_8225_/Q,carry_o[86],5.4668
_8227_/Q,carry_o[88],5.4668
_8148_/Q,carry_o[9],5.4668
_8239_/Q,carry_o[100],5.4684
_8241_/Q,carry_o[102],5.4684
_8245_/Q,carry_o[106],5.4684
_8247_/Q,carry_o[108],5.4684
_8249_/Q,carry_o[110],5.4684
_8253_/Q,carry_o[114],5.4684
_8271_/Q,carry_o[132],5.4684
_8273_/Q,carry_o[134],5.4684
_8275_/Q,carry_o[136],5.4684
_8277_/Q,carry_o[138],5.4684
_8279_/Q,carry_o[140],5.4684
_8287_/Q,carry_o[148],5.4684
_8349_/Q,carry_o[210],5.4684
_8353_/Q,carry_o[214],5.4684
_8355_/Q,carry_o[216],5.4684
_8357_/Q,carry_o[218],5.4684
_8361_/Q,carry_o[222],5.4684
_8365_/Q,carry_o[226],5.4684
_8367_/Q,carry_o[228],5.4684
_8369_/Q,carry_o[230],5.4684
_8172_/Q,carry_o[33],5.4684
_8185_/Q,carry_o[46],5.4684
_8187_/Q,carry_o[48],5.4684
_8189_/Q,carry_o[50],5.4684
_8191_/Q,carry_o[52],5.4684
_8193_/Q,carry_o[54],5.4684
_8147_/Q,carry_o[8],5.4684
_8235_/Q,carry_o[96],5.4684
_8237_/Q,carry_o[98],5.4684
_8250_/Q,carry_o[111],5.4696
_8360_/Q,carry_o[221],5.4696
_8390_/Q,carry_o[251],5.4696
_8270_/Q,carry_o[131],5.4698
_8272_/Q,carry_o[133],5.4698
_8274_/Q,carry_o[135],5.4698
_8276_/Q,carry_o[137],5.4698
_8278_/Q,carry_o[139],5.4698
_8280_/Q,carry_o[141],5.4698
_8296_/Q,carry_o[157],5.4698
_8346_/Q,carry_o[207],5.4698
_8362_/Q,carry_o[223],5.4698
_8374_/Q,carry_o[235],5.4698
_8386_/Q,carry_o[247],5.4698
_8388_/Q,carry_o[249],5.4698
_8166_/Q,carry_o[27],5.4698
_8170_/Q,carry_o[31],5.4698
_8186_/Q,carry_o[47],5.4698
_8397_/Q,carry_o[258],5.4716
_8398_/Q,carry_o[259],5.4778
_7879_/Q,sum_o[0],5.4778
