[构建] 强制重新构建：开（--nouse_action_cache）

===== ver1_1：38 个阶段 =====
  [macro] keygen   cycles=  138,140 (insn 96,826 + stalls 41,314)  iss_cycles=138,340  1.38 ms
  [macro] encap    cycles=  170,235 (insn 118,439 + stalls 51,796)  iss_cycles=170,435  1.70 ms
  [macro] decap    cycles=  215,707 (insn 144,773 + stalls 70,934)  iss_cycles=215,907  2.16 ms
  keygen_ntt                                   Δcycles=   13,878  Δinsn=    5,340  Δstall= 8,538  image= 4,388 B
  keygen_basemul_basemul_acc                   Δcycles=   26,979  Δinsn=    8,145  Δstall=18,834  image= 8,276 B
  keygen_pack_pk                               Δcycles=   10,695  Δinsn=   10,472  Δstall=   223  image= 4,192 B
  keygen_pack_sk                               Δcycles=   10,853  Δinsn=   10,553  Δstall=   300  image= 6,688 B
  keygen_hash_h                                Δcycles=    2,206  Δinsn=    1,612  Δstall=   594  image= 5,980 B
  keygen_sha3_init_update_final                Δcycles=      338  Δinsn=      248  Δstall=    90  image= 4,964 B
  keygen_poly_getnoise_eta_1                   Δcycles=   18,480  Δinsn=   17,532  Δstall=   948  image= 2,940 B
  keygen_poly_gen_matrix                       Δcycles=   46,270  Δinsn=   36,528  Δstall= 9,742  image= 2,684 B
  encap_hash_g                                 Δcycles=      342  Δinsn=      249  Δstall=    93  image= 4,916 B
  encap_poly_gen_matrix                        Δcycles=   46,270  Δinsn=   36,528  Δstall= 9,742  image= 2,684 B
  decap_poly_gen_matrix                        Δcycles=   46,270  Δinsn=   36,528  Δstall= 9,742  image= 2,684 B
  decap_shake_z_ct                             Δcycles=    2,134  Δinsn=    1,558  Δstall=   576  image= 1,972 B
  encap_intt                                   Δcycles=    2,736  Δinsn=      960  Δstall= 1,776  image= 6,092 B
  encap_pack_ciphertext                        Δcycles=   13,038  Δinsn=   11,156  Δstall= 1,882  image= 4,532 B
  encap_unpack_pk                              Δcycles=   22,581  Δinsn=   22,211  Δstall=   370  image= 4,292 B
  encap_poly_frommsg                           Δcycles=      960  Δinsn=      920  Δstall=    40  image= 2,864 B
  decap_unpack_ciphertext                      Δcycles=   12,706  Δinsn=   11,864  Δstall=   842  image= 3,508 B
  decap_poly_sub                               Δcycles=      250  Δinsn=      148  Δstall=   102  image= 4,888 B
  decap_poly_tomsg                             Δcycles=    1,323  Δinsn=      857  Δstall=   466  image= 2,864 B
  decap_verify_cmov                            Δcycles=      244  Δinsn=      168  Δstall=    76  image= 6,812 B
  encap_intt_x4                                Δcycles=   10,944  Δinsn=    3,840  Δstall= 7,104  image= 6,140 B
  encap_noise_x7                               Δcycles=   21,560  Δinsn=   20,454  Δstall= 1,106  image= 2,948 B
  encap_h_ek                                   Δcycles=    2,206  Δinsn=    1,612  Δstall=   594  image= 2,044 B
  encap_basemul_acc_x12                        Δcycles=   33,852  Δinsn=   10,284  Δstall=23,568  image= 8,500 B
  encap_ntt_x3                                 Δcycles=    6,939  Δinsn=    2,670  Δstall= 4,269  image= 4,316 B
  encap_poly_add_x5                            Δcycles=    1,250  Δinsn=      740  Δstall=   510  image= 3,944 B
  decap_noise_x7                               Δcycles=   21,560  Δinsn=   20,454  Δstall= 1,106  image= 2,948 B
  decap_basemul_acc_x15                        Δcycles=   47,085  Δinsn=   14,151  Δstall=32,934  image= 8,760 B
  decap_ntt_x6                                 Δcycles=   13,878  Δinsn=    5,340  Δstall= 8,538  image= 4,364 B
  decap_intt_x5                                Δcycles=   13,680  Δinsn=    4,800  Δstall= 8,880  image= 6,156 B
  decap_pack_ciphertext                        Δcycles=   13,038  Δinsn=   11,156  Δstall= 1,882  image= 4,532 B
  decap_poly_add_x5                            Δcycles=    1,250  Δinsn=      740  Δstall=   510  image= 3,944 B
  decap_hash_g_reuse                           Δcycles=      342  Δinsn=      249  Δstall=    93  image=   980 B
  decap_unpack_sk_pk                           Δcycles=   22,428  Δinsn=   22,134  Δstall=   294  image= 4,168 B
  decap_poly_frommsg_reuse                     Δcycles=      960  Δinsn=      920  Δstall=    40  image= 2,864 B
  keygen_poly_gen_matrix_shake                 Δcycles=   12,105  Δinsn=    9,279  Δstall= 2,826  image= 4,204 B
  keygen_poly_gen_matrix_rejection             Δcycles=   39,790  Δinsn=   31,479  Δstall= 8,311  image=16,912 B
  keygen_poly_gen_matrix_stub_overhead         Δcycles=    5,625  Δinsn=    4,230  Δstall= 1,395  image= 9,864 B

  [closure]
    decap    Σ阶段=  197,148  整app=  215,707  残差= 18,559 (8.604%)
    encap    Σ阶段=  159,942  整app=  170,235  残差= 10,293 (6.046%)
    keygen   Σ阶段=  129,699  整app=  138,140  残差=  8,441 (6.110%)

  [运行健康检查]
    全部行均正常收尾（ERR_BITS=0 且都执行了 ecall）✓

## ver1_1 / keygen 分解（分母 = 整 app 138,140 cycles）
| Stage | Cycles | % | FIPS | 口径 |
|---|---:|---:|---|---|
| `keygen_poly_gen_matrix` | 46,270 | 33.50% | Alg.13 L3–7 / Alg.7 | Exact-real-input |
| `keygen_basemul_basemul_acc` | 26,979 | 19.53% | Alg.13 L18 | Direct |
| `keygen_poly_getnoise_eta_1` | 18,480 | 13.38% | Alg.13 L8–15 | Direct |
| `keygen_ntt` | 13,878 | 10.05% | Alg.13 L16–17 | Direct |
| `keygen_pack_sk` | 10,853 | 7.86% | Alg.13 L20 | Direct |
| `keygen_pack_pk` | 10,695 | 7.74% | Alg.13 L19 | Direct |
| `keygen_hash_h` | 2,206 | 1.60% | Alg.16 L3 | Direct |
| `keygen_sha3_init_update_final` | 338 | 0.24% | Alg.13 L1 / G(d‖k) | Direct |
| **Σ 阶段** | **129,699** | 93.89% | | |
| 整 app | 138,140 | 100% | | |

残差 = **8,441 cycles**（6.110%）→ **attribution coverage ≈ 93.89%**

### KMAC 驱动 API 调用闭环
| Stage | 调用次数 |
|---|---:|
| `keygen_poly_gen_matrix` | 225 |
| `keygen_poly_getnoise_eta_1` | 48 |
| `keygen_hash_h` | 6 |
| `keygen_sha3_init_update_final` | 6 |
| **Σ 阶段** | **285** |
| 整 app | 285 |
| 差异 | +0 |

## ver1_1 / encap 分解（分母 = 整 app 170,235 cycles）
| Stage | Cycles | % | FIPS | 口径 |
|---|---:|---:|---|---|
| `encap_poly_gen_matrix` | 46,270 | 27.18% | Alg.14 L4–8 / Alg.7 | Exact-real-input |
| `encap_basemul_acc_x12` | 33,852 | 19.89% | Alg.14 L19,L21 | Direct |
| `encap_unpack_pk` | 22,581 | 13.26% | Alg.14 L2–3 | Direct |
| `encap_noise_x7` | 21,560 | 12.66% | Alg.14 L9–17 | Direct |
| `encap_pack_ciphertext` | 13,038 | 7.66% | Alg.14 L22–24 | Direct |
| `encap_intt_x4` | 10,944 | 6.43% | Alg.14 L19,L21 | Direct |
| `encap_ntt_x3` | 6,939 | 4.08% | Alg.14 L18 | Direct |
| `encap_h_ek` | 2,206 | 1.30% | Alg.17 L1 subexpr. | Direct |
| `encap_poly_add_x5` | 1,250 | 0.73% | Alg.14 L19,L21 | Direct |
| `encap_poly_frommsg` | 960 | 0.56% | Alg.14 L20 | Direct |
| `encap_hash_g` | 342 | 0.20% | Alg.17 L2 / G(m‖H(ek)) | Direct |
| **Σ 阶段** | **159,942** | 93.95% | | |
| 整 app | 170,235 | 100% | | |

残差 = **10,293 cycles**（6.046%）→ **attribution coverage ≈ 93.95%**

### KMAC 驱动 API 调用闭环
| Stage | 调用次数 |
|---|---:|
| `encap_poly_gen_matrix` | 225 |
| `encap_noise_x7` | 56 |
| `encap_h_ek` | 6 |
| `encap_hash_g` | 7 |
| **Σ 阶段** | **294** |
| 整 app | 294 |
| 差异 | +0 |

## ver1_1 / decap 分解（分母 = 整 app 215,707 cycles）
| Stage | Cycles | % | FIPS | 口径 |
|---|---:|---:|---|---|
| `decap_basemul_acc_x15` | 47,085 | 21.83% | Alg.15 L6 + Alg.14 L19,L21 | Direct |
| `decap_poly_gen_matrix` | 46,270 | 21.45% | Alg.18 L8→Alg.14 L4–8 | Exact-real-input |
| `decap_unpack_sk_pk` | 22,428 | 10.40% | Alg.15 L5 + Alg.14 L2–3 | Direct |
| `decap_noise_x7` | 21,560 | 10.00% | Alg.18 L8→Alg.14 L9–17 | Direct |
| `decap_ntt_x6` | 13,878 | 6.43% | Alg.15 L6 + Alg.14 L18 | Direct |
| `decap_intt_x5` | 13,680 | 6.34% | Alg.15 L6 + Alg.14 L19,L21 | Direct |
| `decap_pack_ciphertext` | 13,038 | 6.04% | Alg.18 L8→Alg.14 L22–24 | Direct |
| `decap_unpack_ciphertext` | 12,706 | 5.89% | Alg.15 L1–4 | Direct |
| `decap_shake_z_ct` | 2,134 | 0.99% | Alg.18 L9 / J(z‖c) | Direct |
| `decap_poly_tomsg` | 1,323 | 0.61% | Alg.15 L7 | Direct |
| `decap_poly_add_x5` | 1,250 | 0.58% | Alg.14 L19,L21 | Direct |
| `decap_poly_frommsg_reuse` | 960 | 0.45% | Alg.18 L8→Alg.14 L20 | Direct |
| `decap_hash_g_reuse` | 342 | 0.16% | Alg.18 L8 → G(m'‖h) | Direct |
| `decap_poly_sub` | 250 | 0.12% | Alg.15 L6 | Direct |
| `decap_verify_cmov` | 244 | 0.11% | Alg.18 L9–10 | Direct |
| **Σ 阶段** | **197,148** | 91.40% | | |
| 整 app | 215,707 | 100% | | |

残差 = **18,559 cycles**（8.604%）→ **attribution coverage ≈ 91.40%**

### KMAC 驱动 API 调用闭环
| Stage | 调用次数 |
|---|---:|
| `decap_poly_gen_matrix` | 225 |
| `decap_noise_x7` | 56 |
| `decap_shake_z_ct` | 7 |
| `decap_hash_g_reuse` | 7 |
| **Σ 阶段** | **295** |
| 整 app | 295 |
| 差异 | +0 |

## 残差归因（按函数/标签的指令数；容器 = 残差构成）
- `ver1_1/keygen`：容器合计 **157** 条指令（app 共 96,826）
    - `crypto_kem_keypair` 123（行未调用）
    - `indcpa_keypair` 34（行未调用）
    - 其余未在行 calls 里出现的（多为内核内部循环标签）：_sample_ntt_loop(26,025), _xof_squeeze32_recharge(4,536), _xof_rsp_valid_poll_time_remaining(3,082), _ntt_layers_loop(2,586), _xof_ready_poll_time_remaining(1,104)
- `ver1_1/encap`：容器合计 **917** 条指令（app 共 118,439）
    - `_encrypt_core` 480（行未调用）
    - `crypto_kem_enc` 437（行未调用）
    - 其余未在行 calls 里出现的（多为内核内部循环标签）：_sample_ntt_loop(26,025), _xof_squeeze32_recharge(4,620), _xof_rsp_valid_poll_time_remaining(3,150), _ntt_layers_loop(1,293), _xof_ready_poll_time_remaining(1,134)
- `ver1_1/decap`：容器合计 **1,546** 条指令（app 共 144,773）
    - `_encrypt_core` 690（行未调用）
    - `crypto_kem_dec` 583（行未调用）
    - `_decrypt_core` 271（行未调用）
    - `indcpa_enc_uncompressed` 2（行未调用）
    - 其余未在行 calls 里出现的（多为内核内部循环标签）：_sample_ntt_loop(26,025), _xof_squeeze32_recharge(4,620), _xof_rsp_valid_poll_time_remaining(3,150), _ntt_layers_loop(2,586), _xof_ready_poll_time_remaining(1,118)

## Static memory footprint（文档 §3.2）
| Operation | IMEM | DMEM | Total |
|---|---:|---:|---:|
| ver1_1 keygen | 5,424 B | 8,160 B | 13,584 B |
| ver1_1 encap | 8,172 B | 6,016 B | 14,188 B |
| ver1_1 decap | 9,288 B | 10,112 B | 19,400 B |

## 指令归因（Δ 后 Top 5）
- `ver1_1/keygen_ntt`: bn.addvm=1,344  bn.subvm=672  bn.trn1=576  bn.trn2=576  bn.lid=486
- `ver1_1/keygen_basemul_basemul_acc`: bn.rshi=1,824  bn.mulvm=1,536  bn.lid=1,440  bn.addvm=1,344  bn.and=768
- `ver1_1/keygen_pack_pk`: bn.rshi=9,984  addi=153  bn.lid=133  loopi=103  bn.sid=73
- `ver1_1/keygen_pack_sk`: bn.rshi=9,984  bn.lid=172  addi=155  bn.sid=111  loopi=104
- `ver1_1/keygen_hash_h`: addi=354  bne=194  beq=192  csrrs=158  andi=154
- `ver1_1/keygen_sha3_init_update_final`: addi=54  bne=32  csrrs=27  beq=25  andi=23
- `ver1_1/keygen_poly_getnoise_eta_1`: addi=4,062  and=2,316  add=2,112  srli=2,112  andi=1,674
- `ver1_1/keygen_poly_gen_matrix`: addi=7,023  beq=5,797  srli=5,246  sub=2,836  and=2,818
- `ver1_1/encap_hash_g`: addi=52  bne=32  csrrs=27  beq=26  andi=23
- `ver1_1/encap_poly_gen_matrix`: addi=7,023  beq=5,797  srli=5,246  sub=2,836  and=2,818
- `ver1_1/decap_poly_gen_matrix`: addi=7,023  beq=5,797  srli=5,246  sub=2,836  and=2,818
- `ver1_1/decap_shake_z_ct`: addi=342  bne=189  beq=188  csrrs=155  andi=151
- `ver1_1/encap_intt`: bn.addvm=256  bn.mulvml=112  bn.subvm=112  bn.trn1=96  bn.trn2=96
- `ver1_1/encap_pack_ciphertext`: bn.rshi=9,728  bn.lid=268  addi=246  bn.sid=162  loopi=140
- `ver1_1/encap_unpack_pk`: bn.rshi=21,504  bn.sid=229  loopi=205  addi=114  bn.lid=109
- `ver1_1/encap_poly_frommsg`: bn.rshi=768  loopi=33  bn.and=32  bn.sid=32  bn.subv=32
- `ver1_1/decap_unpack_ciphertext`: bn.rshi=10,752  bn.sid=256  bn.lid=162  loopi=140  bn.shv=136
- `ver1_1/decap_poly_sub`: bn.lid=64  bn.sid=32  bn.subvm=32  addi=9  lw=4
- `ver1_1/decap_poly_tomsg`: bn.rshi=512  bn.lid=67  addi=54  loopi=34  bn.shv=33
- `ver1_1/decap_verify_cmov`: bn.lid=68  bn.or=38  bn.xor=34  addi=7  lw=7
- `ver1_1/encap_intt_x4`: bn.addvm=1,024  bn.mulvml=448  bn.subvm=448  bn.trn1=384  bn.trn2=384
- `ver1_1/encap_noise_x7`: addi=4,739  and=2,702  add=2,464  srli=2,464  andi=1,953
- `ver1_1/encap_h_ek`: addi=354  bne=194  beq=192  csrrs=158  andi=154
- `ver1_1/encap_basemul_acc_x12`: bn.rshi=2,304  bn.mulvm=1,920  bn.lid=1,824  bn.addvm=1,728  bn.and=960
- `ver1_1/encap_ntt_x3`: bn.addvm=672  bn.subvm=336  bn.trn1=288  bn.trn2=288  bn.lid=243
- `ver1_1/encap_poly_add_x5`: bn.lid=320  bn.addvm=160  bn.sid=160  addi=45  lw=20
- `ver1_1/decap_noise_x7`: addi=4,739  and=2,702  add=2,464  srli=2,464  andi=1,953
- `ver1_1/decap_basemul_acc_x15`: bn.rshi=3,168  bn.mulvm=2,688  bn.lid=2,496  bn.addvm=2,304  bn.and=1,344
- `ver1_1/decap_ntt_x6`: bn.addvm=1,344  bn.subvm=672  bn.trn1=576  bn.trn2=576  bn.lid=486
- `ver1_1/decap_intt_x5`: bn.addvm=1,280  bn.mulvml=560  bn.subvm=560  bn.trn1=480  bn.trn2=480
- `ver1_1/decap_pack_ciphertext`: bn.rshi=9,728  bn.lid=268  addi=246  bn.sid=162  loopi=140
- `ver1_1/decap_poly_add_x5`: bn.lid=320  bn.addvm=160  bn.sid=160  addi=45  lw=20
- `ver1_1/decap_hash_g_reuse`: addi=52  bne=32  csrrs=27  beq=26  andi=23
- `ver1_1/decap_unpack_sk_pk`: bn.rshi=21,504  loopi=204  bn.sid=192  addi=114  bn.lid=72
- `ver1_1/decap_poly_frommsg_reuse`: bn.rshi=768  loopi=33  bn.and=32  bn.sid=32  bn.subv=32
- `ver1_1/keygen_poly_gen_matrix_shake`: addi=1,674  bn.rshi=1,512  bn.wsrr=1,512  bne=1,440  csrrs=711
- `ver1_1/keygen_poly_gen_matrix_rejection`: addi=7,050  srli=5,246  beq=5,104  sw=3,222  and=2,800
- `ver1_1/keygen_poly_gen_matrix_stub_overhead`: addi=1,701  lw=756  sw=756  jal=225  jalr=225

(CSV → logs_hkem/ver1_1_profiling/re_ver1_1.csv)
(JSON → logs_hkem/ver1_1_profiling/re_ver1_1.json)
(Markdown → logs_hkem/ver1_1_profiling/re_ver1_1.md)
