# 拍级归因（ver1_1/encap）  target=//test_hybrid_kem_otbn_prompt_ver1_1/otbn/mlkem768:mlkem768_encap
# 工具 test_perf/tools/diag/stall_profile.py md5=5f0a550f6f6ea3ff8db9f3c34c6ff728

基准（JSON 实测）：insn 118,439 + stalls 51,796 = 170,235 拍
本循环：            insn 118,439 + stalls 51,796 = 170,235 拍
自证：一致 → ✓（拍级归因可用）

## 每符号拍数（退役 + 停滞），按拍数降序

| 符号 | 退役 | 停滞 | 拍 | 占 app | 热点 PC |
|---|---:|---:|---:|---:|---:|
| `_sample_ntt_loop` | 26,025 | 6,502 | 32,527 | 19.11% | 0x1740 |
| `basemul_acc` | 8,544 | 18,924 | 27,468 | 16.14% | 0x710 |
| `poly_frombytes` | 22,128 | 288 | 22,416 | 13.17% | 0x198c |
| `cbd2` | 18,032 | 301 | 18,333 | 10.77% | 0x83c |
| `encode_10` | 8,844 | 138 | 8,982 | 5.28% | 0x1b20 |
| `intt` | 2,412 | 6,508 | 8,920 | 5.24% | 0x910 |
| `(无符号区间)` | 6,694 | 2,224 | 8,918 | 5.24% | 0x90 |
| `basemul` | 1,725 | 4,629 | 6,354 | 3.73% | 0x638 |
| `_xof_squeeze32_recharge` | 4,620 | 853 | 5,473 | 3.21% | 0x1fa0 |
| `_ntt_layers_loop` | 1,293 | 3,264 | 4,557 | 2.68% | 0xea4 |
| `_xof_rsp_valid_poll_time_remaining` | 3,150 | 819 | 3,969 | 2.33% | 0x1ec4 |
| `compress_10` | 681 | 1,275 | 1,956 | 1.15% | 0x1ab4 |
| `poly_gen_matrix` | 1,026 | 522 | 1,548 | 0.91% | 0x1684 |
| `xof_absorb` | 1,156 | 375 | 1,531 | 0.90% | 0x1f08 |
| `_xof_rsp_valid_poll` | 756 | 756 | 1,512 | 0.89% | 0x1ebc |
| `_xof_ready_poll_time_remaining` | 1,134 | 346 | 1,480 | 0.87% | 0x1ea4 |
| `encode_4` | 1,400 | 40 | 1,440 | 0.85% | 0x1d28 |
| `xof_squeeze32` | 1,154 | 274 | 1,428 | 0.84% | 0x1f94 |
| `_transpose_8x8_w0w16` | 1,372 | 28 | 1,400 | 0.82% | 0x1200 |
| `poly_add` | 735 | 505 | 1,240 | 0.73% | 0x133c |
| `_load_64x32` | 560 | 504 | 1,064 | 0.63% | 0x12c4 |
| `_store_64x32` | 560 | 504 | 1,064 | 0.63% | 0x12ec |
| `poly_frommsg` | 919 | 39 | 958 | 0.56% | 0x1408 |
| `_ntt_layer1_loop` | 264 | 552 | 816 | 0.48% | 0xdf0 |
| `poly_compress` | 227 | 425 | 652 | 0.38% | 0x1cbc |
| `_encrypt_core` | 480 | 166 | 646 | 0.38% | 0x3a0 |
| `crypto_kem_enc` | 437 | 110 | 547 | 0.32% | 0x154 |
| `poly_getnoise_eta_2` | 378 | 147 | 525 | 0.31% | 0x15b4 |
| `_xof_ready_poll` | 221 | 221 | 442 | 0.26% | 0x1e9c |
| `_sample_ntt_done` | 189 | 99 | 288 | 0.17% | 0x1880 |
| `_xof_absorb_masked_end` | 213 | 71 | 284 | 0.17% | 0x1f60 |
| `sample_ntt_poly` | 225 | 9 | 234 | 0.14% | 0x16dc |
| `xof_process` | 144 | 72 | 216 | 0.13% | 0x1f70 |
| `xof_finish` | 162 | 54 | 216 | 0.13% | 0x1edc |
| `_encrypt_u_next` | 128 | 43 | 171 | 0.10% | 0x48c |
| `unpack_pk` | 76 | 75 | 151 | 0.09% | 0x1a44 |
| `_xof_shake_init` | 108 | 29 | 137 | 0.08% | 0x1e8c |
| `_pk_bounds_ok` | 62 | 24 | 86 | 0.05% | 0x1f4 |
| `xof_shake128_init` | 45 | 9 | 54 | 0.03% | 0x1e38 |
| `ntt` | 42 | 6 | 48 | 0.03% | 0xda4 |
| `_xof_absorb_end` | 20 | 20 | 40 | 0.02% | 0x1f6c |
| `_xof_finish_success` | 18 | 18 | 36 | 0.02% | 0x1f04 |
| `xof_shake256_init` | 28 | 7 | 35 | 0.02% | 0x1e74 |
| `_encrypt_v_done` | 23 | 12 | 35 | 0.02% | 0x588 |
| `_encrypt_compress_u` | 15 | 6 | 21 | 0.01% | 0x464 |
| `xof_sha3_256_init` | 5 | 1 | 6 | 0.00% | 0x1e4c |
| `xof_sha3_512_init` | 5 | 1 | 6 | 0.00% | 0x1e60 |
| `_encrypt_compress_v` | 4 | 1 | 5 | 0.00% | 0x578 |

## 热点 PC（Top 12）—— 匿名区会在这里露出 sw/addi/bne 三连

| PC | 符号 | 退役 | 停滞 | 拍 |
|---|---|---:|---:|---:|
| `0x710` | `basemul_acc` | 384 | 4,224 | 4,608 |
| `0x714` | `basemul_acc` | 384 | 4,224 | 4,608 |
| `0x728` | `basemul_acc` | 384 | 4,224 | 4,608 |
| `0x730` | `basemul_acc` | 384 | 4,224 | 4,608 |
| `0x90` | `(无符号区间)` | 2,216 | 2,215 | 4,431 |
| `0x94` | `(无符号区间)` | 2,216 | 0 | 2,216 |
| `0x98` | `(无符号区间)` | 2,216 | 0 | 2,216 |
| `0x83c` | `cbd2` | 1,792 | 0 | 1,792 |
| `0x840` | `cbd2` | 1,792 | 0 | 1,792 |
| `0x844` | `cbd2` | 1,792 | 0 | 1,792 |
| `0x848` | `cbd2` | 1,792 | 0 | 1,792 |
| `0x84c` | `cbd2` | 1,792 | 0 | 1,792 |

## 残差拆分（整 app − Σ阶段；按 PC 摊到部件，全部实测）

整 app 170,235 拍 − Σ阶段 159,942 拍 = 残差 **10,293 拍**（6.046%）

| 部件 | 拍 | 占残差 | 说明 |
|---|---:|---:|---|
| 匿名区（无符号，如 wrapper 清零循环） | 8,918 | 86.6% | PC 级实测 |
| 框架容器（crypto_kem_*/indcpa_* 及其内层标签） | 1,193 | 11.6% | PC 级实测 |
| 其它（= 残差 − 上两项；含 Σ 行 Δ 的前导冗余，故可能为负） | 182 | 1.8% | 减法 |
| **合计** | **10,293** | 100.0% | 恒等 |

| 两个实测部件的热点 PC | PC | 拍 |
|---|---:|---:|
| 匿名区 `(无符号区间)` | `0x90` | 4,431 |
| 匿名区 `(无符号区间)` | `0x94` | 2,216 |
| 匿名区 `(无符号区间)` | `0x98` | 2,216 |
| 匿名区 `(无符号区间)` | `0x0` | 8 |
| 匿名区 `(无符号区间)` | `0x9c` | 2 |
| 匿名区 `(无符号区间)` | `0xc0` | 2 |
| 框架容器 `crypto_kem_enc` | `0x154` | 192 |
| 框架容器 `_encrypt_core` | `0x3a0` | 192 |
| 框架容器 `crypto_kem_enc` | `0x158` | 96 |
| 框架容器 `crypto_kem_enc` | `0x15c` | 96 |
| 框架容器 `crypto_kem_enc` | `0x160` | 96 |
| 框架容器 `_encrypt_core` | `0x324` | 64 |

