# 拍级归因（ver1_1/decap）  target=//test_hybrid_kem_otbn_prompt_ver1_1/otbn/mlkem768:mlkem768_decap
# 工具 test_perf/tools/diag/stall_profile.py md5=5f0a550f6f6ea3ff8db9f3c34c6ff728

基准（JSON 实测）：insn 144,773 + stalls 70,934 = 215,707 拍
本循环：            insn 144,773 + stalls 70,934 = 215,707 拍
自证：一致 → ✓（拍级归因可用）

## 每符号拍数（退役 + 停滞），按拍数降序

| 符号 | 退役 | 停滞 | 拍 | 占 app | 热点 PC |
|---|---:|---:|---:|---:|---:|
| `basemul_acc` | 10,680 | 23,655 | 34,335 | 15.92% | 0xb6c |
| `_sample_ntt_loop` | 26,025 | 6,502 | 32,527 | 15.08% | 0x1b9c |
| `poly_frombytes` | 22,128 | 288 | 22,416 | 10.39% | 0x1de8 |
| `cbd2` | 18,032 | 301 | 18,333 | 8.50% | 0xc98 |
| `(无符号区间)` | 12,188 | 4,056 | 16,244 | 7.53% | 0x90 |
| `basemul` | 3,450 | 9,258 | 12,708 | 5.89% | 0xa94 |
| `intt` | 3,015 | 8,135 | 11,150 | 5.17% | 0xd6c |
| `decode_10` | 9,516 | 138 | 9,654 | 4.48% | 0x206c |
| `_ntt_layers_loop` | 2,586 | 6,528 | 9,114 | 4.23% | 0x1300 |
| `encode_10` | 8,844 | 138 | 8,982 | 4.16% | 0x1f7c |
| `_xof_squeeze32_recharge` | 4,620 | 853 | 5,473 | 2.54% | 0x23fc |
| `_xof_rsp_valid_poll_time_remaining` | 3,150 | 819 | 3,969 | 1.84% | 0x2320 |
| `_transpose_8x8_w0w16` | 2,156 | 44 | 2,200 | 1.02% | 0x165c |
| `compress_10` | 681 | 1,275 | 1,956 | 0.91% | 0x1f10 |
| `_load_64x32` | 880 | 792 | 1,672 | 0.78% | 0x1720 |
| `_store_64x32` | 880 | 792 | 1,672 | 0.78% | 0x1748 |
| `decode_4` | 1,624 | 40 | 1,664 | 0.77% | 0x225c |
| `_ntt_layer1_loop` | 528 | 1,104 | 1,632 | 0.76% | 0x124c |
| `poly_gen_matrix` | 1,026 | 522 | 1,548 | 0.72% | 0x1ae0 |
| `_xof_rsp_valid_poll` | 756 | 756 | 1,512 | 0.70% | 0x2318 |
| `xof_absorb` | 1,120 | 364 | 1,484 | 0.69% | 0x2364 |
| `_xof_ready_poll_time_remaining` | 1,118 | 341 | 1,459 | 0.68% | 0x2300 |
| `encode_4` | 1,400 | 40 | 1,440 | 0.67% | 0x2184 |
| `xof_squeeze32` | 1,154 | 274 | 1,428 | 0.66% | 0x23f0 |
| `poly_add` | 735 | 505 | 1,240 | 0.57% | 0x1798 |
| `_encrypt_core` | 690 | 361 | 1,051 | 0.49% | 0x7fc |
| `decompress_10` | 540 | 495 | 1,035 | 0.48% | 0x2010 |
| `crypto_kem_dec` | 583 | 375 | 958 | 0.44% | 0x1c4 |
| `poly_frommsg` | 919 | 39 | 958 | 0.44% | 0x1864 |
| `encode_1` | 624 | 37 | 661 | 0.31% | 0x1950 |
| `poly_compress` | 227 | 425 | 652 | 0.30% | 0x2118 |
| `compress_1` | 221 | 423 | 644 | 0.30% | 0x18f4 |
| `poly_getnoise_eta_2` | 378 | 147 | 525 | 0.24% | 0x1a10 |
| `_xof_ready_poll` | 218 | 218 | 436 | 0.20% | 0x22f8 |
| `_decrypt_core` | 271 | 94 | 365 | 0.17% | 0x398 |
| `poly_decompress` | 180 | 165 | 345 | 0.16% | 0x2200 |
| `_encrypt_u_next` | 197 | 111 | 308 | 0.14% | 0x8e8 |
| `_sample_ntt_done` | 189 | 99 | 288 | 0.13% | 0x1cdc |
| `_xof_absorb_masked_end` | 207 | 68 | 275 | 0.13% | 0x23bc |
| `poly_sub` | 147 | 101 | 248 | 0.11% | 0x17f4 |
| `sample_ntt_poly` | 225 | 9 | 234 | 0.11% | 0x1b38 |
| `xof_process` | 144 | 72 | 216 | 0.10% | 0x23cc |
| `xof_finish` | 162 | 54 | 216 | 0.10% | 0x2338 |
| `_xof_shake_init` | 108 | 28 | 136 | 0.06% | 0x22e8 |
| `ntt` | 84 | 12 | 96 | 0.04% | 0x1200 |
| `xof_shake128_init` | 45 | 9 | 54 | 0.03% | 0x2294 |
| `_xof_absorb_end` | 21 | 21 | 42 | 0.02% | 0x23c8 |
| `xof_shake256_init` | 32 | 8 | 40 | 0.02% | 0x22d0 |
| `_xof_finish_success` | 18 | 18 | 36 | 0.02% | 0x2360 |
| `_encrypt_v_done` | 23 | 12 | 35 | 0.02% | 0x9e4 |
| `poly_tomsg` | 11 | 5 | 16 | 0.01% | 0x1980 |
| `_xof_absorb_masked_begin` | 6 | 3 | 9 | 0.00% | 0x23a4 |
| `_decaps_select_done` | 4 | 3 | 7 | 0.00% | 0x314 |
| `xof_sha3_512_init` | 5 | 1 | 6 | 0.00% | 0x22bc |
| `indcpa_enc_uncompressed` | 2 | 1 | 3 | 0.00% | 0x6e8 |

## 热点 PC（Top 12）—— 匿名区会在这里露出 sw/addi/bne 三连

| PC | 符号 | 退役 | 停滞 | 拍 |
|---|---|---:|---:|---:|
| `0x90` | `(无符号区间)` | 4,048 | 4,047 | 8,095 |
| `0xb6c` | `basemul_acc` | 480 | 5,280 | 5,760 |
| `0xb70` | `basemul_acc` | 480 | 5,280 | 5,760 |
| `0xb84` | `basemul_acc` | 480 | 5,280 | 5,760 |
| `0xb8c` | `basemul_acc` | 480 | 5,280 | 5,760 |
| `0x94` | `(无符号区间)` | 4,048 | 0 | 4,048 |
| `0x98` | `(无符号区间)` | 4,048 | 0 | 4,048 |
| `0xa94` | `basemul` | 192 | 2,112 | 2,304 |
| `0xa98` | `basemul` | 192 | 2,112 | 2,304 |
| `0xaa8` | `basemul` | 192 | 2,112 | 2,304 |
| `0xab0` | `basemul` | 192 | 2,112 | 2,304 |
| `0xc98` | `cbd2` | 1,792 | 0 | 1,792 |

## 残差拆分（整 app − Σ阶段；按 PC 摊到部件，全部实测）

整 app 215,707 拍 − Σ阶段 197,148 拍 = 残差 **18,559 拍**（8.604%）

| 部件 | 拍 | 占残差 | 说明 |
|---|---:|---:|---|
| 匿名区（无符号，如 wrapper 清零循环） | 16,244 | 87.5% | PC 级实测 |
| 框架容器（crypto_kem_*/indcpa_* 及其内层标签） | 2,377 | 12.8% | PC 级实测 |
| 其它（= 残差 − 上两项；含 Σ 行 Δ 的前导冗余，故可能为负） | -62 | -0.3% | 减法 |
| **合计** | **18,559** | 100.0% | 恒等 |

| 两个实测部件的热点 PC | PC | 拍 |
|---|---:|---:|
| 匿名区 `(无符号区间)` | `0x90` | 8,095 |
| 匿名区 `(无符号区间)` | `0x94` | 4,048 |
| 匿名区 `(无符号区间)` | `0x98` | 4,048 |
| 匿名区 `(无符号区间)` | `0x0` | 8 |
| 匿名区 `(无符号区间)` | `0x9c` | 2 |
| 匿名区 `(无符号区间)` | `0xb8` | 2 |
| 框架容器 `_encrypt_core` | `0x7fc` | 192 |
| 框架容器 `_encrypt_core` | `0x8b0` | 192 |
| 框架容器 `_encrypt_core` | `0x8b4` | 192 |
| 框架容器 `crypto_kem_dec` | `0x1c4` | 192 |
| 框架容器 `crypto_kem_dec` | `0x1c8` | 192 |
| 框架容器 `_decrypt_core` | `0x398` | 64 |

