# 拍级归因（ver1_1/keygen）  target=//test_hybrid_kem_otbn_prompt_ver1_1/otbn/mlkem768:mlkem768_keypair
# 工具 test_perf/tools/diag/stall_profile.py md5=5f0a550f6f6ea3ff8db9f3c34c6ff728

基准（JSON 实测）：insn 96,826 + stalls 41,314 = 138,140 拍
本循环：            insn 96,826 + stalls 41,314 = 138,140 拍
自证：一致 → ✓（拍级归因可用）

## 每符号拍数（退役 + 停滞），按拍数降序

| 符号 | 退役 | 停滞 | 拍 | 占 app | 热点 PC |
|---|---:|---:|---:|---:|---:|
| `_sample_ntt_loop` | 26,025 | 6,502 | 32,527 | 23.55% | 0x1064 |
| `poly_tobytes` | 20,784 | 288 | 21,072 | 15.25% | 0x121c |
| `basemul_acc` | 6,408 | 14,193 | 20,601 | 14.91% | 0x524 |
| `cbd2` | 15,456 | 258 | 15,714 | 11.38% | 0x650 |
| `_ntt_layers_loop` | 2,586 | 6,528 | 9,114 | 6.60% | 0x7c8 |
| `(无符号区间)` | 5,924 | 1,968 | 7,892 | 5.71% | 0x90 |
| `basemul` | 1,725 | 4,629 | 6,354 | 4.60% | 0x44c |
| `_xof_squeeze32_recharge` | 4,536 | 837 | 5,373 | 3.89% | 0x14e4 |
| `_xof_rsp_valid_poll_time_remaining` | 3,082 | 801 | 3,883 | 2.81% | 0x1408 |
| `_ntt_layer1_loop` | 528 | 1,104 | 1,632 | 1.18% | 0x714 |
| `poly_gen_matrix` | 1,026 | 522 | 1,548 | 1.12% | 0xfa8 |
| `_xof_rsp_valid_poll` | 740 | 740 | 1,480 | 1.07% | 0x1400 |
| `xof_absorb` | 1,112 | 359 | 1,471 | 1.06% | 0x144c |
| `_xof_ready_poll_time_remaining` | 1,104 | 336 | 1,440 | 1.04% | 0x13e8 |
| `xof_squeeze32` | 1,134 | 270 | 1,404 | 1.02% | 0x14d8 |
| `_transpose_8x8_w0w16` | 1,176 | 24 | 1,200 | 0.87% | 0xb24 |
| `_load_64x32` | 480 | 432 | 912 | 0.66% | 0xbe8 |
| `_store_64x32` | 480 | 432 | 912 | 0.66% | 0xc10 |
| `poly_getnoise_eta_2` | 324 | 126 | 450 | 0.33% | 0xed8 |
| `_xof_ready_poll` | 216 | 216 | 432 | 0.31% | 0x13e0 |
| `pack_sk` | 157 | 152 | 309 | 0.22% | 0x1324 |
| `_sample_ntt_done` | 189 | 99 | 288 | 0.21% | 0x11a4 |
| `_indcpa_col_loop` | 244 | 31 | 275 | 0.20% | 0x378 |
| `_xof_absorb_masked_end` | 207 | 67 | 274 | 0.20% | 0x14a4 |
| `sample_ntt_poly` | 225 | 9 | 234 | 0.17% | 0x1000 |
| `xof_process` | 136 | 68 | 204 | 0.15% | 0x14b4 |
| `xof_finish` | 153 | 51 | 204 | 0.15% | 0x1420 |
| `crypto_kem_keypair` | 123 | 65 | 188 | 0.14% | 0x10c |
| `pack_pk` | 76 | 75 | 151 | 0.11% | 0x130c |
| `_xof_shake_init` | 102 | 28 | 130 | 0.09% | 0x13d0 |
| `_indcpa_sample_s_loop` | 85 | 15 | 100 | 0.07% | 0x2d0 |
| `ntt` | 84 | 12 | 96 | 0.07% | 0x6c8 |
| `xof_shake128_init` | 45 | 9 | 54 | 0.04% | 0x137c |
| `_indcpa_row_loop` | 39 | 8 | 47 | 0.03% | 0x344 |
| `indcpa_keypair` | 34 | 11 | 45 | 0.03% | 0x22c |
| `_xof_absorb_end` | 18 | 18 | 36 | 0.03% | 0x14b0 |
| `_xof_finish_success` | 17 | 17 | 34 | 0.02% | 0x1448 |
| `xof_shake256_init` | 24 | 6 | 30 | 0.02% | 0x13b8 |
| `_xof_absorb_masked_begin` | 12 | 6 | 18 | 0.01% | 0x148c |
| `xof_sha3_512_init` | 5 | 1 | 6 | 0.00% | 0x13a4 |
| `xof_sha3_256_init` | 5 | 1 | 6 | 0.00% | 0x1390 |

## 热点 PC（Top 12）—— 匿名区会在这里露出 sw/addi/bne 三连

| PC | 符号 | 退役 | 停滞 | 拍 |
|---|---|---:|---:|---:|
| `0x90` | `(无符号区间)` | 1,960 | 1,959 | 3,919 |
| `0x524` | `basemul_acc` | 288 | 3,168 | 3,456 |
| `0x528` | `basemul_acc` | 288 | 3,168 | 3,456 |
| `0x53c` | `basemul_acc` | 288 | 3,168 | 3,456 |
| `0x544` | `basemul_acc` | 288 | 3,168 | 3,456 |
| `0x94` | `(无符号区间)` | 1,960 | 0 | 1,960 |
| `0x98` | `(无符号区间)` | 1,960 | 0 | 1,960 |
| `0x14e4` | `_xof_squeeze32_recharge` | 864 | 837 | 1,701 |
| `0x650` | `cbd2` | 1,536 | 0 | 1,536 |
| `0x654` | `cbd2` | 1,536 | 0 | 1,536 |
| `0x658` | `cbd2` | 1,536 | 0 | 1,536 |
| `0x65c` | `cbd2` | 1,536 | 0 | 1,536 |

## 残差拆分（整 app − Σ阶段；按 PC 摊到部件，全部实测）

整 app 138,140 拍 − Σ阶段 129,699 拍 = 残差 **8,441 拍**（6.110%）

| 部件 | 拍 | 占残差 | 说明 |
|---|---:|---:|---|
| 匿名区（无符号，如 wrapper 清零循环） | 7,892 | 93.5% | PC 级实测 |
| 框架容器（crypto_kem_*/indcpa_* 及其内层标签） | 655 | 7.8% | PC 级实测 |
| 其它（= 残差 − 上两项；含 Σ 行 Δ 的前导冗余，故可能为负） | -106 | -1.3% | 减法 |
| **合计** | **8,441** | 100.0% | 恒等 |

| 两个实测部件的热点 PC | PC | 拍 |
|---|---:|---:|
| 匿名区 `(无符号区间)` | `0x90` | 3,919 |
| 匿名区 `(无符号区间)` | `0x94` | 1,960 |
| 匿名区 `(无符号区间)` | `0x98` | 1,960 |
| 匿名区 `(无符号区间)` | `0x0` | 8 |
| 匿名区 `(无符号区间)` | `0x9c` | 2 |
| 匿名区 `(无符号区间)` | `0xb8` | 2 |
| 框架容器 `crypto_kem_keypair` | `0x10c` | 64 |
| 框架容器 `_indcpa_col_loop` | `0x378` | 18 |
| 框架容器 `_indcpa_col_loop` | `0x3ac` | 18 |
| 框架容器 `_indcpa_col_loop` | `0x35c` | 15 |
| 框架容器 `_indcpa_col_loop` | `0x360` | 9 |
| 框架容器 `_indcpa_col_loop` | `0x364` | 9 |

