Computing main repo mapping: 
WARNING: Streamed test output requested. All tests will be run locally, without sharding, one at a time
Loading: 
Loading: 0 packages loaded
Analyzing: 4 targets (0 packages loaded, 0 targets configured)
Analyzing: 4 targets (0 packages loaded, 0 targets configured)

INFO: Analyzed 4 targets (0 packages loaded, 12 targets configured).
Invoking test: sw/host/opentitantool/opentitantool --rcfile= --logging=info --interface=verilator --verilator-bin=hw/build.verilator_real/lowrisc_dv_top_earlgrey_chip_verilator_sim_0.1/sim-verilator/Vchip_sim_tb --verilator-rom=sw/device/lib/testing/test_rom/test_rom_sim_verilator.39.scr.vmem --verilator-otp=test_hybrid_kem_otbn_prompt_ver1_1/test_mlkem_decap_only_sim_verilator.otp.rram.vmem --verilator-nvm=test_hybrid_kem_otbn_prompt_ver1_1/test_mlkem_decap_only_sim_verilator.128.scr.vmem --exec=console --non-interactive --exit-success='PASS.*\n' --exit-failure='((FAIL|FAULT).*\n)|(BFV:[0-9a-f]{8})' no-op
[2026-09-30T05:18:40Z INFO  ot_transport_verilator::subprocess] CWD: Ok("/home/chy/.cache/bazel/_bazel_chy/a1af1973160c44cd5f2944f79a7d4d6e/sandbox/linux-sandbox/52/execroot/_main/bazel-out/k8-fastbuild-ST-1df456420242/bin/test_hybrid_kem_otbn_prompt_ver1_1/test_mlkem_decap_only_sim_verilator.bash.runfiles/_main")
[2026-09-30T05:18:40Z INFO  ot_transport_verilator::subprocess] Spawning verilator: "hw/build.verilator_real/lowrisc_dv_top_earlgrey_chip_verilator_sim_0.1/sim-verilator/Vchip_sim_tb" "--meminit=rom0,sw/device/lib/testing/test_rom/test_rom_sim_verilator.39.scr.vmem --meminit=rram,test_hybrid_kem_otbn_prompt_ver1_1/test_mlkem_decap_only_sim_verilator.128.scr.vmem --meminit=otp,test_hybrid_kem_otbn_prompt_ver1_1/test_mlkem_decap_only_sim_verilator.otp.rram.vmem"
[2026-09-30T05:18:40Z INFO  ot_transport_verilator::subprocess::stdout] Simulation of OpenTitan Earl Grey
[2026-09-30T05:18:40Z INFO  ot_transport_verilator::subprocess::stdout] =================================
[2026-09-30T05:18:40Z INFO  ot_transport_verilator::subprocess::stdout] 
[2026-09-30T05:18:40Z INFO  ot_transport_verilator::subprocess::stdout] 
[2026-09-30T05:18:40Z INFO  ot_transport_verilator::subprocess::stdout] Tracing can be toggled by sending SIGUSR1 to this process:
[2026-09-30T05:18:40Z INFO  ot_transport_verilator::subprocess::stdout] $ kill -USR1 19
[2026-09-30T05:18:40Z INFO  ot_transport_verilator::subprocess::stdout] 
[2026-09-30T05:18:40Z INFO  ot_transport_verilator::subprocess::stdout]                    0GPIO: creating gpiodpi
[2026-09-30T05:18:40Z INFO  ot_transport_verilator::subprocess::stdout] 
[2026-09-30T05:18:40Z INFO  ot_transport_verilator::subprocess::stdout] GPIO: FIFO pipes created at /home/chy/.cache/bazel/_bazel_chy/a1af1973160c44cd5f2944f79a7d4d6e/sandbox/linux-sandbox/52/execroot/_main/bazel-out/k8-fastbuild-ST-1df456420242/bin/test_hybrid_kem_otbn_prompt_ver1_1/test_mlkem_decap_only_sim_verilator.bash.runfiles/_main/gpio0-read (read) and /home/chy/.cache/bazel/_bazel_chy/a1af1973160c44cd5f2944f79a7d4d6e/sandbox/linux-sandbox/52/execroot/_main/bazel-out/k8-fastbuild-ST-1df456420242/bin/test_hybrid_kem_otbn_prompt_ver1_1/test_mlkem_decap_only_sim_verilator.bash.runfiles/_main/gpio0-write (write) for 32-bit wide GPIO.
[2026-09-30T05:18:40Z INFO  ot_transport_verilator::subprocess::stdout] GPIO: To measure the values of the pins as driven by the device, run
[2026-09-30T05:18:40Z INFO  ot_transport_verilator::subprocess::stdout] $ cat /home/chy/.cache/bazel/_bazel_chy/a1af1973160c44cd5f2944f79a7d4d6e/sandbox/linux-sandbox/52/execroot/_main/bazel-out/k8-fastbuild-ST-1df456420242/bin/test_hybrid_kem_otbn_prompt_ver1_1/test_mlkem_decap_only_sim_verilator.bash.runfiles/_main/gpio0-read  # '0' low, '1' high, 'X' floating
[2026-09-30T05:18:40Z INFO  ot_transport_verilator::subprocess::stdout] GPIO: To drive the pins, run a command like
[2026-09-30T05:18:40Z INFO  ot_transport_verilator::subprocess::stdout] 
[2026-09-30T05:18:40Z INFO  ot_transport_verilator::subprocess::stdout] $ echo 'h09 l31' > /home/chy/.cache/bazel/_bazel_chy/a1af1973160c44cd5f2944f79a7d4d6e/sandbox/linux-sandbox/52/execroot/_main/bazel-out/k8-fastbuild-ST-1df456420242/bin/test_hybrid_kem_otbn_prompt_ver1_1/test_mlkem_decap_only_sim_verilator.bash.runfiles/_main/gpio0-write  # Pull the pin 9 high, and pin 31 low.
[2026-09-30T05:18:40Z INFO  ot_transport_verilator::subprocess::stdout] $ echo 'wh10' > /home/chy/.cache/bazel/_bazel_chy/a1af1973160c44cd5f2944f79a7d4d6e/sandbox/linux-sandbox/52/execroot/_main/bazel-out/k8-fastbuild-ST-1df456420242/bin/test_hybrid_kem_otbn_prompt_ver1_1/test_mlkem_decap_only_sim_verilator.bash.runfiles/_main/gpio0-write  # Pull pin 10 high through a weak pull-up.
[2026-09-30T05:18:40Z INFO  ot_transport_verilator::subprocess::stdout] 
[2026-09-30T05:18:40Z INFO  ot_transport_verilator::subprocess::stdout] SPI: Created /dev/pts/0 for spi0. Connect to it with any terminal program, e.g.
[2026-09-30T05:18:40Z INFO  ot_transport_verilator::subprocess::stdout] $ screen /dev/pts/0
[2026-09-30T05:18:40Z INFO  ot_transport_verilator::subprocess::stdout] NOTE: a SPI transaction is run for every 4 characters entered.
[2026-09-30T05:18:40Z INFO  ot_transport_verilator::subprocess::stdout] SPI: Monitor output file created at /home/chy/.cache/bazel/_bazel_chy/a1af1973160c44cd5f2944f79a7d4d6e/sandbox/linux-sandbox/52/execroot/_main/bazel-out/k8-fastbuild-ST-1df456420242/bin/test_hybrid_kem_otbn_prompt_ver1_1/test_mlkem_decap_only_sim_verilator.bash.runfiles/_main/spi0.log. Works well with tail:
[2026-09-30T05:18:40Z INFO  ot_transport_verilator::subprocess::stdout] $ tail -f /home/chy/.cache/bazel/_bazel_chy/a1af1973160c44cd5f2944f79a7d4d6e/sandbox/linux-sandbox/52/execroot/_main/bazel-out/k8-fastbuild-ST-1df456420242/bin/test_hybrid_kem_otbn_prompt_ver1_1/test_mlkem_decap_only_sim_verilator.bash.runfiles/_main/spi0.log
[2026-09-30T05:18:40Z INFO  ot_transport_verilator::subprocess::stdout] 
[2026-09-30T05:18:40Z INFO  ot_transport_verilator::subprocess::stdout] USBDPI: Monitor output file created at /home/chy/.cache/bazel/_bazel_chy/a1af1973160c44cd5f2944f79a7d4d6e/sandbox/linux-sandbox/52/execroot/_main/bazel-out/k8-fastbuild-ST-1df456420242/bin/test_hybrid_kem_otbn_prompt_ver1_1/test_mlkem_decap_only_sim_verilator.bash.runfiles/_main/usb0.log. Works well with tail:
[2026-09-30T05:18:40Z INFO  ot_transport_verilator::subprocess::stdout] $ tail -f /home/chy/.cache/bazel/_bazel_chy/a1af1973160c44cd5f2944f79a7d4d6e/sandbox/linux-sandbox/52/execroot/_main/bazel-out/k8-fastbuild-ST-1df456420242/bin/test_hybrid_kem_otbn_prompt_ver1_1/test_mlkem_decap_only_sim_verilator.bash.runfiles/_main/usb0.log
[2026-09-30T05:18:40Z INFO  ot_transport_verilator::subprocess::stdout] No UARTDPI_LOG_uart0 plusarg found.
[2026-09-30T05:18:40Z INFO  ot_transport_verilator::subprocess::stdout] 
[2026-09-30T05:18:40Z INFO  ot_transport_verilator::subprocess::stdout] UART: Created /dev/pts/1 for uart0. Connect to it with any terminal program, e.g.
[2026-09-30T05:18:40Z INFO  ot_transport_verilator::subprocess::stdout] $ screen /dev/pts/1
[2026-09-30T05:18:40Z INFO  ot_transport_verilator::subprocess::stdout] UART: Additionally writing all UART output to 'uart0.log'.
[2026-09-30T05:18:40Z INFO  ot_transport_verilator::subprocess::stdout] 
[2026-09-30T05:18:40Z INFO  ot_transport_verilator::subprocess::stdout] JTAG: Virtual JTAG interface dmi0 is listening on port 44853. Use
[2026-09-30T05:18:40Z INFO  ot_transport_verilator::subprocess::stdout] OpenOCD and the following configuration to connect:
[2026-09-30T05:18:40Z INFO  ot_transport_verilator::subprocess::stdout]   interface remote_bitbang
[2026-09-30T05:18:40Z INFO  ot_transport_verilator::subprocess::stdout]   remote_bitbang_host localhost
[2026-09-30T05:18:40Z INFO  ot_transport_verilator::subprocess::stdout]   remote_bitbang_port 44853
[2026-09-30T05:18:40Z INFO  ot_transport_verilator::subprocess::stdout] 
[2026-09-30T05:18:40Z INFO  ot_transport_verilator::subprocess::stdout] Simulation running, end by pressing CTRL-c.
[2026-09-30T05:18:40Z INFO  ot_transport_verilator::subprocess::stdout] 
[2026-09-30T05:18:40Z INFO  ot_transport_verilator::transport] Verilator started with the following interfaces:
[2026-09-30T05:18:40Z INFO  ot_transport_verilator::transport] gpio_read = /home/chy/.cache/bazel/_bazel_chy/a1af1973160c44cd5f2944f79a7d4d6e/sandbox/linux-sandbox/52/execroot/_main/bazel-out/k8-fastbuild-ST-1df456420242/bin/test_hybrid_kem_otbn_prompt_ver1_1/test_mlkem_decap_only_sim_verilator.bash.runfiles/_main/gpio0-read
[2026-09-30T05:18:40Z INFO  ot_transport_verilator::transport] gpio_write = /home/chy/.cache/bazel/_bazel_chy/a1af1973160c44cd5f2944f79a7d4d6e/sandbox/linux-sandbox/52/execroot/_main/bazel-out/k8-fastbuild-ST-1df456420242/bin/test_hybrid_kem_otbn_prompt_ver1_1/test_mlkem_decap_only_sim_verilator.bash.runfiles/_main/gpio0-write
[2026-09-30T05:18:40Z INFO  ot_transport_verilator::transport] uart = /dev/pts/1
[2026-09-30T05:18:40Z INFO  ot_transport_verilator::transport] spi = /dev/pts/0
[2026-09-30T05:18:40Z WARN  opentitanlib::app] Could not read UART parity to check it is None
[2026-09-30T05:18:40Z INFO  opentitanlib::io::uart] set_flow_control to false
[61 / 62] Testing //test_hybrid_kem_otbn_prompt_ver1_1:test_mlkem_decap_only_sim_verilator; 1s linux-sandbox
ÿI00001 test_rom.c:220] kBuildInfo: scm_revision=54697461
I00002 test_rom.c:277] Test ROM complete, jumping to NVM (addr: 30000480)!
I00001 ottf_main.c:175] Running test_hybrid_kem_otbn_prompt_ver1_1/ibex/test_mlkem_decap_only.c
I00002 ottf_main.c:182] Enabling OTTF alert catcher
I00003 test_mlkem_decap_only.c:251] Load mlkem768_decap...
I00004 test_mlkem_decap_only.c:254] Write ct + sk...
I00005 test_mlkem_decap_only.c:260] Execute...
I00006 test_mlkem_decap_only.c:267] mlkem768_decap cycles: 217171, OTBN insn_cnt: 145323
I00007 ottf_main.c:114] Finished test_hybrid_kem_otbn_prompt_ver1_1/ibex/test_mlkem_decap_only.c
[2026-09-30T05:24:41Z INFO  opentitantool::command::console] ExitSuccess("PASS!\r\n")
[2026-09-30T05:24:41Z INFO  opentitantool] Command result: success.
[2026-09-30T05:24:41Z INFO  opentitantool] Command result: success.
[61 / 62] Testing //test_hybrid_kem_otbn_prompt_ver1_1:test_mlkem_decap_only_sim_verilator; 361s linux-sandbox
I00008 status.c:37] PASS!Invoking test: sw/host/opentitantool/opentitantool --rcfile= --logging=info --interface=verilator --verilator-bin=hw/build.verilator_real/lowrisc_dv_top_earlgrey_chip_verilator_sim_0.1/sim-verilator/Vchip_sim_tb --verilator-rom=sw/device/lib/testing/test_rom/test_rom_sim_verilator.39.scr.vmem --verilator-otp=test_hybrid_kem_otbn_prompt_ver1_1/test_mlkem_encap_only_sim_verilator.otp.rram.vmem --verilator-nvm=test_hybrid_kem_otbn_prompt_ver1_1/test_mlkem_encap_only_sim_verilator.128.scr.vmem --exec=console --non-interactive --exit-success='PASS.*\n' --exit-failure='((FAIL|FAULT).*\n)|(BFV:[0-9a-f]{8})' no-op
[2026-09-30T05:24:41Z INFO  ot_transport_verilator::subprocess] CWD: Ok("/home/chy/.cache/bazel/_bazel_chy/a1af1973160c44cd5f2944f79a7d4d6e/sandbox/linux-sandbox/54/execroot/_main/bazel-out/k8-fastbuild-ST-1df456420242/bin/test_hybrid_kem_otbn_prompt_ver1_1/test_mlkem_encap_only_sim_verilator.bash.runfiles/_main")
[2026-09-30T05:24:41Z INFO  ot_transport_verilator::subprocess] Spawning verilator: "hw/build.verilator_real/lowrisc_dv_top_earlgrey_chip_verilator_sim_0.1/sim-verilator/Vchip_sim_tb" "--meminit=rom0,sw/device/lib/testing/test_rom/test_rom_sim_verilator.39.scr.vmem --meminit=rram,test_hybrid_kem_otbn_prompt_ver1_1/test_mlkem_encap_only_sim_verilator.128.scr.vmem --meminit=otp,test_hybrid_kem_otbn_prompt_ver1_1/test_mlkem_encap_only_sim_verilator.otp.rram.vmem"
[2026-09-30T05:24:41Z INFO  ot_transport_verilator::subprocess::stdout] Simulation of OpenTitan Earl Grey
[2026-09-30T05:24:41Z INFO  ot_transport_verilator::subprocess::stdout] =================================
[2026-09-30T05:24:41Z INFO  ot_transport_verilator::subprocess::stdout] 
[2026-09-30T05:24:41Z INFO  ot_transport_verilator::subprocess::stdout] 
[2026-09-30T05:24:41Z INFO  ot_transport_verilator::subprocess::stdout] Tracing can be toggled by sending SIGUSR1 to this process:
[2026-09-30T05:24:41Z INFO  ot_transport_verilator::subprocess::stdout] $ kill -USR1 19
[2026-09-30T05:24:41Z INFO  ot_transport_verilator::subprocess::stdout] 
[2026-09-30T05:24:41Z INFO  ot_transport_verilator::subprocess::stdout]                    0GPIO: creating gpiodpi
[2026-09-30T05:24:41Z INFO  ot_transport_verilator::subprocess::stdout] 
[2026-09-30T05:24:41Z INFO  ot_transport_verilator::subprocess::stdout] GPIO: FIFO pipes created at /home/chy/.cache/bazel/_bazel_chy/a1af1973160c44cd5f2944f79a7d4d6e/sandbox/linux-sandbox/54/execroot/_main/bazel-out/k8-fastbuild-ST-1df456420242/bin/test_hybrid_kem_otbn_prompt_ver1_1/test_mlkem_encap_only_sim_verilator.bash.runfiles/_main/gpio0-read (read) and /home/chy/.cache/bazel/_bazel_chy/a1af1973160c44cd5f2944f79a7d4d6e/sandbox/linux-sandbox/54/execroot/_main/bazel-out/k8-fastbuild-ST-1df456420242/bin/test_hybrid_kem_otbn_prompt_ver1_1/test_mlkem_encap_only_sim_verilator.bash.runfiles/_main/gpio0-write (write) for 32-bit wide GPIO.
[2026-09-30T05:24:41Z INFO  ot_transport_verilator::subprocess::stdout] GPIO: To measure the values of the pins as driven by the device, run
[2026-09-30T05:24:41Z INFO  ot_transport_verilator::subprocess::stdout] $ cat /home/chy/.cache/bazel/_bazel_chy/a1af1973160c44cd5f2944f79a7d4d6e/sandbox/linux-sandbox/54/execroot/_main/bazel-out/k8-fastbuild-ST-1df456420242/bin/test_hybrid_kem_otbn_prompt_ver1_1/test_mlkem_encap_only_sim_verilator.bash.runfiles/_main/gpio0-read  # '0' low, '1' high, 'X' floating
[2026-09-30T05:24:41Z INFO  ot_transport_verilator::subprocess::stdout] GPIO: To drive the pins, run a command like
[2026-09-30T05:24:41Z INFO  ot_transport_verilator::subprocess::stdout] 
[2026-09-30T05:24:41Z INFO  ot_transport_verilator::subprocess::stdout] $ echo 'h09 l31' > /home/chy/.cache/bazel/_bazel_chy/a1af1973160c44cd5f2944f79a7d4d6e/sandbox/linux-sandbox/54/execroot/_main/bazel-out/k8-fastbuild-ST-1df456420242/bin/test_hybrid_kem_otbn_prompt_ver1_1/test_mlkem_encap_only_sim_verilator.bash.runfiles/_main/gpio0-write  # Pull the pin 9 high, and pin 31 low.
[2026-09-30T05:24:41Z INFO  ot_transport_verilator::subprocess::stdout] $ echo 'wh10' > /home/chy/.cache/bazel/_bazel_chy/a1af1973160c44cd5f2944f79a7d4d6e/sandbox/linux-sandbox/54/execroot/_main/bazel-out/k8-fastbuild-ST-1df456420242/bin/test_hybrid_kem_otbn_prompt_ver1_1/test_mlkem_encap_only_sim_verilator.bash.runfiles/_main/gpio0-write  # Pull pin 10 high through a weak pull-up.
[2026-09-30T05:24:41Z INFO  ot_transport_verilator::subprocess::stdout] 
[2026-09-30T05:24:41Z INFO  ot_transport_verilator::subprocess::stdout] SPI: Created /dev/pts/0 for spi0. Connect to it with any terminal program, e.g.
[2026-09-30T05:24:41Z INFO  ot_transport_verilator::subprocess::stdout] $ screen /dev/pts/0
[2026-09-30T05:24:41Z INFO  ot_transport_verilator::subprocess::stdout] NOTE: a SPI transaction is run for every 4 characters entered.
[2026-09-30T05:24:41Z INFO  ot_transport_verilator::subprocess::stdout] SPI: Monitor output file created at /home/chy/.cache/bazel/_bazel_chy/a1af1973160c44cd5f2944f79a7d4d6e/sandbox/linux-sandbox/54/execroot/_main/bazel-out/k8-fastbuild-ST-1df456420242/bin/test_hybrid_kem_otbn_prompt_ver1_1/test_mlkem_encap_only_sim_verilator.bash.runfiles/_main/spi0.log. Works well with tail:
[2026-09-30T05:24:41Z INFO  ot_transport_verilator::subprocess::stdout] $ tail -f /home/chy/.cache/bazel/_bazel_chy/a1af1973160c44cd5f2944f79a7d4d6e/sandbox/linux-sandbox/54/execroot/_main/bazel-out/k8-fastbuild-ST-1df456420242/bin/test_hybrid_kem_otbn_prompt_ver1_1/test_mlkem_encap_only_sim_verilator.bash.runfiles/_main/spi0.log
[2026-09-30T05:24:41Z INFO  ot_transport_verilator::subprocess::stdout] 
[2026-09-30T05:24:41Z INFO  ot_transport_verilator::subprocess::stdout] USBDPI: Monitor output file created at /home/chy/.cache/bazel/_bazel_chy/a1af1973160c44cd5f2944f79a7d4d6e/sandbox/linux-sandbox/54/execroot/_main/bazel-out/k8-fastbuild-ST-1df456420242/bin/test_hybrid_kem_otbn_prompt_ver1_1/test_mlkem_encap_only_sim_verilator.bash.runfiles/_main/usb0.log. Works well with tail:
[2026-09-30T05:24:41Z INFO  ot_transport_verilator::subprocess::stdout] $ tail -f /home/chy/.cache/bazel/_bazel_chy/a1af1973160c44cd5f2944f79a7d4d6e/sandbox/linux-sandbox/54/execroot/_main/bazel-out/k8-fastbuild-ST-1df456420242/bin/test_hybrid_kem_otbn_prompt_ver1_1/test_mlkem_encap_only_sim_verilator.bash.runfiles/_main/usb0.log
[2026-09-30T05:24:41Z INFO  ot_transport_verilator::subprocess::stdout] No UARTDPI_LOG_uart0 plusarg found.
[2026-09-30T05:24:41Z INFO  ot_transport_verilator::subprocess::stdout] 
[2026-09-30T05:24:41Z INFO  ot_transport_verilator::subprocess::stdout] UART: Created /dev/pts/1 for uart0. Connect to it with any terminal program, e.g.
[2026-09-30T05:24:41Z INFO  ot_transport_verilator::subprocess::stdout] $ screen /dev/pts/1
[2026-09-30T05:24:41Z INFO  ot_transport_verilator::subprocess::stdout] UART: Additionally writing all UART output to 'uart0.log'.
[2026-09-30T05:24:41Z INFO  ot_transport_verilator::subprocess::stdout] 
[2026-09-30T05:24:41Z INFO  ot_transport_verilator::subprocess::stdout] JTAG: Virtual JTAG interface dmi0 is listening on port 44853. Use
[2026-09-30T05:24:41Z INFO  ot_transport_verilator::subprocess::stdout] OpenOCD and the following configuration to connect:
[2026-09-30T05:24:41Z INFO  ot_transport_verilator::subprocess::stdout]   interface remote_bitbang
[2026-09-30T05:24:41Z INFO  ot_transport_verilator::subprocess::stdout]   remote_bitbang_host localhost
[2026-09-30T05:24:41Z INFO  ot_transport_verilator::subprocess::stdout]   remote_bitbang_port 44853
[2026-09-30T05:24:41Z INFO  ot_transport_verilator::subprocess::stdout] 
[2026-09-30T05:24:41Z INFO  ot_transport_verilator::subprocess::stdout] Simulation running, end by pressing CTRL-c.
[2026-09-30T05:24:41Z INFO  ot_transport_verilator::subprocess::stdout] 
[2026-09-30T05:24:41Z INFO  ot_transport_verilator::transport] Verilator started with the following interfaces:
[2026-09-30T05:24:41Z INFO  ot_transport_verilator::transport] gpio_read = /home/chy/.cache/bazel/_bazel_chy/a1af1973160c44cd5f2944f79a7d4d6e/sandbox/linux-sandbox/54/execroot/_main/bazel-out/k8-fastbuild-ST-1df456420242/bin/test_hybrid_kem_otbn_prompt_ver1_1/test_mlkem_encap_only_sim_verilator.bash.runfiles/_main/gpio0-read
[2026-09-30T05:24:41Z INFO  ot_transport_verilator::transport] gpio_write = /home/chy/.cache/bazel/_bazel_chy/a1af1973160c44cd5f2944f79a7d4d6e/sandbox/linux-sandbox/54/execroot/_main/bazel-out/k8-fastbuild-ST-1df456420242/bin/test_hybrid_kem_otbn_prompt_ver1_1/test_mlkem_encap_only_sim_verilator.bash.runfiles/_main/gpio0-write
[2026-09-30T05:24:41Z INFO  ot_transport_verilator::transport] uart = /dev/pts/1
[2026-09-30T05:24:41Z INFO  ot_transport_verilator::transport] spi = /dev/pts/0
[2026-09-30T05:24:41Z WARN  opentitanlib::app] Could not read UART parity to check it is None
[2026-09-30T05:24:41Z INFO  opentitanlib::io::uart] set_flow_control to false
[62 / 63] 1 / 4 tests; Testing //test_hybrid_kem_otbn_prompt_ver1_1:test_mlkem_encap_only_sim_verilator; 1s linux-sandbox
ÿI00001 test_rom.c:220] kBuildInfo: scm_revision=54697461
I00002 test_rom.c:277] Test ROM complete, jumping to NVM (addr: 30000480)!
I00001 ottf_main.c:175] Running test_hybrid_kem_otbn_prompt_ver1_1/ibex/test_mlkem_encap_only.c
I00002 ottf_main.c:182] Enabling OTTF alert catcher
I00003 test_mlkem_encap_only.c:109] Load mlkem768_encap...
I00004 test_mlkem_encap_only.c:112] Write coins + pk...
I00005 test_mlkem_encap_only.c:118] Execute...
I00006 test_mlkem_encap_only.c:125] mlkem768_encap cycles: 171654, OTBN insn_cnt: 118979
I00007 ottf_main.c:114] Finished test_hybrid_kem_otbn_prompt_ver1_1/ibex/test_mlkem_encap_only.c
I00008 status.c:37] PASS!
[2026-09-30T05:30:19Z INFO  opentitantool::command::console] ExitSuccess("PASS!\r\n")
[2026-09-30T05:30:19Z INFO  opentitantool] Command result: success.
[2026-09-30T05:30:19Z INFO  opentitantool] Command result: success.
[62 / 63] 1 / 4 tests; Testing //test_hybrid_kem_otbn_prompt_ver1_1:test_mlkem_encap_only_sim_verilator; 338s linux-sandbox
Invoking test: sw/host/opentitantool/opentitantool --rcfile= --logging=info --interface=verilator --verilator-bin=hw/build.verilator_real/lowrisc_dv_top_earlgrey_chip_verilator_sim_0.1/sim-verilator/Vchip_sim_tb --verilator-rom=sw/device/lib/testing/test_rom/test_rom_sim_verilator.39.scr.vmem --verilator-otp=test_hybrid_kem_otbn_prompt_ver1_1/test_hkdf_only_sim_verilator.otp.rram.vmem --verilator-nvm=test_hybrid_kem_otbn_prompt_ver1_1/test_hkdf_only_sim_verilator.128.scr.vmem --exec=console --non-interactive --exit-success='PASS.*\n' --exit-failure='((FAIL|FAULT).*\n)|(BFV:[0-9a-f]{8})' no-op
[2026-09-30T05:30:19Z INFO  ot_transport_verilator::subprocess] CWD: Ok("/home/chy/.cache/bazel/_bazel_chy/a1af1973160c44cd5f2944f79a7d4d6e/sandbox/linux-sandbox/56/execroot/_main/bazel-out/k8-fastbuild-ST-1df456420242/bin/test_hybrid_kem_otbn_prompt_ver1_1/test_hkdf_only_sim_verilator.bash.runfiles/_main")
[2026-09-30T05:30:19Z INFO  ot_transport_verilator::subprocess] Spawning verilator: "hw/build.verilator_real/lowrisc_dv_top_earlgrey_chip_verilator_sim_0.1/sim-verilator/Vchip_sim_tb" "--meminit=rom0,sw/device/lib/testing/test_rom/test_rom_sim_verilator.39.scr.vmem --meminit=rram,test_hybrid_kem_otbn_prompt_ver1_1/test_hkdf_only_sim_verilator.128.scr.vmem --meminit=otp,test_hybrid_kem_otbn_prompt_ver1_1/test_hkdf_only_sim_verilator.otp.rram.vmem"
[2026-09-30T05:30:19Z INFO  ot_transport_verilator::subprocess::stdout] Simulation of OpenTitan Earl Grey
[2026-09-30T05:30:19Z INFO  ot_transport_verilator::subprocess::stdout] =================================
[2026-09-30T05:30:19Z INFO  ot_transport_verilator::subprocess::stdout] 
[2026-09-30T05:30:19Z INFO  ot_transport_verilator::subprocess::stdout] 
[2026-09-30T05:30:19Z INFO  ot_transport_verilator::subprocess::stdout] Tracing can be toggled by sending SIGUSR1 to this process:
[2026-09-30T05:30:19Z INFO  ot_transport_verilator::subprocess::stdout] $ kill -USR1 19
[2026-09-30T05:30:19Z INFO  ot_transport_verilator::subprocess::stdout] 
[2026-09-30T05:30:19Z INFO  ot_transport_verilator::subprocess::stdout]                    0GPIO: creating gpiodpi
[2026-09-30T05:30:19Z INFO  ot_transport_verilator::subprocess::stdout] 
[2026-09-30T05:30:19Z INFO  ot_transport_verilator::subprocess::stdout] GPIO: FIFO pipes created at /home/chy/.cache/bazel/_bazel_chy/a1af1973160c44cd5f2944f79a7d4d6e/sandbox/linux-sandbox/56/execroot/_main/bazel-out/k8-fastbuild-ST-1df456420242/bin/test_hybrid_kem_otbn_prompt_ver1_1/test_hkdf_only_sim_verilator.bash.runfiles/_main/gpio0-read (read) and /home/chy/.cache/bazel/_bazel_chy/a1af1973160c44cd5f2944f79a7d4d6e/sandbox/linux-sandbox/56/execroot/_main/bazel-out/k8-fastbuild-ST-1df456420242/bin/test_hybrid_kem_otbn_prompt_ver1_1/test_hkdf_only_sim_verilator.bash.runfiles/_main/gpio0-write (write) for 32-bit wide GPIO.
[2026-09-30T05:30:19Z INFO  ot_transport_verilator::subprocess::stdout] GPIO: To measure the values of the pins as driven by the device, run
[2026-09-30T05:30:19Z INFO  ot_transport_verilator::subprocess::stdout] $ cat /home/chy/.cache/bazel/_bazel_chy/a1af1973160c44cd5f2944f79a7d4d6e/sandbox/linux-sandbox/56/execroot/_main/bazel-out/k8-fastbuild-ST-1df456420242/bin/test_hybrid_kem_otbn_prompt_ver1_1/test_hkdf_only_sim_verilator.bash.runfiles/_main/gpio0-read  # '0' low, '1' high, 'X' floating
[2026-09-30T05:30:19Z INFO  ot_transport_verilator::subprocess::stdout] GPIO: To drive the pins, run a command like
[2026-09-30T05:30:19Z INFO  ot_transport_verilator::subprocess::stdout] $ echo 'h09 l31' > /home/chy/.cache/bazel/_bazel_chy/a1af1973160c44cd5f2944f79a7d4d6e/sandbox/linux-sandbox/56/execroot/_main/bazel-out/k8-fastbuild-ST-1df456420242/bin/test_hybrid_kem_otbn_prompt_ver1_1/test_hkdf_only_sim_verilator.bash.runfiles/_main/gpio0-write  # Pull the pin 9 high, and pin 31 low.
[2026-09-30T05:30:19Z INFO  ot_transport_verilator::subprocess::stdout] $ echo 'wh10' > /home/chy/.cache/bazel/_bazel_chy/a1af1973160c44cd5f2944f79a7d4d6e/sandbox/linux-sandbox/56/execroot/_main/bazel-out/k8-fastbuild-ST-1df456420242/bin/test_hybrid_kem_otbn_prompt_ver1_1/test_hkdf_only_sim_verilator.bash.runfiles/_main/gpio0-write  # Pull pin 10 high through a weak pull-up.
[2026-09-30T05:30:19Z INFO  ot_transport_verilator::subprocess::stdout] 
[2026-09-30T05:30:19Z INFO  ot_transport_verilator::subprocess::stdout] SPI: Created /dev/pts/0 for spi0. Connect to it with any terminal program, e.g.
[2026-09-30T05:30:19Z INFO  ot_transport_verilator::subprocess::stdout] $ screen /dev/pts/0
[2026-09-30T05:30:19Z INFO  ot_transport_verilator::subprocess::stdout] NOTE: a SPI transaction is run for every 4 characters entered.
[2026-09-30T05:30:19Z INFO  ot_transport_verilator::subprocess::stdout] SPI: Monitor output file created at /home/chy/.cache/bazel/_bazel_chy/a1af1973160c44cd5f2944f79a7d4d6e/sandbox/linux-sandbox/56/execroot/_main/bazel-out/k8-fastbuild-ST-1df456420242/bin/test_hybrid_kem_otbn_prompt_ver1_1/test_hkdf_only_sim_verilator.bash.runfiles/_main/spi0.log. Works well with tail:
[2026-09-30T05:30:19Z INFO  ot_transport_verilator::subprocess::stdout] $ tail -f /home/chy/.cache/bazel/_bazel_chy/a1af1973160c44cd5f2944f79a7d4d6e/sandbox/linux-sandbox/56/execroot/_main/bazel-out/k8-fastbuild-ST-1df456420242/bin/test_hybrid_kem_otbn_prompt_ver1_1/test_hkdf_only_sim_verilator.bash.runfiles/_main/spi0.log
[2026-09-30T05:30:19Z INFO  ot_transport_verilator::subprocess::stdout] 
[2026-09-30T05:30:19Z INFO  ot_transport_verilator::subprocess::stdout] USBDPI: Monitor output file created at /home/chy/.cache/bazel/_bazel_chy/a1af1973160c44cd5f2944f79a7d4d6e/sandbox/linux-sandbox/56/execroot/_main/bazel-out/k8-fastbuild-ST-1df456420242/bin/test_hybrid_kem_otbn_prompt_ver1_1/test_hkdf_only_sim_verilator.bash.runfiles/_main/usb0.log. Works well with tail:
[2026-09-30T05:30:19Z INFO  ot_transport_verilator::subprocess::stdout] $ tail -f /home/chy/.cache/bazel/_bazel_chy/a1af1973160c44cd5f2944f79a7d4d6e/sandbox/linux-sandbox/56/execroot/_main/bazel-out/k8-fastbuild-ST-1df456420242/bin/test_hybrid_kem_otbn_prompt_ver1_1/test_hkdf_only_sim_verilator.bash.runfiles/_main/usb0.log
[2026-09-30T05:30:19Z INFO  ot_transport_verilator::subprocess::stdout] No UARTDPI_LOG_uart0 plusarg found.
[2026-09-30T05:30:19Z INFO  ot_transport_verilator::subprocess::stdout] 
[2026-09-30T05:30:19Z INFO  ot_transport_verilator::subprocess::stdout] UART: Created /dev/pts/1 for uart0. Connect to it with any terminal program, e.g.
[2026-09-30T05:30:19Z INFO  ot_transport_verilator::subprocess::stdout] $ screen /dev/pts/1
[2026-09-30T05:30:19Z INFO  ot_transport_verilator::subprocess::stdout] UART: Additionally writing all UART output to 'uart0.log'.
[2026-09-30T05:30:19Z INFO  ot_transport_verilator::subprocess::stdout] 
[2026-09-30T05:30:19Z INFO  ot_transport_verilator::subprocess::stdout] JTAG: Virtual JTAG interface dmi0 is listening on port 44853. Use
[2026-09-30T05:30:19Z INFO  ot_transport_verilator::subprocess::stdout] OpenOCD and the following configuration to connect:
[2026-09-30T05:30:19Z INFO  ot_transport_verilator::subprocess::stdout]   interface remote_bitbang
[2026-09-30T05:30:19Z INFO  ot_transport_verilator::subprocess::stdout]   remote_bitbang_host localhost
[2026-09-30T05:30:19Z INFO  ot_transport_verilator::subprocess::stdout]   remote_bitbang_port 44853
[2026-09-30T05:30:19Z INFO  ot_transport_verilator::subprocess::stdout] 
[2026-09-30T05:30:19Z INFO  ot_transport_verilator::subprocess::stdout] Simulation running, end by pressing CTRL-c.
[2026-09-30T05:30:19Z INFO  ot_transport_verilator::subprocess::stdout] 
[2026-09-30T05:30:19Z INFO  ot_transport_verilator::transport] Verilator started with the following interfaces:
[2026-09-30T05:30:19Z INFO  ot_transport_verilator::transport] gpio_read = /home/chy/.cache/bazel/_bazel_chy/a1af1973160c44cd5f2944f79a7d4d6e/sandbox/linux-sandbox/56/execroot/_main/bazel-out/k8-fastbuild-ST-1df456420242/bin/test_hybrid_kem_otbn_prompt_ver1_1/test_hkdf_only_sim_verilator.bash.runfiles/_main/gpio0-read
[2026-09-30T05:30:19Z INFO  ot_transport_verilator::transport] gpio_write = /home/chy/.cache/bazel/_bazel_chy/a1af1973160c44cd5f2944f79a7d4d6e/sandbox/linux-sandbox/56/execroot/_main/bazel-out/k8-fastbuild-ST-1df456420242/bin/test_hybrid_kem_otbn_prompt_ver1_1/test_hkdf_only_sim_verilator.bash.runfiles/_main/gpio0-write
[2026-09-30T05:30:19Z INFO  ot_transport_verilator::transport] uart = /dev/pts/1
[2026-09-30T05:30:19Z INFO  ot_transport_verilator::transport] spi = /dev/pts/0
[2026-09-30T05:30:19Z WARN  opentitanlib::app] Could not read UART parity to check it is None
[2026-09-30T05:30:19Z INFO  opentitanlib::io::uart] set_flow_control to false
[63 / 64] 2 / 4 tests; Testing //test_hybrid_kem_otbn_prompt_ver1_1:test_hkdf_only_sim_verilator; 1s linux-sandbox
ÿI00001 test_rom.c:220] kBuildInfo: scm_revision=54697461
I00002 test_rom.c:277] Test ROM complete, jumping to NVM (addr: 30000480)!
I00001 ottf_main.c:175] Running test_hybrid_kem_otbn_prompt_ver1_1/ibex/test_hkdf_only.c
I00002 ottf_main.c:182] Enabling OTTF alert catcher
I00003 test_hkdf_only.c:227] Loading HKDF-HMAC-SHA3-256 OTBN app...
I00004 test_hkdf_only.c:378] Executing HKDF-HMAC-SHA3-256...
I00005 test_hkdf_only.c:417] HKDF cycles = 5311, total OTBN instructions = 3374
I00006 test_hkdf_only.c:474] HKDF-Extract PRK OK.
I00007 test_hkdf_only.c:495] HKDF-Expand OKM OK.
[2026-09-30T05:34:55Z INFO  opentitantool::command::console] ExitSuccess("PASS.\r\n")
[2026-09-30T05:34:55Z INFO  opentitantool] Command result: success.
[2026-09-30T05:34:55Z INFO  opentitantool] Command result: success.
[63 / 64] 2 / 4 tests; Testing //test_hybrid_kem_otbn_prompt_ver1_1:test_hkdf_only_sim_verilator; 276s linux-sandbox
I00008 test_hkdf_only.c:504] HKDF-HMAC-SHA3-256 standalone correctness PASS.Invoking test: sw/host/opentitantool/opentitantool --rcfile= --logging=info --interface=verilator --verilator-bin=hw/build.verilator_real/lowrisc_dv_top_earlgrey_chip_verilator_sim_0.1/sim-verilator/Vchip_sim_tb --verilator-rom=sw/device/lib/testing/test_rom/test_rom_sim_verilator.39.scr.vmem --verilator-otp=test_hybrid_kem_otbn_prompt_ver1_1/test_mlkem_keypair_only_sim_verilator.otp.rram.vmem --verilator-nvm=test_hybrid_kem_otbn_prompt_ver1_1/test_mlkem_keypair_only_sim_verilator.128.scr.vmem --exec=console --non-interactive --exit-success='PASS.*\n' --exit-failure='((FAIL|FAULT).*\n)|(BFV:[0-9a-f]{8})' no-op
[2026-09-30T05:34:56Z INFO  ot_transport_verilator::subprocess] CWD: Ok("/home/chy/.cache/bazel/_bazel_chy/a1af1973160c44cd5f2944f79a7d4d6e/sandbox/linux-sandbox/58/execroot/_main/bazel-out/k8-fastbuild-ST-1df456420242/bin/test_hybrid_kem_otbn_prompt_ver1_1/test_mlkem_keypair_only_sim_verilator.bash.runfiles/_main")
[2026-09-30T05:34:56Z INFO  ot_transport_verilator::subprocess] Spawning verilator: "hw/build.verilator_real/lowrisc_dv_top_earlgrey_chip_verilator_sim_0.1/sim-verilator/Vchip_sim_tb" "--meminit=rom0,sw/device/lib/testing/test_rom/test_rom_sim_verilator.39.scr.vmem --meminit=rram,test_hybrid_kem_otbn_prompt_ver1_1/test_mlkem_keypair_only_sim_verilator.128.scr.vmem --meminit=otp,test_hybrid_kem_otbn_prompt_ver1_1/test_mlkem_keypair_only_sim_verilator.otp.rram.vmem"
[2026-09-30T05:34:56Z INFO  ot_transport_verilator::subprocess::stdout] Simulation of OpenTitan Earl Grey
[2026-09-30T05:34:56Z INFO  ot_transport_verilator::subprocess::stdout] =================================
[2026-09-30T05:34:56Z INFO  ot_transport_verilator::subprocess::stdout] 
[2026-09-30T05:34:56Z INFO  ot_transport_verilator::subprocess::stdout] 
[2026-09-30T05:34:56Z INFO  ot_transport_verilator::subprocess::stdout] Tracing can be toggled by sending SIGUSR1 to this process:
[2026-09-30T05:34:56Z INFO  ot_transport_verilator::subprocess::stdout] $ kill -USR1 19
[2026-09-30T05:34:56Z INFO  ot_transport_verilator::subprocess::stdout] 
[2026-09-30T05:34:56Z INFO  ot_transport_verilator::subprocess::stdout]                    0GPIO: creating gpiodpi
[2026-09-30T05:34:56Z INFO  ot_transport_verilator::subprocess::stdout] 
[2026-09-30T05:34:56Z INFO  ot_transport_verilator::subprocess::stdout] GPIO: FIFO pipes created at /home/chy/.cache/bazel/_bazel_chy/a1af1973160c44cd5f2944f79a7d4d6e/sandbox/linux-sandbox/58/execroot/_main/bazel-out/k8-fastbuild-ST-1df456420242/bin/test_hybrid_kem_otbn_prompt_ver1_1/test_mlkem_keypair_only_sim_verilator.bash.runfiles/_main/gpio0-read (read) and /home/chy/.cache/bazel/_bazel_chy/a1af1973160c44cd5f2944f79a7d4d6e/sandbox/linux-sandbox/58/execroot/_main/bazel-out/k8-fastbuild-ST-1df456420242/bin/test_hybrid_kem_otbn_prompt_ver1_1/test_mlkem_keypair_only_sim_verilator.bash.runfiles/_main/gpio0-write (write) for 32-bit wide GPIO.
[2026-09-30T05:34:56Z INFO  ot_transport_verilator::subprocess::stdout] GPIO: To measure the values of the pins as driven by the device, run
[2026-09-30T05:34:56Z INFO  ot_transport_verilator::subprocess::stdout] $ cat /home/chy/.cache/bazel/_bazel_chy/a1af1973160c44cd5f2944f79a7d4d6e/sandbox/linux-sandbox/58/execroot/_main/bazel-out/k8-fastbuild-ST-1df456420242/bin/test_hybrid_kem_otbn_prompt_ver1_1/test_mlkem_keypair_only_sim_verilator.bash.runfiles/_main/gpio0-read  # '0' low, '1' high, 'X' floating
[2026-09-30T05:34:56Z INFO  ot_transport_verilator::subprocess::stdout] GPIO: To drive the pins, run a command like
[2026-09-30T05:34:56Z INFO  ot_transport_verilator::subprocess::stdout] $ echo 'h09 l31' > /home/chy/.cache/bazel/_bazel_chy/a1af1973160c44cd5f2944f79a7d4d6e/sandbox/linux-sandbox/58/execroot/_main/bazel-out/k8-fastbuild-ST-1df456420242/bin/test_hybrid_kem_otbn_prompt_ver1_1/test_mlkem_keypair_only_sim_verilator.bash.runfiles/_main/gpio0-write  # Pull the pin 9 high, and pin 31 low.
[2026-09-30T05:34:56Z INFO  ot_transport_verilator::subprocess::stdout] $ echo 'wh10' > /home/chy/.cache/bazel/_bazel_chy/a1af1973160c44cd5f2944f79a7d4d6e/sandbox/linux-sandbox/58/execroot/_main/bazel-out/k8-fastbuild-ST-1df456420242/bin/test_hybrid_kem_otbn_prompt_ver1_1/test_mlkem_keypair_only_sim_verilator.bash.runfiles/_main/gpio0-write  # Pull pin 10 high through a weak pull-up.
[2026-09-30T05:34:56Z INFO  ot_transport_verilator::subprocess::stdout] 
[2026-09-30T05:34:56Z INFO  ot_transport_verilator::subprocess::stdout] SPI: Created /dev/pts/0 for spi0. Connect to it with any terminal program, e.g.
[2026-09-30T05:34:56Z INFO  ot_transport_verilator::subprocess::stdout] $ screen /dev/pts/0
[2026-09-30T05:34:56Z INFO  ot_transport_verilator::subprocess::stdout] NOTE: a SPI transaction is run for every 4 characters entered.
[2026-09-30T05:34:56Z INFO  ot_transport_verilator::subprocess::stdout] SPI: Monitor output file created at /home/chy/.cache/bazel/_bazel_chy/a1af1973160c44cd5f2944f79a7d4d6e/sandbox/linux-sandbox/58/execroot/_main/bazel-out/k8-fastbuild-ST-1df456420242/bin/test_hybrid_kem_otbn_prompt_ver1_1/test_mlkem_keypair_only_sim_verilator.bash.runfiles/_main/spi0.log. Works well with tail:
[2026-09-30T05:34:56Z INFO  ot_transport_verilator::subprocess::stdout] $ tail -f /home/chy/.cache/bazel/_bazel_chy/a1af1973160c44cd5f2944f79a7d4d6e/sandbox/linux-sandbox/58/execroot/_main/bazel-out/k8-fastbuild-ST-1df456420242/bin/test_hybrid_kem_otbn_prompt_ver1_1/test_mlkem_keypair_only_sim_verilator.bash.runfiles/_main/spi0.log
[2026-09-30T05:34:56Z INFO  ot_transport_verilator::subprocess::stdout] 
[2026-09-30T05:34:56Z INFO  ot_transport_verilator::subprocess::stdout] USBDPI: Monitor output file created at /home/chy/.cache/bazel/_bazel_chy/a1af1973160c44cd5f2944f79a7d4d6e/sandbox/linux-sandbox/58/execroot/_main/bazel-out/k8-fastbuild-ST-1df456420242/bin/test_hybrid_kem_otbn_prompt_ver1_1/test_mlkem_keypair_only_sim_verilator.bash.runfiles/_main/usb0.log. Works well with tail:
[2026-09-30T05:34:56Z INFO  ot_transport_verilator::subprocess::stdout] $ tail -f /home/chy/.cache/bazel/_bazel_chy/a1af1973160c44cd5f2944f79a7d4d6e/sandbox/linux-sandbox/58/execroot/_main/bazel-out/k8-fastbuild-ST-1df456420242/bin/test_hybrid_kem_otbn_prompt_ver1_1/test_mlkem_keypair_only_sim_verilator.bash.runfiles/_main/usb0.log
[2026-09-30T05:34:56Z INFO  ot_transport_verilator::subprocess::stdout] No UARTDPI_LOG_uart0 plusarg found.
[2026-09-30T05:34:56Z INFO  ot_transport_verilator::subprocess::stdout] 
[2026-09-30T05:34:56Z INFO  ot_transport_verilator::subprocess::stdout] UART: Created /dev/pts/1 for uart0. Connect to it with any terminal program, e.g.
[2026-09-30T05:34:56Z INFO  ot_transport_verilator::subprocess::stdout] $ screen /dev/pts/1
[2026-09-30T05:34:56Z INFO  ot_transport_verilator::subprocess::stdout] UART: Additionally writing all UART output to 'uart0.log'.
[2026-09-30T05:34:56Z INFO  ot_transport_verilator::subprocess::stdout] 
[2026-09-30T05:34:56Z INFO  ot_transport_verilator::subprocess::stdout] JTAG: Virtual JTAG interface dmi0 is listening on port 44853. Use
[2026-09-30T05:34:56Z INFO  ot_transport_verilator::subprocess::stdout] OpenOCD and the following configuration to connect:
[2026-09-30T05:34:56Z INFO  ot_transport_verilator::subprocess::stdout]   interface remote_bitbang
[2026-09-30T05:34:56Z INFO  ot_transport_verilator::subprocess::stdout]   remote_bitbang_host localhost
[2026-09-30T05:34:56Z INFO  ot_transport_verilator::subprocess::stdout]   remote_bitbang_port 44853
[2026-09-30T05:34:56Z INFO  ot_transport_verilator::subprocess::stdout] 
[2026-09-30T05:34:56Z INFO  ot_transport_verilator::subprocess::stdout] Simulation running, end by pressing CTRL-c.
[2026-09-30T05:34:56Z INFO  ot_transport_verilator::subprocess::stdout] 
[2026-09-30T05:34:56Z INFO  ot_transport_verilator::transport] Verilator started with the following interfaces:
[2026-09-30T05:34:56Z INFO  ot_transport_verilator::transport] gpio_read = /home/chy/.cache/bazel/_bazel_chy/a1af1973160c44cd5f2944f79a7d4d6e/sandbox/linux-sandbox/58/execroot/_main/bazel-out/k8-fastbuild-ST-1df456420242/bin/test_hybrid_kem_otbn_prompt_ver1_1/test_mlkem_keypair_only_sim_verilator.bash.runfiles/_main/gpio0-read
[2026-09-30T05:34:56Z INFO  ot_transport_verilator::transport] gpio_write = /home/chy/.cache/bazel/_bazel_chy/a1af1973160c44cd5f2944f79a7d4d6e/sandbox/linux-sandbox/58/execroot/_main/bazel-out/k8-fastbuild-ST-1df456420242/bin/test_hybrid_kem_otbn_prompt_ver1_1/test_mlkem_keypair_only_sim_verilator.bash.runfiles/_main/gpio0-write
[2026-09-30T05:34:56Z INFO  ot_transport_verilator::transport] uart = /dev/pts/1
[2026-09-30T05:34:56Z INFO  ot_transport_verilator::transport] spi = /dev/pts/0
[2026-09-30T05:34:56Z WARN  opentitanlib::app] Could not read UART parity to check it is None
[2026-09-30T05:34:56Z INFO  opentitanlib::io::uart] set_flow_control to false
[64 / 65] 3 / 4 tests; Testing //test_hybrid_kem_otbn_prompt_ver1_1:test_mlkem_keypair_only_sim_verilator; 1s linux-sandbox
ÿI00001 test_rom.c:220] kBuildInfo: scm_revision=54697461
I00002 test_rom.c:277] Test ROM complete, jumping to NVM (addr: 30000480)!
I00001 ottf_main.c:175] Running test_hybrid_kem_otbn_prompt_ver1_1/ibex/test_mlkem_keypair_only.c
I00002 ottf_main.c:182] Enabling OTTF alert catcher
I00003 test_mlkem_keypair_only.c:36] Load mlkem768_keypair...
I00004 test_mlkem_keypair_only.c:39] Write coins...
I00005 test_mlkem_keypair_only.c:43] Execute...
I00006 test_mlkem_keypair_only.c:50] mlkem768_keypair cycles: 139563, OTBN insn_cnt: 97301
I00007 ottf_main.c:114] Finished test_hybrid_kem_otbn_prompt_ver1_1/ibex/test_mlkem_keypair_only.c
I00008 status.c:37] PASS!
[2026-09-30T05:40:32Z INFO  opentitantool::command::console] ExitSuccess("PASS!\r\n")
[2026-09-30T05:40:32Z INFO  opentitantool] Command result: success.
[2026-09-30T05:40:32Z INFO  opentitantool] Command result: success.
[64 / 65] 3 / 4 tests; Testing //test_hybrid_kem_otbn_prompt_ver1_1:test_mlkem_keypair_only_sim_verilator; 336s linux-sandbox
INFO: Found 4 test targets...
INFO: Elapsed time: 1313.497s, Critical Path: 361.52s
INFO: 21 processes: 44 action cache hit, 1 internal, 20 linux-sandbox.
INFO: Build completed successfully, 21 total actions
//test_hybrid_kem_otbn_prompt_ver1_1:test_hkdf_only_sim_verilator        PASSED in 276.3s
//test_hybrid_kem_otbn_prompt_ver1_1:test_mlkem_decap_only_sim_verilator PASSED in 360.9s
//test_hybrid_kem_otbn_prompt_ver1_1:test_mlkem_encap_only_sim_verilator PASSED in 338.1s
//test_hybrid_kem_otbn_prompt_ver1_1:test_mlkem_keypair_only_sim_verilator PASSED in 336.4s

Executed 4 out of 4 tests: 4 tests pass.
There were tests whose specified size is too big. Use the --test_verbose_timeout_warnings command line option to see which ones these are.
