# P6 Step 9：新指令逐实例 (stall, fetch) 固定性（判据 = 单一键）

目标帧 = **帧内含本版 `bn.p256mul`** 的帧；新指令由 `E` 行的**指令字解码**判定（`sim.decode`，与 ISS 同一份指令表）⇒ 不依赖 ELF/符号表。

## ① RTL 真机逐帧（`otbn_top_sim` 的 E/S 记录；该次运行 RTL↔ISS 对拍无分歧）

- 数据源 `p5_ecdh_trace_es.txt`：1 个会话，351,638 条 E/S 记录（ΣE=91,795、ΣS=259,843）；新指令实例 **9,599** 条，出现在 1 个 PC：`0x1a4 ×9599`

### serial（28 拍调度；29 拍/次含 return 取指气泡） —— 目标帧形态

| (retired, exec_stall, fetch_gap, span) | 帧数 |
|---|---:|
| (2, 27, 1, 30) | 9,599 |

- 动态实例数：**9,599**；取值集合：**[(2, 27, 1, 30)]** ⇒ **单一键 ✓**

- 记录数自证：ΣE + ΣS = 351,638，文件记录数 351,638 ⇒ **一致 ✓**

- 数据源 `p5_ecdh_trace_es_overlap.txt`：1 个会话，294,044 条 E/S 记录（ΣE=91,795、ΣS=202,249）；新指令实例 **9,599** 条，出现在 1 个 PC：`0x1a4 ×9599`

### overlap（22 拍调度） —— 目标帧形态

| (retired, exec_stall, fetch_gap, span) | 帧数 |
|---|---:|
| (2, 21, 1, 24) | 9,599 |

- 动态实例数：**9,599**；取值集合：**[(2, 21, 1, 24)]** ⇒ **单一键 ✓**

- 记录数自证：ΣE + ΣS = 294,044，文件记录数 294,044 ⇒ **一致 ✓**

## ② 程序级闭合（两模式之差 = 实例数 × 每次省下的 6 拍）

- 事件数差 = **57,594**；实例数 9,599 × 6 = **57,594** ⇒ **一致 ✓**
- 每帧 `exec_stall` 差 = [27] → [21] ⇒ 应为 27 − 21 = 6 ⇒ **一致 ✓**

## ③ 设备侧形态分布（chip sim + 真 Ibex；`p5_device_evidence.ver1_2.txt`）

| 列 | 行数 | 取值集合 | 判据 |
|---|---:|---|---|
| `err` | 38,371 | `err=0` | 单一键 ✓ |
| `micro_mul` | 38,371 | `micro_mul=16` | 单一键 ✓ |
| `overlap` | 38,371 | `overlap=0` | 单一键 ✓ |
| `rows` | 38,371 | `rows=27` | 单一键 ✓ |
| `wb` | 38,371 | `wb=1` | 单一键 ✓ |

- 每列**各自单一键**（`rows=27` 即每实例固定 27 拍、`err=0`、`wb=1`、`micro_mul=16`、`overlap=0`）⇒ **单键 ✓**

## ④ 旧实现对照（P0 冻结：`frames_p256.csv` 的 `mul_modp` 帧形态）

### 旧实现 `mul_modp` 逐帧（官方软件，串行 MAC）

| (retired, exec_stall, fetch_gap, span) | 帧数 |
|---|---:|
| (53, 0, 1, 54) | 38,390 |

- 动态实例数：**38,390**；取值集合：**[(53, 0, 1, 54)]** ⇒ **单一键 ✓**

- 对照含义：旧实现每帧 **53 退休 + 0 停滞 + 1 取指空档 = 54 拍**（单键）；本版把它压成 `bn.p256mul` 的一条多周期指令 —— 新指令自身的 `(stall, fetch)` 仍须单键（①③），这才是 §14.3 的判据。

## 判据与声明边界（PDF §14.3 原文三层，分开报、不得混谈）

1. **新指令/函数的固定性**：①③ 每列都是**单一键** —— 确定性判据，比统计检验更早、更便宜。
2. **另报告外设/协议时间分布**：本步只做「新指令在**相同 fetch 条件**下是否固定」；协议/外设的时间分布属另一层，见 `host/protocol_ver1_2.log` 的 `HKEM_PROF` 分段。
3. **声明范围**：本文**不声称**侧信道抵抗 —— 固定周期只保证状态数/地址不依赖秘密，**不**等于抗功耗/抗故障；也未做泄漏分析或攻击评估。清理（清零）路径的切换泄漏同理未评估。

**总判定：全部单一键 ✓**
